12-29 12:09:28.410 E/QCameraHWI_Parm(  235): bool android::QCameraHardwareInterface::native_set_parms(mm_camera_parm_type_t, uint16_t, void*) : type : 81 Value : 0
12-29 12:09:28.410 E/mm-camera(  308): config_proc_CAMERA_SET_LOW_POWER_MODE Low power mode enabled? : No 
12-29 12:09:28.410 E/QCameraHWI_Parm(  235): ################requested preview size 640 x 480
12-29 12:09:28.410 E/QCameraHWI_Parm(  235): setPreviewSize:  width: 640   heigh: 480
12-29 12:09:28.410 E/QCameraHWI_Parm(  235): android::status_t android::QCameraHardwareInterface::setVideoSize(const android::CameraParameters&): E
12-29 12:09:28.410 I/QCameraHWI_Parm(  235): android::status_t android::QCameraHardwareInterface::setVideoSize(const android::CameraParameters&): requested record size 1280x720
12-29 12:09:28.410 E/QCameraHWI_Parm(  235): android::status_t android::QCameraHardwareInterface::setVideoSize(const android::CameraParameters&): preview dimensions: 640x480
12-29 12:09:28.420 E/QCameraHWI_Parm(  235): android::status_t android::QCameraHardwareInterface::setVideoSize(const android::CameraParameters&): video dimensions: 1280x720
12-29 12:09:28.420 E/QCameraHWI_Parm(  235): android::status_t android::QCameraHardwareInterface::setVideoSize(const android::CameraParameters&): E
12-29 12:09:28.420 E/QCameraHWI_Parm(  235): QualcommCameraHardware::setPictureSize E
12-29 12:09:28.420 E/QCameraHWI_Parm(  235): requested picture size 640 x 480
12-29 12:09:28.420 E/QCameraHWI_Parm(  235): requested jpeg thumbnail size 512 x 384
12-29 12:09:28.420 E/QCameraHWI_Parm(  235): setJpegQuality E
12-29 12:09:28.420 E/QCameraHWI_Parm(  235): setJpegQuality X
12-29 12:09:28.420 E/QCameraHWI_Parm(  235): android::status_t android::QCameraHardwareInterface::setEffect(const android::CameraParameters&)
12-29 12:09:28.420 E/QCameraHWI_Parm(  235): Setting effect none
12-29 12:09:28.420 E/QCameraHWI_Parm(  235): Setting effect to lower HAL : 0
12-29 12:09:28.420 E/QCameraHWI_Parm(  235): native_set_parms: succeeded : 0
12-29 12:09:28.420 E/QCameraHWI_Parm(  235): android::status_t android::QCameraHardwareInterface::setSceneMode(const android::CameraParameters&)
12-29 12:09:28.420 E/QCameraHWI_Parm(  235): Scene Mode string : auto
12-29 12:09:28.420 E/QCameraHWI_Parm(  235): Setting Scenemode value = 0
12-29 12:09:28.420 E/QCameraHWI_Parm(  235): bool android::QCameraHardwareInterface::native_set_parms(mm_camera_parm_type_t, uint16_t, void*) : type : 25 Value : 0
12-29 12:09:28.420 E/QCameraHWI_Parm(  235): android::status_t android::QCameraHardwareInterface::setWhiteBalance(const android::CameraParameters&)
12-29 12:09:28.420 E/mm-camera(  308): config_proc_CAMERA_SET_PARM_WB: WB 1
12-29 12:09:28.420 E/mm-camera(  308): config_proc_set_wb: WB 1 0.000000 0.000000 0.000000
12-29 12:09:28.420 E/QCameraHWI_Parm(  235): native_set_parms: succeeded : 0
12-29 12:09:28.420 E/QCameraHWI_Parm(  235): setGpsLocation X
12-29 12:09:28.420 E/QCameraHWI_Parm(  235): setRotation
12-29 12:09:28.420 E/QCameraHWI_Parm(  235): android::status_t android::QCameraHardwareInterface::setZoom(const android::CameraParameters&): E
12-29 12:09:28.420 E/QCameraHWI_Parm(  235): bool android::QCameraHardwareInterface::native_set_parms(mm_camera_parm_type_t, uint16_t, void*) : type : 26 Value : 0
12-29 12:09:28.420 E/QCameraHWI_Parm(  235): android::status_t android::QCameraHardwareInterface::setZoom(const android::CameraParameters&) X
12-29 12:09:28.420 E/QCameraHWI_Parm(  235): bool android::QCameraHardwareInterface::native_set_parms(mm_camera_parm_type_t, uint16_t, void*) : type : 16 Value : 5889
12-29 12:09:28.420 E/QCameraHWI_Parm(  235): android::status_t android::QCameraHardwareInterface::setMCEValue(const android::CameraParameters&)
12-29 12:09:28.420 I/QCameraHWI_Parm(  235): setMCEValue: setting MCE value of enable
12-29 12:09:28.420 E/QCameraHWI_Parm(  235): bool android::QCameraHardwareInterface::native_set_parms(mm_camera_parm_type_t, uint16_t, void*) : type : 46 Value : 1
12-29 12:09:28.420 E/QCameraHWI_Parm(  235): android::status_t android::QCameraHardwareInterface::setSharpness(const android::CameraParameters&)
12-29 12:09:28.420 E/QCameraHWI_Parm(  235): bool android::QCameraHardwareInterface::native_set_parms(mm_camera_parm_type_t, uint16_t, void*) : type : 9 Value : 10
12-29 12:09:28.420 E/QCameraHWI_Parm(  235): android::status_t android::QCameraHardwareInterface::setSaturation(const android::CameraParameters&)
12-29 12:09:28.420 E/QCameraHWI_Parm(  235): android::status_t android::QCameraHardwareInterface::setSaturation(const android::CameraParameters&):MM_CAMERA_PARM_SATURATION not supported
12-29 12:09:28.420 E/QCameraHWI_Parm(  235): android::status_t android::QCameraHardwareInterface::setContrast(const android::CameraParameters&) E
12-29 12:09:28.420 E/QCameraHWI_Parm(  235): Contrast : auto
12-29 12:09:28.420 E/QCameraHWI_Parm(  235): Calling Contrast set on Lower layer
12-29 12:09:28.420 E/QCameraHWI_Parm(  235): bool android::QCameraHardwareInterface::native_set_parms(mm_camera_parm_type_t, uint16_t, void*) : type : 10 Value : 5
12-29 12:09:28.420 E/QCameraHWI_Parm(  235): Lower layer returned 1
12-29 12:09:28.420 E/QCameraHWI_Parm(  235): setFaceDetect: off
12-29 12:09:28.420 E/QCameraHWI_Parm(  235): android::status_t android::QCameraHardwareInterface::setFaceDetect(const android::CameraParameters&) Face detection value = 0
12-29 12:09:28.420 E/QCameraHWI_Parm(  235): bool android::QCameraHardwareInterface::native_set_parms(mm_camera_parm_type_t, uint16_t, void*) : type : 30 Value : 0
12-29 12:09:28.430 E/QCameraHWI_Parm(  235): bool android::QCameraHardwareInterface::native_set_parms(mm_camera_parm_type_t, uint16_t, void*) : type : 54 Value : 1
12-29 12:09:28.430 I/QCameraHWI_Parm(  235): Setting preview format to 1, i =0, num=4, hal_format=17
12-29 12:09:28.430 E/QCameraHWI_Parm(  235): android::status_t android::QCameraHardwareInterface::setSkinToneEnhancement(const android::CameraParameters&)
12-29 12:09:28.430 E/QCameraHWI_Parm(  235): android::status_t android::QCameraHardwareInterface::setWaveletDenoise(const android::CameraParameters&)
12-29 12:09:28.430 E/QCameraHWI_Parm(  235): android::status_t android::QCameraHardwareInterface::setAntibanding(const android::CameraParameters&)
12-29 12:09:28.430 E/QCameraHWI_Parm(  235): Antibanding Value : 3
12-29 12:09:28.430 E/mm-camera(  308): config_proc_CAMERA_ENABLE_AFD: X status 1 rc 1
12-29 12:09:28.430 E/QCameraHWI_Parm(  235): native_set_parms: succeeded : 0
12-29 12:09:28.430 I/QCameraHWI_Parm(  235): setRedeyeReduction: setting Redeye Reduction value of disable
12-29 12:09:28.430 E/QCameraHWI_Parm(  235): bool android::QCameraHardwareInterface::native_set_parms(mm_camera_parm_type_t, uint16_t, void*) : type : 50 Value : 0
12-29 12:09:28.430 I/QCameraHWI_Parm(  235): int android::QCameraHardwareInterface::getNumOfSnapshots(const android::CameraParameters&): prop enable/disable = 0
12-29 12:09:28.430 I/QCameraHWI_Parm(  235): number of snapshots = 1
12-29 12:09:28.430 E/QCameraHWI_Parm(  235): bool android::QCameraHardwareInterface::native_set_parms(mm_camera_parm_type_t, uint16_t, void*) : type : 63 Value : 1
12-29 12:09:28.430 E/QCameraHWI_Parm(  235): bool android::QCameraHardwareInterface::native_set_parms(mm_camera_parm_type_t, uint16_t, void*) : type : 67 Value : 0
12-29 12:09:28.430 E/QCameraHWI_Parm(  235): android::status_t android::QCameraHardwareInterface::setPreviewFpsRange(const android::CameraParameters&): Existing FpsRange Values:(5000, 30000)
12-29 12:09:28.430 E/QCameraHWI_Parm(  235): android::status_t android::QCameraHardwareInterface::setPreviewFpsRange(const android::CameraParameters&): Requested FpsRange Values:(5000, 30000)
12-29 12:09:28.430 E/QCameraHWI_Parm(  235): FPS: i=0 : minFps = 5000, maxFps = 30000 
12-29 12:09:28.430 E/QCameraHWI_Parm(  235): android::status_t android::QCameraHardwareInterface::setPreviewFpsRange(const android::CameraParameters&) FPS_MODE = frame-rate-auto
12-29 12:09:28.430 E/QCameraHWI_Parm(  235): bool android::QCameraHardwareInterface::native_set_parms(mm_camera_parm_type_t, uint16_t, void*) : type : 5 Value : 0
12-29 12:09:28.430 E/mm-camera(  308): config_proc_CAMERA_SET_FPS_MODE: sensor mode =9
12-29 12:09:28.430 E/QCameraHWI_Parm(  235): bool android::QCameraHardwareInterface::native_set_parms(mm_camera_parm_type_t, uint16_t, void*) : type : 4 Value : 327710
12-29 12:09:28.430 I/QCameraHWI_Parm(  235): android::status_t android::QCameraHardwareInterface::setDISMode() DIS is Disabled value = 0
12-29 12:09:28.430 E/QCameraHWI_Parm(  235): bool android::QCameraHardwareInterface::native_set_parms(mm_camera_parm_type_t, uint16_t, void*) : type : 75 Value : 0
12-29 12:09:28.430 E/mm-camera(  308): config_proc_CAMERA_SET_DIS_ENABLE: DIS Enabled? : No 
12-29 12:09:28.430 E/QCameraHWI_Parm(  235): native_set_parms failed: type 75 length 4 error Operation not permitted
12-29 12:09:28.430 I/QCameraHWI_Parm(  235): android::status_t android::QCameraHardwareInterface::setFullLiveshot() Full size liveshot Disabled value = 0
12-29 12:09:28.430 E/QCameraHWI_Parm(  235): bool android::QCameraHardwareInterface::native_set_parms(mm_camera_parm_type_t, uint16_t, void*) : type : 74 Value : 0
12-29 12:09:28.430 E/mm-camera(  308): config_proc_CAMERA_SET_FULL_LIVESHOT rc = 1, status = 1, Full Liveshot enabled? : No 
12-29 12:09:28.430 E/QCameraHWI_Parm(  235): bool android::QCameraHardwareInterface::native_set_parms(mm_camera_parm_type_t, uint16_t, void*) : type : 76 Value : 0
12-29 12:09:28.430 E/QCameraHWI_Parm(  235): bool android::QCameraHardwareInterface::native_set_parms(mm_camera_parm_type_t, uint16_t, void*) : type : 77 Value : 0
12-29 12:09:28.430 E/QCameraHWI_Parm(  235): android::status_t android::QCameraHardwareInterface::setPreviewFrameRate(const android::CameraParameters&): E
12-29 12:09:28.430 E/QCameraHWI_Parm(  235): android::status_t android::QCameraHardwareInterface::setPreviewFrameRate(const android::CameraParameters&): X
12-29 12:09:28.430 E/QCameraHWI_Parm(  235): android::status_t android::QCameraHardwareInterface::setAutoExposure(const android::CameraParameters&)
12-29 12:09:28.430 E/QCameraHWI_Parm(  235): bool android::QCameraHardwareInterface::native_set_parms(mm_camera_parm_type_t, uint16_t, void*) : type : 8 Value : 1
12-29 12:09:28.430 E/QCameraHWI_Parm(  235): android::status_t android::QCameraHardwareInterface::setExposureCompensation(const android::CameraParameters&)
12-29 12:09:28.440 E/QCameraHWI_Parm(  235): bool android::QCameraHardwareInterface::native_set_parms(mm_camera_parm_type_t, uint16_t, void*) : type : 7 Value : 3
12-29 12:09:28.440 I/QCameraHWI_Parm(  235): android::status_t android::QCameraHardwareInterface::setFlash(const android::CameraParameters&): E
12-29 12:09:28.440 E/QCameraHWI_Parm(  235): android::status_t android::QCameraHardwareInterface::setFlash(const android::CameraParameters&):LED FLASH not supported
12-29 12:09:28.440 E/QCameraHWI_Parm(  235): updateFocusDistances: setting KEY_FOCUS_DISTANCES as 0.200000,0.500000,Infinity
12-29 12:09:28.440 E/QCameraHWI_Parm(  235): android::status_t android::QCameraHardwareInterface::setBrightness(const android::CameraParameters&)
12-29 12:09:28.440 E/QCameraHWI_Parm(  235): bool android::QCameraHardwareInterface::native_set_parms(mm_camera_parm_type_t, uint16_t, void*) : type : 12 Value : 3
12-29 12:09:28.440 E/QCameraHWI_Parm(  235): android::status_t android::QCameraHardwareInterface::setISOValue(const android::CameraParameters&)
12-29 12:09:28.440 E/QCameraHWI_Parm(  235): ISO string : auto
12-29 12:09:28.440 E/QCameraHWI_Parm(  235): ISO Value : 0
12-29 12:09:28.440 E/QCameraHWI_Parm(  235): bool android::QCameraHardwareInterface::native_set_parms(mm_camera_parm_type_t, uint16_t, void*) : type : 22 Value : 0
12-29 12:09:28.440 E/QCameraHWI_Parm(  235): android::status_t android::QCameraHardwareInterface::setFocusAreas(const android::CameraParameters&): E
12-29 12:09:28.440 E/QCameraHWI_Parm(  235): android::status_t android::QCameraHardwareInterface::setMeteringAreas(const android::CameraParameters&): E
12-29 12:09:28.440 E/QCameraHWI_Parm(  235): android::status_t android::QCameraHardwareInterface::setSelectableZoneAf(const android::CameraParameters&)
12-29 12:09:28.440 E/QCameraHWI_Parm(  235): bool android::QCameraHardwareInterface::native_set_parms(mm_camera_parm_type_t, uint16_t, void*) : type : 49 Value : 1
12-29 12:09:28.440 I/QCameraHWI_Parm(  235): android::status_t android::QCameraHardwareInterface::setZSLBurstLookBack(const android::CameraParameters&): look_back =0
12-29 12:09:28.440 I/QCameraHWI_Parm(  235): android::status_t android::QCameraHardwareInterface::setZSLBurstInterval(const android::CameraParameters&): Interval =1
12-29 12:09:28.440 I/QCameraHWI_Parm(  235): android::status_t android::QCameraHardwareInterface::setParameters(const android::CameraParameters&): X
12-29 12:09:28.440 I/QCameraHWI_Parm(  235): void android::QCameraHardwareInterface::initDefaultParameters(): X
12-29 12:09:28.440 E/QCameraHWI(  235): Mymode Preview = 5
12-29 12:09:28.440 E/QCameraHWI_Preview(  235): android::QCameraStream_preview::QCameraStream_preview(int, camera_mode_t): E
12-29 12:09:28.440 E/QCameraHWI_Preview(  235): android::QCameraStream_preview::QCameraStream_preview(int, camera_mode_t): X
12-29 12:09:28.440 V/hardware/qcom/camera/QCameraStream.cpp(  235): QCameraStream::initChannel : E
12-29 12:09:28.440 V/hardware/qcom/camera/QCameraStream.cpp(  235): virtual android::status_t android::QCameraStream::initChannel(int, uint32_t):ch_acquire MM_CAMERA_CH_PREVIEW, rc=0
12-29 12:09:28.440 V/hardware/qcom/camera/QCameraStream.cpp(  235): virtual android::status_t android::QCameraStream::initChannel(int, uint32_t): X, ret = 0
12-29 12:09:28.440 E/QCameraHWI_Preview(  235): Debug : virtual android::status_t android::QCameraStream_preview::init() : initChannel
12-29 12:09:28.440 E/mm-camera(  235): mm_camera_ch_util_reg_buf_cb: Trying to register
12-29 12:09:28.440 E/mm-camera(  235): mm_camera_ch_util_reg_buf_cb: Done register
12-29 12:09:28.440 E/QCameraHWI_Preview(  235): Debug : virtual android::status_t android::QCameraStream_preview::init() : cam_evt_register_buf_notify
12-29 12:09:28.440 E/QCameraHWI(  235): Mymode Record = 5
12-29 12:09:28.440 V/hardware/qcom/camera/QCameraStream.cpp(  235): QCameraStream::initChannel : E
12-29 12:09:28.440 V/hardware/qcom/camera/QCameraStream.cpp(  235): virtual android::status_t android::QCameraStream::initChannel(int, uint32_t):ch_acquire MM_CAMERA_CH_VIDEO, rc=0
12-29 12:09:28.440 V/hardware/qcom/camera/QCameraStream.cpp(  235): virtual android::status_t android::QCameraStream::initChannel(int, uint32_t): X, ret = 0
12-29 12:09:28.440 E/mm-camera(  235): mm_camera_ch_util_reg_buf_cb: Trying to register
12-29 12:09:28.440 E/mm-camera(  235): mm_camera_ch_util_reg_buf_cb: Done register
12-29 12:09:28.440 E/QCameraHWI(  235): Mymode Snap = 5
12-29 12:09:28.440 V/QCameraHWI_Still(  235): android::QCameraStream_Snapshot::QCameraStream_Snapshot(int, camera_mode_t): E
12-29 12:09:28.440 I/mm-still-omx(  235): OMX_GetHandle: E
12-29 12:09:28.440 I/mm-still-omx(  235): getLibName: cnt =0 componentName=OMX.qcom.image.jpeg.encoder, libName=libimage-jpeg-enc-omx-comp.so
12-29 12:09:28.440 I/mm-still-omx(  235): getLibName: libName=libimage-jpeg-enc-omx-comp.so
12-29 12:09:28.440 I/mm-still-omx(  235): OMX_GetHandle: dlopen for libimage-jpeg-enc-omx-comp.so is successful.
12-29 12:09:28.440 I/mm-still-omx(  235): here address is 0x417bc119 
12-29 12:09:28.440 I/mm-still-omx(  235): OMX_GetHandle: dlopen for libimage-jpeg-enc-omx-comp.so is successful.
12-29 12:09:28.440 V/QCameraHWI_Still(  235): android::QCameraStream_Snapshot::QCameraStream_Snapshot(int, camera_mode_t): X
12-29 12:09:28.440 V/QCameraHWI_Still(  235): virtual android::status_t android::QCameraStream_Snapshot::init(): E
12-29 12:09:28.440 V/QCameraHWI_Still(  235): virtual android::status_t android::QCameraStream_Snapshot::init(): X
12-29 12:09:28.440 I/QCameraHWI(  235): QCameraHardwareInterface: X
12-29 12:09:28.440 E/QCameraHWI(  235): isCameraReady mCameraState 1
12-29 12:09:28.440 E/QualcommCamera(  235): int android::camera_device_open(const hw_module_t*, const char*, hw_device_t**):  end rc 0
12-29 12:09:28.440 E/QualcommCamera(  235): Qvoid android::set_CallBacks(camera_device*, void (*)(int32_t, int32_t, int32_t, void*), void (*)(int32_t, const camera_memory_t*, unsigned int, camera_frame_metadata_t*, void*), void (*)(int64_t, int32_t, const camera_memory_t*, unsigned int, void*), camera_memory_t* (*)(int, size_t, unsigned int, void*), void*): E
12-29 12:09:28.440 E/QCameraHWI(  235): setCallbacks: E
12-29 12:09:28.440 I/QCameraHWI(  235): setCallbacks: X
12-29 12:09:28.440 I/QCameraHWI(  235): enableMsgType: E, msgType =0xd
12-29 12:09:28.440 I/QCameraHWI(  235): enableMsgType: X, msgType =0xd, mMsgEnabled=0xd
12-29 12:09:28.490 E/OMXCodec(  235): Attempting to allocate OMX node 'OMX.google.vorbis.decoder'
12-29 12:09:28.490 E/OMXCodec(  235): Successfully allocated OMX node 'OMX.google.vorbis.decoder'
12-29 12:09:28.500 E/OMXCodec(  235): Attempting to allocate OMX node 'OMX.google.vorbis.decoder'
12-29 12:09:28.500 E/OMXCodec(  235): Successfully allocated OMX node 'OMX.google.vorbis.decoder'
12-29 12:09:28.500 I/com.google.android.testing.nativedriver.server.ActivitiesReporter(24312): Activity resuming of type: jp.saka.camera.CameraPreviewActivity
12-29 12:09:28.510 V/PhoneStatusBar(  705): setLightsOn(true)
12-29 12:09:28.520 E/msm8960.hwcomposer(  232): Avoid call perform==NULL: EVENT_RESET_POSTBUFFER
12-29 12:09:28.520 E/msm8960.hwcomposer(  232): Avoid call perform==NULL EVENT_WAIT_POSTBUFFER
12-29 12:09:28.520 D/sakalog (24312): Camera preview surface created.
12-29 12:09:28.520 D/sakalog (24312): Camera preview surface changed. format=4 width=240 height=320
12-29 12:09:28.520 V/Camera  (24312): stopPreview
12-29 12:09:28.520 E/QualcommCamera(  235): Qvoid android::disable_msg_type(camera_device*, int32_t): E
12-29 12:09:28.520 I/QCameraHWI(  235): disableMsgType: E
12-29 12:09:28.520 I/QCameraHWI(  235): disableMsgType: X, msgType =0x400, mMsgEnabled=0xd
12-29 12:09:28.520 E/QualcommCamera(  235): Qvoid android::disable_msg_type(camera_device*, int32_t): E
12-29 12:09:28.520 I/QCameraHWI(  235): disableMsgType: E
12-29 12:09:28.520 I/QCameraHWI(  235): disableMsgType: X, msgType =0x10, mMsgEnabled=0xd
12-29 12:09:28.520 E/QualcommCamera(  235): Qvoid android::stop_preview(camera_device*): E
12-29 12:09:28.520 I/QCameraHWI(  235): void android::QCameraHardwareInterface::stopPreview(): stopPreview: E
12-29 12:09:28.520 E/QCameraHWI_Parm(  235): bool android::QCameraHardwareInterface::native_set_parms(mm_camera_parm_type_t, uint16_t, void*) : type : 72 Value : 0
12-29 12:09:28.520 E/mm-camera(  308): config_proc_CAMERA_SET_RECORDING_HINT Current usecase : Camera 
12-29 12:09:28.520 I/QCameraHWI_Parm(  235): android::status_t android::QCameraHardwareInterface::setDISMode() DIS is Disabled value = 0
12-29 12:09:28.520 E/QCameraHWI_Parm(  235): bool android::QCameraHardwareInterface::native_set_parms(mm_camera_parm_type_t, uint16_t, void*) : type : 75 Value : 0
12-29 12:09:28.520 E/mm-camera(  308): config_proc_CAMERA_SET_DIS_ENABLE: DIS Enabled? : No 
12-29 12:09:28.520 E/QCameraHWI_Parm(  235): native_set_parms failed: type 75 length 4 error Operation not permitted
12-29 12:09:28.520 I/QCameraHWI_Parm(  235): android::status_t android::QCameraHardwareInterface::setFullLiveshot() Full size liveshot Disabled value = 0
12-29 12:09:28.520 E/QCameraHWI_Parm(  235): bool android::QCameraHardwareInterface::native_set_parms(mm_camera_parm_type_t, uint16_t, void*) : type : 74 Value : 0
12-29 12:09:28.520 E/mm-camera(  308): config_proc_CAMERA_SET_FULL_LIVESHOT rc = 1, status = 1, Full Liveshot enabled? : No 
12-29 12:09:28.520 I/QCameraHWI(  235): stopPreview: X, mPreviewState = 0
12-29 12:09:28.520 V/Camera  (24312): setPreviewCallbackFlags
12-29 12:09:28.520 E/QualcommCamera(  235): Qvoid android::disable_msg_type(camera_device*, int32_t): E
12-29 12:09:28.520 I/QCameraHWI(  235): disableMsgType: E
12-29 12:09:28.520 I/QCameraHWI(  235): disableMsgType: X, msgType =0x10, mMsgEnabled=0xd
12-29 12:09:28.520 V/Camera  (24312): getParameters
12-29 12:09:28.530 E/QualcommCamera(  235): Qchar* android::get_parameters(camera_device*): E
12-29 12:09:28.530 E/QualcommCamera(  235): Qvoid android::put_parameters(camera_device*, char*): E
12-29 12:09:28.530 E/QualcommCamera(  235): Qint android::get_camera_info(int, camera_info*): E
12-29 12:09:28.530 E/QCameraHAL(  235): void android::HAL_getCameraInfo(int, android::CameraInfo*): id =1 E
12-29 12:09:28.530 E/QCameraHAL(  235): Caminfo facing =1, orit =270
12-29 12:09:28.550 V/Camera  (24312): setPreviewCallbackFlags
12-29 12:09:28.550 I/QCameraHWI(  235): enableMsgType: E, msgType =0x10
12-29 12:09:28.550 I/QCameraHWI(  235): enableMsgType: X, msgType =0x10, mMsgEnabled=0x1d
12-29 12:09:28.550 V/Camera  (24312): setParameters
12-29 12:09:28.550 E/QualcommCamera(  235): Qint android::set_parameters(camera_device*, const char*): E
12-29 12:09:28.550 I/QCameraHWI_Parm(  235): android::status_t android::QCameraHardwareInterface::setParameters(const android::CameraParameters&): E
12-29 12:09:28.550 I/QCameraHWI_Parm(  235): ZSL is enabled  0
12-29 12:09:28.550 E/QCameraHWI_Parm(  235): ################requested preview size 640 x 480
12-29 12:09:28.550 E/msm8960.hwcomposer(  232): Avoid call perform==NULL: EVENT_RESET_POSTBUFFER
12-29 12:09:28.550 E/msm8960.hwcomposer(  232): Avoid call perform==NULL EVENT_WAIT_POSTBUFFER
12-29 12:09:28.550 E/QCameraHWI_Parm(  235): android::status_t android::QCameraHardwareInterface::setVideoSize(const android::CameraParameters&): E
12-29 12:09:28.550 E/QCameraHWI_Parm(  235): QualcommCameraHardware::setPictureSize E
12-29 12:09:28.550 E/QCameraHWI_Parm(  235): requested picture size 640 x 480
12-29 12:09:28.550 E/QCameraHWI_Parm(  235): requested jpeg thumbnail size 512 x 384
12-29 12:09:28.550 E/QCameraHWI_Parm(  235): setJpegQuality E
12-29 12:09:28.550 E/QCameraHWI_Parm(  235): setJpegQuality X
12-29 12:09:28.550 E/QCameraHWI_Parm(  235): setGpsLocation X
12-29 12:09:28.550 E/QCameraHWI_Parm(  235): setRotation
12-29 12:09:28.550 E/QCameraHWI_Parm(  235): android::status_t android::QCameraHardwareInterface::setZoom(const android::CameraParameters&): E
12-29 12:09:28.550 E/QCameraHWI_Parm(  235): android::status_t android::QCameraHardwareInterface::setMCEValue(const android::CameraParameters&)
12-29 12:09:28.550 E/QCameraHWI_Parm(  235): android::status_t android::QCameraHardwareInterface::setSharpness(const android::CameraParameters&)
12-29 12:09:28.550 E/QCameraHWI_Parm(  235): android::status_t android::QCameraHardwareInterface::setSaturation(const android::CameraParameters&)
12-29 12:09:28.550 E/QCameraHWI_Parm(  235): android::status_t android::QCameraHardwareInterface::setSaturation(const android::CameraParameters&):MM_CAMERA_PARM_SATURATION not supported
12-29 12:09:28.550 E/QCameraHWI_Parm(  235): android::status_t android::QCameraHardwareInterface::setContrast(const android::CameraParameters&) E
12-29 12:09:28.550 E/QCameraHWI_Parm(  235): android::status_t android::QCameraHardwareInterface::setSkinToneEnhancement(const android::CameraParameters&)
12-29 12:09:28.550 E/QCameraHWI_Parm(  235): android::status_t android::QCameraHardwareInterface::setWaveletDenoise(const android::CameraParameters&)
12-29 12:09:28.550 E/QCameraHWI_Parm(  235): android::status_t android::QCameraHardwareInterface::setAntibanding(const android::CameraParameters&)
12-29 12:09:28.550 E/QCameraHWI_Parm(  235): android::status_t android::QCameraHardwareInterface::setPreviewFpsRange(const android::CameraParameters&): Existing FpsRange Values:(5000, 30000)
12-29 12:09:28.550 E/QCameraHWI_Parm(  235): android::status_t android::QCameraHardwareInterface::setPreviewFpsRange(const android::CameraParameters&): Requested FpsRange Values:(5000, 30000)
12-29 12:09:28.550 E/QCameraHWI_Parm(  235): android::status_t android::QCameraHardwareInterface::setPreviewFpsRange(const android::CameraParameters&): No change in FpsRange
12-29 12:09:28.550 E/QCameraHWI_Parm(  235): android::status_t android::QCameraHardwareInterface::setPreviewFrameRate(const android::CameraParameters&): E
12-29 12:09:28.550 E/QCameraHWI_Parm(  235): android::status_t android::QCameraHardwareInterface::setPreviewFrameRate(const android::CameraParameters&): X
12-29 12:09:28.550 E/QCameraHWI_Parm(  235): android::status_t android::QCameraHardwareInterface::setAutoExposure(const android::CameraParameters&)
12-29 12:09:28.550 E/QCameraHWI_Parm(  235): android::status_t android::QCameraHardwareInterface::setExposureCompensation(const android::CameraParameters&)
12-29 12:09:28.550 I/QCameraHWI_Parm(  235): android::status_t android::QCameraHardwareInterface::setFlash(const android::CameraParameters&): E
12-29 12:09:28.550 E/QCameraHWI_Parm(  235): android::status_t android::QCameraHardwareInterface::setBrightness(const android::CameraParameters&)
12-29 12:09:28.550 E/QCameraHWI_Parm(  235): android::status_t android::QCameraHardwareInterface::setISOValue(const android::CameraParameters&)
12-29 12:09:28.550 E/QCameraHWI_Parm(  235): android::status_t android::QCameraHardwareInterface::setFocusAreas(const android::CameraParameters&): E
12-29 12:09:28.550 E/QCameraHWI_Parm(  235): android::status_t android::QCameraHardwareInterface::setMeteringAreas(const android::CameraParameters&): E
12-29 12:09:28.550 E/QCameraHWI_Parm(  235): android::status_t android::QCameraHardwareInterface::setSelectableZoneAf(const android::CameraParameters&)
12-29 12:09:28.550 I/QCameraHWI_Parm(  235): android::status_t android::QCameraHardwareInterface::setZSLBurstLookBack(const android::CameraParameters&): look_back =0
12-29 12:09:28.550 I/QCameraHWI_Parm(  235): android::status_t android::QCameraHardwareInterface::setZSLBurstInterval(const android::CameraParameters&): Interval =1
12-29 12:09:28.560 I/QCameraHWI_Parm(  235): android::status_t android::QCameraHardwareInterface::setParameters(const android::CameraParameters&): X
12-29 12:09:28.560 V/Camera  (24312): sendCommand
12-29 12:09:28.560 V/Camera  (24312): setPreviewDisplay(0xb482f8)
12-29 12:09:28.560 E/QualcommCamera(  235): Qint android::preview_enabled(camera_device*): E
12-29 12:09:28.560 I/QCameraHWI(  235): previewEnabled: E
12-29 12:09:28.560 E/QCameraHWI(  235): int android::QCameraHardwareInterface::previewEnabled(): mCameraState = 1
12-29 12:09:28.560 E/QCameraHWI(  235):  setPreviewWindow: E mPreviewState = 0, mStreamDisplay = 0x17d1f10
12-29 12:09:28.560 E/QCameraHWI(  235): android::status_t android::QCameraHardwareInterface::setPreviewWindow(preview_stream_ops_t*): mPreviewWindow = 0x0x17c3438, mStreamDisplay = 0x0x17d1f10
12-29 12:09:28.560 E/QCameraHWI_Preview(  235):  setPreviewWindow: E 
12-29 12:09:28.560 E/QCameraHWI(  235):  setPreviewWindow : X, mPreviewState = 0
12-29 12:09:28.560 V/Camera  (24312): startPreview
12-29 12:09:28.560 E/QualcommCamera(  235): Qint android::preview_enabled(camera_device*): E
12-29 12:09:28.560 I/QCameraHWI(  235): previewEnabled: E
12-29 12:09:28.560 E/QCameraHWI(  235): int android::QCameraHardwareInterface::previewEnabled(): mCameraState = 1
12-29 12:09:28.560 E/QCameraHWI(  235):  setPreviewWindow: E mPreviewState = 0, mStreamDisplay = 0x17d1f10
12-29 12:09:28.560 E/QCameraHWI(  235): android::status_t android::QCameraHardwareInterface::setPreviewWindow(preview_stream_ops_t*): mPreviewWindow = 0x0x17c3438, mStreamDisplay = 0x0x17d1f10
12-29 12:09:28.560 E/QCameraHWI_Preview(  235):  setPreviewWindow: E 
12-29 12:09:28.560 E/QCameraHWI(  235):  setPreviewWindow : X, mPreviewState = 0
12-29 12:09:28.560 E/QualcommCamera(  235): Qint android::start_preview(camera_device*): E
12-29 12:09:28.560 E/QCameraHWI(  235): android::status_t android::QCameraHardwareInterface::startPreview(): mPreviewState =0
12-29 12:09:28.560 E/QCameraHWI(  235): android::status_t android::QCameraHardwareInterface::startPreview():  HAL::startPreview begin
12-29 12:09:28.560 E/QCameraHWI(  235): android::status_t android::QCameraHardwareInterface::startPreview():  start preview now
12-29 12:09:28.560 I/QCameraHWI(  235): startPreview2: E
12-29 12:09:28.560 I/QCameraHWI(  235): preview_parm_config: E
12-29 12:09:28.560 I/QCameraHWI(  235): preview_parm_config: X
12-29 12:09:28.560 E/hardware/qcom/camera/QCameraStream.cpp(  235): android::status_t android::QCameraStream::setMode(int) :myMode 5 
12-29 12:09:28.560 E/hardware/qcom/camera/QCameraStream.cpp(  235): android::status_t android::QCameraStream::setMode(int) :myMode 5 
12-29 12:09:28.560 E/hardware/qcom/camera/QCameraStream.cpp(  235): android::status_t android::QCameraStream::setMode(int) :myMode 5 
12-29 12:09:28.560 E/QCameraHWI(  235): android::status_t android::QCameraHardwareInterface::startPreview2(): myMode = 5
12-29 12:09:28.560 E/QCameraHWI(  235): android::status_t android::QCameraHardwareInterface::startPreview2(): setPreviewWindow
12-29 12:09:28.560 E/QCameraHWI_Preview(  235):  setPreviewWindow: E 
12-29 12:09:28.560 E/hardware/qcom/camera/QCameraStream.cpp(  235): android::status_t android::QCameraStream::setFormat(uint8_t): E
12-29 12:09:28.560 V/hardware/qcom/camera/QCameraStream.cpp(  235): android::status_t android::QCameraStream::setFormat(uint8_t): Stream MM_CAMERA_PARM_CH_IMAGE_FMT rc = 0
12-29 12:09:28.560 E/hardware/qcom/camera/QCameraStream.cpp(  235): android::status_t android::QCameraStream::setFormat(uint8_t): X
12-29 12:09:28.560 E/QCameraHWI_Preview(  235): virtual android::status_t android::QCameraStream_preview::initDisplayBuffers():BEGIN
12-29 12:09:28.560 D/memalloc(  232): ion: Allocated buffer base:0x425f0000 size:462848 fd:66
12-29 12:09:28.560 D/memalloc(  235): ion: Mapped buffer base:0x423d9000 size:462848 offset:0 fd:59
12-29 12:09:28.560 E/QCameraHWI_Preview(  235): android::status_t android::QCameraStream_preview::getBufferFromSurface(): dequeue buf hdl =0x17a3df0
12-29 12:09:28.560 E/QCameraHWI_Preview(  235): getBufferFromSurface: camera call genlock_lock, hdl=0x17a3df0
12-29 12:09:28.560 E/QCameraHWI_Preview(  235): getBufferFromSurface: genlock_lock_buffer hdl =0x17a3df0
12-29 12:09:28.560 E/QCameraHWI_Preview(  235): android::status_t android::QCameraStream_preview::getBufferFromSurface(): dequeue buf: 0x17a3db0
12-29 12:09:28.560 E/QCameraHWI_Preview(  235): android::status_t android::QCameraStream_preview::getBufferFromSurface(): idx = 0, fd = 59, size = 462848, offset = 0
12-29 12:09:28.560 D/memalloc(  232): ion: Allocated buffer base:0x434bd000 size:462848 fd:72
12-29 12:09:28.560 D/memalloc(  235): ion: Mapped buffer base:0x42e9e000 size:462848 offset:0 fd:64
12-29 12:09:28.560 E/QCameraHWI_Preview(  235): android::status_t android::QCameraStream_preview::getBufferFromSurface(): dequeue buf hdl =0x17a3ef8
12-29 12:09:28.560 E/QCameraHWI_Preview(  235): getBufferFromSurface: camera call genlock_lock, hdl=0x17a3ef8
12-29 12:09:28.560 E/QCameraHWI_Preview(  235): getBufferFromSurface: genlock_lock_buffer hdl =0x17a3ef8
12-29 12:09:28.560 E/QCameraHWI_Preview(  235): android::status_t android::QCameraStream_preview::getBufferFromSurface(): dequeue buf: 0x17a3ea8
12-29 12:09:28.560 E/QCameraHWI_Preview(  235): android::status_t android::QCameraStream_preview::getBufferFromSurface(): idx = 1, fd = 64, size = 462848, offset = 0
12-29 12:09:28.560 D/memalloc(  232): ion: Allocated buffer base:0x43612000 size:462848 fd:78
12-29 12:09:28.560 D/memalloc(  235): ion: Mapped buffer base:0x4354b000 size:462848 offset:0 fd:68
12-29 12:09:28.560 E/QCameraHWI_Preview(  235): android::status_t android::QCameraStream_preview::getBufferFromSurface(): dequeue buf hdl =0x17a4080
12-29 12:09:28.560 E/QCameraHWI_Preview(  235): getBufferFromSurface: camera call genlock_lock, hdl=0x17a4080
12-29 12:09:28.560 E/QCameraHWI_Preview(  235): getBufferFromSurface: genlock_lock_buffer hdl =0x17a4080
12-29 12:09:28.560 E/QCameraHWI_Preview(  235): android::status_t android::QCameraStream_preview::getBufferFromSurface(): dequeue buf: 0x17a4030
12-29 12:09:28.560 E/QCameraHWI_Preview(  235): android::status_t android::QCameraStream_preview::getBufferFromSurface(): idx = 2, fd = 68, size = 462848, offset = 0
12-29 12:09:28.560 D/memalloc(  232): ion: Allocated buffer base:0x43771000 size:462848 fd:81
12-29 12:09:28.560 D/memalloc(  235): ion: Mapped buffer base:0x438f5000 size:462848 offset:0 fd:72
12-29 12:09:28.560 E/QCameraHWI_Preview(  235): android::status_t android::QCameraStream_preview::getBufferFromSurface(): dequeue buf hdl =0x17a4238
12-29 12:09:28.560 E/QCameraHWI_Preview(  235): getBufferFromSurface: camera call genlock_lock, hdl=0x17a4238
12-29 12:09:28.560 E/QCameraHWI_Preview(  235): getBufferFromSurface: genlock_lock_buffer hdl =0x17a4238
12-29 12:09:28.560 E/QCameraHWI_Preview(  235): android::status_t android::QCameraStream_preview::getBufferFromSurface(): dequeue buf: 0x17a41e8
12-29 12:09:28.560 E/QCameraHWI_Preview(  235): android::status_t android::QCameraStream_preview::getBufferFromSurface(): idx = 3, fd = 72, size = 462848, offset = 0
12-29 12:09:28.570 D/memalloc(  232): ion: Allocated buffer base:0x43817000 size:462848 fd:84
12-29 12:09:28.570 D/memalloc(  235): ion: Mapped buffer base:0x43b67000 size:462848 offset:0 fd:76
12-29 12:09:28.570 E/QCameraHWI_Preview(  235): android::status_t android::QCameraStream_preview::getBufferFromSurface(): dequeue buf hdl =0x17a43f0
12-29 12:09:28.570 E/QCameraHWI_Preview(  235): getBufferFromSurface: camera call genlock_lock, hdl=0x17a43f0
12-29 12:09:28.570 E/QCameraHWI_Preview(  235): getBufferFromSurface: genlock_lock_buffer hdl =0x17a43f0
12-29 12:09:28.570 E/QCameraHWI_Preview(  235): android::status_t android::QCameraStream_preview::getBufferFromSurface(): dequeue buf: 0x17a43a0
12-29 12:09:28.570 E/QCameraHWI_Preview(  235): android::status_t android::QCameraStream_preview::getBufferFromSurface(): idx = 4, fd = 76, size = 462848, offset = 0
12-29 12:09:28.570 D/memalloc(  232): ion: Allocated buffer base:0x43940000 size:462848 fd:87
12-29 12:09:28.570 D/memalloc(  235): ion: Mapped buffer base:0x43d70000 size:462848 offset:0 fd:80
12-29 12:09:28.570 E/QCameraHWI_Preview(  235): android::status_t android::QCameraStream_preview::getBufferFromSurface(): dequeue buf hdl =0x17a45a8
12-29 12:09:28.570 E/QCameraHWI_Preview(  235): getBufferFromSurface: camera call genlock_lock, hdl=0x17a45a8
12-29 12:09:28.570 E/QCameraHWI_Preview(  235): getBufferFromSurface: genlock_lock_buffer hdl =0x17a45a8
12-29 12:09:28.570 E/QCameraHWI_Preview(  235): android::status_t android::QCameraStream_preview::getBufferFromSurface(): dequeue buf: 0x17a4558
12-29 12:09:28.570 E/QCameraHWI_Preview(  235): android::status_t android::QCameraStream_preview::getBufferFromSurface(): idx = 5, fd = 80, size = 462848, offset = 0
12-29 12:09:28.570 D/memalloc(  232): ion: Allocated buffer base:0x43a62000 size:462848 fd:90
12-29 12:09:28.570 D/memalloc(  235): ion: Mapped buffer base:0x43ed5000 size:462848 offset:0 fd:84
12-29 12:09:28.570 E/QCameraHWI_Preview(  235): android::status_t android::QCameraStream_preview::getBufferFromSurface(): dequeue buf hdl =0x17d9308
12-29 12:09:28.570 E/QCameraHWI_Preview(  235): getBufferFromSurface: camera call genlock_lock, hdl=0x17d9308
12-29 12:09:28.570 E/QCameraHWI_Preview(  235): getBufferFromSurface: genlock_lock_buffer hdl =0x17d9308
12-29 12:09:28.570 E/QCameraHWI_Preview(  235): android::status_t android::QCameraStream_preview::getBufferFromSurface(): dequeue buf: 0x17d92b8
12-29 12:09:28.570 E/QCameraHWI_Preview(  235): android::status_t android::QCameraStream_preview::getBufferFromSurface(): idx = 6, fd = 84, size = 462848, offset = 0
12-29 12:09:28.570 E/QCameraHWI_Preview(  235): virtual android::status_t android::QCameraStream_preview::initDisplayBuffers(): idx = 0, fd = 59, size = 462848, cbcr_offset = 307200, y_offset = 0, offset = 0, vaddr = 0x42b87000
12-29 12:09:28.570 E/mm-camera(  308): mctl_pp_poll_fn: Woke up Socket fd
12-29 12:09:28.570 E/mm-camera(  308): mctl_pp_recvmsg: Receieved msg_type=0
12-29 12:09:28.570 E/QCameraHWI_Preview(  235): Planes: 0 length: 307200 userptr: 59 offset: 0
12-29 12:09:28.570 E/QCameraHWI_Preview(  235): Planes: 1 length: 153600 userptr: 59 offset: 307200
12-29 12:09:28.570 E/QCameraHWI_Preview(  235): virtual android::status_t android::QCameraStream_preview::initDisplayBuffers(): idx = 1, fd = 64, size = 462848, cbcr_offset = 307200, y_offset = 0, offset = 0, vaddr = 0x43296000
12-29 12:09:28.570 E/mm-camera(  308): mctl_pp_poll_fn: Woke up Socket fd
12-29 12:09:28.570 E/mm-camera(  308): mctl_pp_recvmsg: Receieved msg_type=0
12-29 12:09:28.570 E/QCameraHWI_Preview(  235): Planes: 0 length: 307200 userptr: 64 offset: 0
12-29 12:09:28.570 E/QCameraHWI_Preview(  235): Planes: 1 length: 153600 userptr: 64 offset: 307200
12-29 12:09:28.570 E/QCameraHWI_Preview(  235): virtual android::status_t android::QCameraStream_preview::initDisplayBuffers(): idx = 2, fd = 68, size = 462848, cbcr_offset = 307200, y_offset = 0, offset = 0, vaddr = 0x43719000
12-29 12:09:28.570 E/mm-camera(  308): mctl_pp_poll_fn: Woke up Socket fd
12-29 12:09:28.570 E/mm-camera(  308): mctl_pp_recvmsg: Receieved msg_type=0
12-29 12:09:28.570 E/QCameraHWI_Preview(  235): Planes: 0 length: 307200 userptr: 68 offset: 0
12-29 12:09:28.570 E/QCameraHWI_Preview(  235): Planes: 1 length: 153600 userptr: 68 offset: 307200
12-29 12:09:28.570 E/QCameraHWI_Preview(  235): virtual android::status_t android::QCameraStream_preview::initDisplayBuffers(): idx = 3, fd = 72, size = 462848, cbcr_offset = 307200, y_offset = 0, offset = 0, vaddr = 0x43a2f000
12-29 12:09:28.570 E/mm-camera(  308): mctl_pp_poll_fn: Woke up Socket fd
12-29 12:09:28.570 E/mm-camera(  308): mctl_pp_recvmsg: Receieved msg_type=0
12-29 12:09:28.570 E/QCameraHWI_Preview(  235): Planes: 0 length: 307200 userptr: 72 offset: 0
12-29 12:09:28.570 E/QCameraHWI_Preview(  235): Planes: 1 length: 153600 userptr: 72 offset: 307200
12-29 12:09:28.570 E/QCameraHWI_Preview(  235): virtual android::status_t android::QCameraStream_preview::initDisplayBuffers(): idx = 4, fd = 76, size = 462848, cbcr_offset = 307200, y_offset = 0, offset = 0, vaddr = 0x43c15000
12-29 12:09:28.570 E/mm-camera(  308): mctl_pp_poll_fn: Woke up Socket fd
12-29 12:09:28.570 E/mm-camera(  308): mctl_pp_recvmsg: Receieved msg_type=0
12-29 12:09:28.570 E/QCameraHWI_Preview(  235): Planes: 0 length: 307200 userptr: 76 offset: 0
12-29 12:09:28.570 E/QCameraHWI_Preview(  235): Planes: 1 length: 153600 userptr: 76 offset: 307200
12-29 12:09:28.570 E/QCameraHWI_Preview(  235): virtual android::status_t android::QCameraStream_preview::initDisplayBuffers(): idx = 5, fd = 80, size = 462848, cbcr_offset = 307200, y_offset = 0, offset = 0, vaddr = 0x43e10000
12-29 12:09:28.570 E/mm-camera(  308): mctl_pp_poll_fn: Woke up Socket fd
12-29 12:09:28.570 E/mm-camera(  308): mctl_pp_recvmsg: Receieved msg_type=0
12-29 12:09:28.570 E/QCameraHWI_Preview(  235): Planes: 0 length: 307200 userptr: 80 offset: 0
12-29 12:09:28.570 E/QCameraHWI_Preview(  235): Planes: 1 length: 153600 userptr: 80 offset: 307200
12-29 12:09:28.570 E/QCameraHWI_Preview(  235): virtual android::status_t android::QCameraStream_preview::initDisplayBuffers(): idx = 6, fd = 84, size = 462848, cbcr_offset = 307200, y_offset = 0, offset = 0, vaddr = 0x4406d000
12-29 12:09:28.570 E/mm-camera(  308): mctl_pp_poll_fn: Woke up Socket fd
12-29 12:09:28.570 E/mm-camera(  308): mctl_pp_recvmsg: Receieved msg_type=0
12-29 12:09:28.570 E/QCameraHWI_Preview(  235): Planes: 0 length: 307200 userptr: 84 offset: 0
12-29 12:09:28.570 E/QCameraHWI_Preview(  235): Planes: 1 length: 153600 userptr: 84 offset: 307200
12-29 12:09:28.570 E/QCameraHWI_Preview(  235): virtual android::status_t android::QCameraStream_preview::initDisplayBuffers():END
12-29 12:09:28.570 E/QCameraHWI_Preview(  235): Debug : virtual android::status_t android::QCameraStream_preview::start() : initDisplayBuffers
12-29 12:09:28.570 E/QCameraHWI_Preview(  235): Debug : virtual android::status_t android::QCameraStream_preview::start() : cam_config_prepare_buf
12-29 12:09:28.570 E/QCameraHWI_Preview(  235): Setting OP MODE to MM_CAMERA_OP_MODE_VIDEO
12-29 12:09:28.570 E/QCameraHWI_Preview(  235): OP Mode Set
12-29 12:09:28.570 E/QCameraHWI_Preview(  235): Starting Preview/Video Stream. 
12-29 12:09:28.580 E/mm-camera(  308): config_decide_vfe_outputs Current mode 0 Full size liveshot : Disabled
12-29 12:09:28.580 E/mm-camera(  308): config_decide_vfe_outputs: Ports Used 1, Op mode 64
12-29 12:09:28.580 E/mm-camera(  308): config_decide_vfe_outputs: Primary: 640x480, extra_pad: 0x0, Fmt: 1, Type: 1, Path: 1
12-29 12:09:28.580 E/mm-camera(  308): config_decide_vfe_outputs: Secondary: 640x480, extra_pad: 0x0, Fmt: 0, Type: 0, Path: 0
12-29 12:09:28.580 E/mm-camera(  308): config_set_op_mode_to_mctl_pp_video Camcorder configured in Low Power mode.
12-29 12:09:28.580 E/mm-camera(  308): config_MSM_V4L2_STREAM_ON Sending START CMD to VFE 
12-29 12:09:28.580 E/mm-camera(  308): config_CAMERA_START_VIDEO: received CAMERA_START_VIDEO!, ctrl->state = 0
12-29 12:09:28.580 E/mm-camera(  308): zoom_get_crop_factor: crop_factor = 4096
12-29 12:09:28.701 E/mm-camera(  308): vfe_config_mode: VideoCFg config 7ffffff
12-29 12:09:28.701 E/mm-camera(  308): vfe_operation_config: format 1
12-29 12:09:28.701 E/mm-camera(  308): vfe_operation_config:vfe_op_mode=4
12-29 12:09:28.701 E/mm-camera(  308): config_MSG_ID_RESET_ACK Writing aec data to sensor: Real Gain 1.000000 Line count 503 
12-29 12:09:28.731 E/QCameraHWI_Preview(  235): Debug : virtual android::status_t android::QCameraStream_preview::start() : Preview streaming Started
12-29 12:09:28.731 E/QCameraHWI_Preview(  235): virtual android::status_t android::QCameraStream_preview::start(): X
12-29 12:09:28.731 I/QCameraHWI(  235): startPreview: X
12-29 12:09:28.731 E/QualcommCamera(  235): Qint android::start_preview(camera_device*): X
12-29 12:09:28.731 E/QCameraHWI(  235): processEvent: type :1 E
12-29 12:09:28.731 I/QCameraHWI(  235): processCtrlEvent: 0, E
12-29 12:09:28.731 I/QCameraHWI(  235): zoomEvent: state:2 E
12-29 12:09:28.731 I/QCameraHWI(  235): void android::QCameraHardwareInterface::handleZoomEventForPreview(app_notify_cb_t*): E
12-29 12:09:28.731 I/QCameraHWI(  235): void android::QCameraHardwareInterface::handleZoomEventForPreview(app_notify_cb_t*): Fetching crop info
12-29 12:09:28.741 D/memalloc(  232): ion: Allocated buffer base:0x43e71000 size:2703360 fd:96
12-29 12:09:28.751 I/QCameraHWI(  235): void android::QCameraHardwareInterface::handleZoomEventForPreview(app_notify_cb_t*): Crop info received: 0, 0, 0, 0 
12-29 12:09:28.751 I/QCameraHWI(  235): void android::QCameraHardwareInterface::handleZoomEventForPreview(app_notify_cb_t*): Done setting crop
12-29 12:09:28.751 I/QCameraHWI(  235): void android::QCameraHardwareInterface::handleZoomEventForPreview(app_notify_cb_t*): Currrent zoom :0
12-29 12:09:28.751 I/QCameraHWI(  235): void android::QCameraHardwareInterface::handleZoomEventForPreview(app_notify_cb_t*): X
12-29 12:09:28.751 I/QCameraHWI(  235): zoomEvent: X
12-29 12:09:28.751 I/QCameraHWI(  235): processCtrlEvent: X
12-29 12:09:28.751 E/QCameraHWI(  235):  App_cb Notify 0x0, datacb=0x0
12-29 12:09:28.751 I/QCameraHWI(  235): processEvent: X
12-29 12:09:28.751 E/QCameraHWI(  235): processEvent: type :0 E
12-29 12:09:28.751 I/QCameraHWI(  235): processChannelEvent: E
12-29 12:09:28.751 I/QCameraHWI(  235): processPreviewChannelEvent: E
12-29 12:09:28.751 I/QCameraHWI(  235): processPreviewChannelEvent: X
12-29 12:09:28.751 I/QCameraHWI(  235): processChannelEvent: X
12-29 12:09:28.751 E/QCameraHWI(  235):  App_cb Notify 0x0, datacb=0x0
12-29 12:09:28.751 I/QCameraHWI(  235): processEvent: X
12-29 12:09:28.751 E/QCameraHWI(  235): processEvent: type :1 E
12-29 12:09:28.751 I/QCameraHWI(  235): processCtrlEvent: 0, E
12-29 12:09:28.751 I/QCameraHWI(  235): zoomEvent: state:2 E
12-29 12:09:28.751 I/QCameraHWI(  235): void android::QCameraHardwareInterface::handleZoomEventForPreview(app_notify_cb_t*): E
12-29 12:09:28.751 I/QCameraHWI(  235): void android::QCameraHardwareInterface::handleZoomEventForPreview(app_notify_cb_t*): Fetching crop info
12-29 12:09:28.751 I/QCameraHWI(  235): void android::QCameraHardwareInterface::handleZoomEventForPreview(app_notify_cb_t*): Crop info received: 0, 0, 0, 0 
12-29 12:09:28.751 I/QCameraHWI(  235): void android::QCameraHardwareInterface::handleZoomEventForPreview(app_notify_cb_t*): Done setting crop
12-29 12:09:28.751 I/QCameraHWI(  235): void android::QCameraHardwareInterface::handleZoomEventForPreview(app_notify_cb_t*): Currrent zoom :0
12-29 12:09:28.751 I/QCameraHWI(  235): void android::QCameraHardwareInterface::handleZoomEventForPreview(app_notify_cb_t*): X
12-29 12:09:28.751 I/QCameraHWI(  235): zoomEvent: X
12-29 12:09:28.751 I/QCameraHWI(  235): processCtrlEvent: X
12-29 12:09:28.751 E/QCameraHWI(  235):  App_cb Notify 0x0, datacb=0x0
12-29 12:09:28.751 I/QCameraHWI(  235): processEvent: X
12-29 12:09:28.751 D/memalloc(24312): ion: Mapped buffer base:0x5da60000 size:2703360 offset:0 fd:92
12-29 12:09:28.761 I/Adreno200-EGLSUB(  232): <CreateImage:1017>: Android Image
12-29 12:09:28.771 E/SurfaceTexture(  232): [SurfaceView] dequeueBuffer: MIN_UNDEQUEUED_BUFFERS=2 exceeded (dequeued=6)
12-29 12:09:28.771 E/QCameraHWI_Preview(  235): android::status_t android::QCameraStream_preview::processPreviewFrameWithDisplay(mm_camera_ch_data_buf_t*): error in dequeue_buffer, enqueue_buffer idx = 0, no free buffer now
12-29 12:09:28.791 I/Adreno200-EGLSUB(  232): <CreateImage:1017>: Android Image
12-29 12:09:28.791 E/SurfaceTexture(  232): [SurfaceView] dequeueBuffer: MIN_UNDEQUEUED_BUFFERS=2 exceeded (dequeued=5)
12-29 12:09:28.791 E/QCameraHWI_Preview(  235): android::status_t android::QCameraStream_preview::processPreviewFrameWithDisplay(mm_camera_ch_data_buf_t*): error in dequeue_buffer, enqueue_buffer idx = 1, no free buffer now
12-29 12:09:28.801 I/Adreno200-EGLSUB(  232): <CreateImage:1017>: Android Image
12-29 12:09:28.801 I/Adreno200-EGLSUB(  232): <GetImageAttributes:1282>: RGBX_8888
12-29 12:09:28.821 E/msm8960.hwcomposer(  232): Avoid call perform==NULL: EVENT_RESET_POSTBUFFER
12-29 12:09:28.821 E/msm8960.hwcomposer(  232): Avoid call perform==NULL EVENT_WAIT_POSTBUFFER
12-29 12:09:28.821 I/Adreno200-EGLSUB(  232): <CreateImage:1017>: Android Image
12-29 12:09:28.841 D/memalloc(  232): ion: Allocated buffer base:0x44de9000 size:2703360 fd:102
12-29 12:09:28.841 D/memalloc(24312): ion: Mapped buffer base:0x5df88000 size:2703360 offset:0 fd:104
12-29 12:09:28.851 I/Adreno200-EGLSUB(  232): <CreateImage:1017>: Android Image
12-29 12:09:28.851 I/Adreno200-EGLSUB(  232): <GetImageAttributes:1226>: RGBA_8888
12-29 12:09:28.861 V/Camera  (24312): setPreviewCallbackFlags
12-29 12:09:28.861 E/QualcommCamera(  235): Qvoid android::disable_msg_type(camera_device*, int32_t): E
12-29 12:09:28.861 I/QCameraHWI(  235): disableMsgType: E
12-29 12:09:28.861 I/QCameraHWI(  235): disableMsgType: X, msgType =0x10, mMsgEnabled=0xd
12-29 12:09:28.861 I/Adreno200-EGLSUB(  232): <CreateImage:1017>: Android Image
12-29 12:09:28.861 I/ActivityManager(  518): Displayed jp.saka.camera/.CameraPreviewActivity: +544ms
12-29 12:09:28.881 D/sakalog (24312): data: 460800B
12-29 12:09:28.881 V/Camera  (24312): setPreviewCallbackFlags
12-29 12:09:28.881 I/QCameraHWI(  235): enableMsgType: E, msgType =0x10
12-29 12:09:28.881 I/QCameraHWI(  235): enableMsgType: X, msgType =0x10, mMsgEnabled=0x1d
12-29 12:09:28.881 D/sakalog (24312): data: 460800B
12-29 12:09:28.881 D/sakalog (24312): Camera preview surface destroyed.
12-29 12:09:28.881 D/memalloc(24312): ion: Unmapping buffer  base:0x5dcf4000 size:2703360
12-29 12:09:28.891 E/msm8960.hwcomposer(  232): Avoid call perform==NULL: EVENT_RESET_POSTBUFFER
12-29 12:09:28.891 E/msm8960.hwcomposer(  232): Avoid call perform==NULL EVENT_WAIT_POSTBUFFER
12-29 12:09:28.891 D/memalloc(  232): ion: Freeing buffer base:0x43003000 size:2703360 fd:60
12-29 12:09:28.891 D/memalloc(  232): ion: Unmapping buffer  base:0x43003000 size:2703360
12-29 12:09:28.891 I/Adreno200-EGLSUB(  232): <CreateImage:1017>: Android Image
12-29 12:09:28.891 D/memalloc(24312): ion: Unmapping buffer  base:0x5d7cc000 size:2703360
12-29 12:09:28.891 D/memalloc(24312): ion: Unmapping buffer  base:0x5da60000 size:2703360
12-29 12:09:28.901 E/msm8960.hwcomposer(  232): Avoid call perform==NULL: EVENT_RESET_POSTBUFFER
12-29 12:09:28.901 E/msm8960.hwcomposer(  232): Avoid call perform==NULL EVENT_WAIT_POSTBUFFER
12-29 12:09:28.901 I/roidNativeDriverServlet(24312): Done: /session/1356749712531/url
12-29 12:09:28.931 E/OverlayLIB(  232): decZ: freeing the pipe with zorder = 0 for fbdev = 0
12-29 12:09:28.931 E/OverlayLIB(  232): decZ: Pipes in use  = 0
12-29 12:09:28.931 D/memalloc(  232): ion: Freeing buffer base:0x0 size:925696 fd:63
12-29 12:09:28.931 D/memalloc(  232): ion: Freeing buffer base:0x43e71000 size:2703360 fd:96
12-29 12:09:28.931 D/memalloc(  232): ion: Unmapping buffer  base:0x43e71000 size:2703360
12-29 12:09:28.931 I/Adreno200-EGLSUB(  232): <CreateImage:1017>: Android Image
12-29 12:09:28.951 I/Adreno200-EGLSUB(  232): <CreateImage:1017>: Android Image
12-29 12:09:28.961 D/sakalog (24312): data: 460800B
12-29 12:09:29.061 D/sakalog (24312): data: 460800B
12-29 12:09:29.081 E/OverlayLIB(  232): getZ: return zorder = 0 for fbdev = 0, pipesinUse = 1
12-29 12:09:29.081 D/sakalog (24312): onStop
12-29 12:09:29.081 D/sakalog (24312): onDestroy
12-29 12:09:29.091 D/memalloc(  232): ion: Allocated buffer base:0x0 size:925696 fd:60
12-29 12:09:29.101 E/msm8960.hwcomposer(  232): Avoid call perform==NULL: EVENT_RESET_POSTBUFFER
12-29 12:09:29.101 E/msm8960.hwcomposer(  232): Avoid call perform==NULL EVENT_WAIT_POSTBUFFER
