12-29 12:09:24.596 E/QCameraHAL(  235): void android::HAL_getCameraInfo(int, android::CameraInfo*): id =1 E
12-29 12:09:24.596 E/QCameraHAL(  235): Caminfo facing =1, orit =270
12-29 12:09:24.616 V/Camera  (24312): setPreviewCallbackFlags
12-29 12:09:24.616 I/QCameraHWI(  235): enableMsgType: E, msgType =0x10
12-29 12:09:24.616 I/QCameraHWI(  235): enableMsgType: X, msgType =0x10, mMsgEnabled=0x1d
12-29 12:09:24.616 V/Camera  (24312): setParameters
12-29 12:09:24.616 E/QualcommCamera(  235): Qint android::set_parameters(camera_device*, const char*): E
12-29 12:09:24.616 I/QCameraHWI_Parm(  235): android::status_t android::QCameraHardwareInterface::setParameters(const android::CameraParameters&): E
12-29 12:09:24.616 I/QCameraHWI_Parm(  235): ZSL is enabled  0
12-29 12:09:24.616 E/QCameraHWI_Parm(  235): ################requested preview size 640 x 480
12-29 12:09:24.616 E/QCameraHWI_Parm(  235): android::status_t android::QCameraHardwareInterface::setVideoSize(const android::CameraParameters&): E
12-29 12:09:24.616 E/QCameraHWI_Parm(  235): QualcommCameraHardware::setPictureSize E
12-29 12:09:24.616 E/msm8960.hwcomposer(  232): Avoid call perform==NULL: EVENT_RESET_POSTBUFFER
12-29 12:09:24.616 E/msm8960.hwcomposer(  232): Avoid call perform==NULL EVENT_WAIT_POSTBUFFER
12-29 12:09:24.616 E/QCameraHWI_Parm(  235): requested picture size 640 x 480
12-29 12:09:24.616 E/QCameraHWI_Parm(  235): requested jpeg thumbnail size 512 x 384
12-29 12:09:24.616 E/QCameraHWI_Parm(  235): setJpegQuality E
12-29 12:09:24.616 E/QCameraHWI_Parm(  235): setJpegQuality X
12-29 12:09:24.616 E/QCameraHWI_Parm(  235): setGpsLocation X
12-29 12:09:24.616 E/QCameraHWI_Parm(  235): setRotation
12-29 12:09:24.616 E/QCameraHWI_Parm(  235): android::status_t android::QCameraHardwareInterface::setZoom(const android::CameraParameters&): E
12-29 12:09:24.616 E/QCameraHWI_Parm(  235): android::status_t android::QCameraHardwareInterface::setMCEValue(const android::CameraParameters&)
12-29 12:09:24.616 E/QCameraHWI_Parm(  235): android::status_t android::QCameraHardwareInterface::setSharpness(const android::CameraParameters&)
12-29 12:09:24.626 E/QCameraHWI_Parm(  235): android::status_t android::QCameraHardwareInterface::setSaturation(const android::CameraParameters&)
12-29 12:09:24.626 E/QCameraHWI_Parm(  235): android::status_t android::QCameraHardwareInterface::setSaturation(const android::CameraParameters&):MM_CAMERA_PARM_SATURATION not supported
12-29 12:09:24.626 E/QCameraHWI_Parm(  235): android::status_t android::QCameraHardwareInterface::setContrast(const android::CameraParameters&) E
12-29 12:09:24.626 E/QCameraHWI_Parm(  235): android::status_t android::QCameraHardwareInterface::setSkinToneEnhancement(const android::CameraParameters&)
12-29 12:09:24.626 E/QCameraHWI_Parm(  235): android::status_t android::QCameraHardwareInterface::setWaveletDenoise(const android::CameraParameters&)
12-29 12:09:24.626 E/QCameraHWI_Parm(  235): android::status_t android::QCameraHardwareInterface::setAntibanding(const android::CameraParameters&)
12-29 12:09:24.626 E/QCameraHWI_Parm(  235): android::status_t android::QCameraHardwareInterface::setPreviewFpsRange(const android::CameraParameters&): Existing FpsRange Values:(5000, 30000)
12-29 12:09:24.626 E/QCameraHWI_Parm(  235): android::status_t android::QCameraHardwareInterface::setPreviewFpsRange(const android::CameraParameters&): Requested FpsRange Values:(5000, 30000)
12-29 12:09:24.626 E/QCameraHWI_Parm(  235): android::status_t android::QCameraHardwareInterface::setPreviewFpsRange(const android::CameraParameters&): No change in FpsRange
12-29 12:09:24.626 E/QCameraHWI_Parm(  235): android::status_t android::QCameraHardwareInterface::setPreviewFrameRate(const android::CameraParameters&): E
12-29 12:09:24.626 E/QCameraHWI_Parm(  235): android::status_t android::QCameraHardwareInterface::setPreviewFrameRate(const android::CameraParameters&): X
12-29 12:09:24.626 E/QCameraHWI_Parm(  235): android::status_t android::QCameraHardwareInterface::setAutoExposure(const android::CameraParameters&)
12-29 12:09:24.626 E/QCameraHWI_Parm(  235): android::status_t android::QCameraHardwareInterface::setExposureCompensation(const android::CameraParameters&)
12-29 12:09:24.626 I/QCameraHWI_Parm(  235): android::status_t android::QCameraHardwareInterface::setFlash(const android::CameraParameters&): E
12-29 12:09:24.626 E/QCameraHWI_Parm(  235): android::status_t android::QCameraHardwareInterface::setBrightness(const android::CameraParameters&)
12-29 12:09:24.626 E/QCameraHWI_Parm(  235): android::status_t android::QCameraHardwareInterface::setISOValue(const android::CameraParameters&)
12-29 12:09:24.626 E/QCameraHWI_Parm(  235): android::status_t android::QCameraHardwareInterface::setFocusAreas(const android::CameraParameters&): E
12-29 12:09:24.626 E/QCameraHWI_Parm(  235): android::status_t android::QCameraHardwareInterface::setMeteringAreas(const android::CameraParameters&): E
12-29 12:09:24.626 E/QCameraHWI_Parm(  235): android::status_t android::QCameraHardwareInterface::setSelectableZoneAf(const android::CameraParameters&)
12-29 12:09:24.626 I/QCameraHWI_Parm(  235): android::status_t android::QCameraHardwareInterface::setZSLBurstLookBack(const android::CameraParameters&): look_back =0
12-29 12:09:24.626 I/QCameraHWI_Parm(  235): android::status_t android::QCameraHardwareInterface::setZSLBurstInterval(const android::CameraParameters&): Interval =1
12-29 12:09:24.626 I/QCameraHWI_Parm(  235): android::status_t android::QCameraHardwareInterface::setParameters(const android::CameraParameters&): X
12-29 12:09:24.626 V/Camera  (24312): sendCommand
12-29 12:09:24.626 V/Camera  (24312): setPreviewDisplay(0xd61168)
12-29 12:09:24.626 E/QualcommCamera(  235): Qint android::preview_enabled(camera_device*): E
12-29 12:09:24.626 I/QCameraHWI(  235): previewEnabled: E
12-29 12:09:24.626 E/QCameraHWI(  235): int android::QCameraHardwareInterface::previewEnabled(): mCameraState = 1
12-29 12:09:24.626 E/QCameraHWI(  235):  setPreviewWindow: E mPreviewState = 0, mStreamDisplay = 0x17d1f10
12-29 12:09:24.626 E/QCameraHWI(  235): android::status_t android::QCameraHardwareInterface::setPreviewWindow(preview_stream_ops_t*): mPreviewWindow = 0x0x17bae00, mStreamDisplay = 0x0x17d1f10
12-29 12:09:24.626 E/QCameraHWI_Preview(  235):  setPreviewWindow: E 
12-29 12:09:24.626 E/QCameraHWI(  235):  setPreviewWindow : X, mPreviewState = 0
12-29 12:09:24.626 V/Camera  (24312): startPreview
12-29 12:09:24.626 E/QualcommCamera(  235): Qint android::preview_enabled(camera_device*): E
12-29 12:09:24.626 I/QCameraHWI(  235): previewEnabled: E
12-29 12:09:24.626 E/QCameraHWI(  235): int android::QCameraHardwareInterface::previewEnabled(): mCameraState = 1
12-29 12:09:24.626 E/QCameraHWI(  235):  setPreviewWindow: E mPreviewState = 0, mStreamDisplay = 0x17d1f10
12-29 12:09:24.626 E/QCameraHWI(  235): android::status_t android::QCameraHardwareInterface::setPreviewWindow(preview_stream_ops_t*): mPreviewWindow = 0x0x17bae00, mStreamDisplay = 0x0x17d1f10
12-29 12:09:24.626 E/QCameraHWI_Preview(  235):  setPreviewWindow: E 
12-29 12:09:24.626 E/QCameraHWI(  235):  setPreviewWindow : X, mPreviewState = 0
12-29 12:09:24.626 E/QualcommCamera(  235): Qint android::start_preview(camera_device*): E
12-29 12:09:24.626 E/QCameraHWI(  235): android::status_t android::QCameraHardwareInterface::startPreview(): mPreviewState =0
12-29 12:09:24.626 E/QCameraHWI(  235): android::status_t android::QCameraHardwareInterface::startPreview():  HAL::startPreview begin
12-29 12:09:24.626 E/QCameraHWI(  235): android::status_t android::QCameraHardwareInterface::startPreview():  start preview now
12-29 12:09:24.626 I/QCameraHWI(  235): startPreview2: E
12-29 12:09:24.626 I/QCameraHWI(  235): preview_parm_config: E
12-29 12:09:24.626 I/QCameraHWI(  235): preview_parm_config: X
12-29 12:09:24.626 E/hardware/qcom/camera/QCameraStream.cpp(  235): android::status_t android::QCameraStream::setMode(int) :myMode 5 
12-29 12:09:24.626 E/hardware/qcom/camera/QCameraStream.cpp(  235): android::status_t android::QCameraStream::setMode(int) :myMode 5 
12-29 12:09:24.626 E/hardware/qcom/camera/QCameraStream.cpp(  235): android::status_t android::QCameraStream::setMode(int) :myMode 5 
12-29 12:09:24.626 E/QCameraHWI(  235): android::status_t android::QCameraHardwareInterface::startPreview2(): myMode = 5
12-29 12:09:24.626 E/QCameraHWI(  235): android::status_t android::QCameraHardwareInterface::startPreview2(): setPreviewWindow
12-29 12:09:24.626 E/QCameraHWI_Preview(  235):  setPreviewWindow: E 
12-29 12:09:24.626 E/hardware/qcom/camera/QCameraStream.cpp(  235): android::status_t android::QCameraStream::setFormat(uint8_t): E
12-29 12:09:24.626 V/hardware/qcom/camera/QCameraStream.cpp(  235): android::status_t android::QCameraStream::setFormat(uint8_t): Stream MM_CAMERA_PARM_CH_IMAGE_FMT rc = 0
12-29 12:09:24.626 E/hardware/qcom/camera/QCameraStream.cpp(  235): android::status_t android::QCameraStream::setFormat(uint8_t): X
12-29 12:09:24.626 E/QCameraHWI_Preview(  235): virtual android::status_t android::QCameraStream_preview::initDisplayBuffers():BEGIN
12-29 12:09:24.626 D/memalloc(  232): ion: Allocated buffer base:0x425f0000 size:462848 fd:66
12-29 12:09:24.626 D/memalloc(  235): ion: Mapped buffer base:0x423d9000 size:462848 offset:0 fd:59
12-29 12:09:24.626 E/QCameraHWI_Preview(  235): android::status_t android::QCameraStream_preview::getBufferFromSurface(): dequeue buf hdl =0x179e5b8
12-29 12:09:24.626 E/QCameraHWI_Preview(  235): getBufferFromSurface: camera call genlock_lock, hdl=0x179e5b8
12-29 12:09:24.626 E/QCameraHWI_Preview(  235): getBufferFromSurface: genlock_lock_buffer hdl =0x179e5b8
12-29 12:09:24.626 E/QCameraHWI_Preview(  235): android::status_t android::QCameraStream_preview::getBufferFromSurface(): dequeue buf: 0x17d4e28
12-29 12:09:24.626 E/QCameraHWI_Preview(  235): android::status_t android::QCameraStream_preview::getBufferFromSurface(): idx = 0, fd = 59, size = 462848, offset = 0
12-29 12:09:24.626 D/memalloc(  232): ion: Allocated buffer base:0x43003000 size:462848 fd:72
12-29 12:09:24.626 D/memalloc(  235): ion: Mapped buffer base:0x43245000 size:462848 offset:0 fd:64
12-29 12:09:24.626 E/QCameraHWI_Preview(  235): android::status_t android::QCameraStream_preview::getBufferFromSurface(): dequeue buf hdl =0x17d9508
12-29 12:09:24.626 E/QCameraHWI_Preview(  235): getBufferFromSurface: camera call genlock_lock, hdl=0x17d9508
12-29 12:09:24.626 E/QCameraHWI_Preview(  235): getBufferFromSurface: genlock_lock_buffer hdl =0x17d9508
12-29 12:09:24.626 E/QCameraHWI_Preview(  235): android::status_t android::QCameraStream_preview::getBufferFromSurface(): dequeue buf: 0x17d4f10
12-29 12:09:24.626 E/QCameraHWI_Preview(  235): android::status_t android::QCameraStream_preview::getBufferFromSurface(): idx = 1, fd = 64, size = 462848, offset = 0
12-29 12:09:24.626 D/memalloc(  232): ion: Allocated buffer base:0x43211000 size:462848 fd:81
12-29 12:09:24.626 D/memalloc(  235): ion: Mapped buffer base:0x437f5000 size:462848 offset:0 fd:68
12-29 12:09:24.626 E/QCameraHWI_Preview(  235): android::status_t android::QCameraStream_preview::getBufferFromSurface(): dequeue buf hdl =0x17cd9e8
12-29 12:09:24.626 E/QCameraHWI_Preview(  235): getBufferFromSurface: camera call genlock_lock, hdl=0x17cd9e8
12-29 12:09:24.626 E/QCameraHWI_Preview(  235): getBufferFromSurface: genlock_lock_buffer hdl =0x17cd9e8
12-29 12:09:24.626 E/QCameraHWI_Preview(  235): android::status_t android::QCameraStream_preview::getBufferFromSurface(): dequeue buf: 0x17d6698
12-29 12:09:24.626 E/QCameraHWI_Preview(  235): android::status_t android::QCameraStream_preview::getBufferFromSurface(): idx = 2, fd = 68, size = 462848, offset = 0
12-29 12:09:24.626 D/memalloc(  232): ion: Allocated buffer base:0x43751000 size:462848 fd:84
12-29 12:09:24.636 D/memalloc(  235): ion: Mapped buffer base:0x4399a000 size:462848 offset:0 fd:72
12-29 12:09:24.636 E/QCameraHWI_Preview(  235): android::status_t android::QCameraStream_preview::getBufferFromSurface(): dequeue buf hdl =0x17abd70
12-29 12:09:24.636 E/QCameraHWI_Preview(  235): getBufferFromSurface: camera call genlock_lock, hdl=0x17abd70
12-29 12:09:24.636 E/QCameraHWI_Preview(  235): getBufferFromSurface: genlock_lock_buffer hdl =0x17abd70
12-29 12:09:24.636 E/QCameraHWI_Preview(  235): android::status_t android::QCameraStream_preview::getBufferFromSurface(): dequeue buf: 0x17abd30
12-29 12:09:24.636 E/QCameraHWI_Preview(  235): android::status_t android::QCameraStream_preview::getBufferFromSurface(): idx = 3, fd = 72, size = 462848, offset = 0
12-29 12:09:24.636 D/memalloc(  232): ion: Allocated buffer base:0x438bf000 size:462848 fd:87
12-29 12:09:24.636 D/memalloc(  235): ion: Mapped buffer base:0x43bfd000 size:462848 offset:0 fd:76
12-29 12:09:24.636 E/QCameraHWI_Preview(  235): android::status_t android::QCameraStream_preview::getBufferFromSurface(): dequeue buf hdl =0x179ac20
12-29 12:09:24.636 E/QCameraHWI_Preview(  235): getBufferFromSurface: camera call genlock_lock, hdl=0x179ac20
12-29 12:09:24.636 E/QCameraHWI_Preview(  235): getBufferFromSurface: genlock_lock_buffer hdl =0x179ac20
12-29 12:09:24.636 E/QCameraHWI_Preview(  235): android::status_t android::QCameraStream_preview::getBufferFromSurface(): dequeue buf: 0x179abe0
12-29 12:09:24.636 E/QCameraHWI_Preview(  235): android::status_t android::QCameraStream_preview::getBufferFromSurface(): idx = 4, fd = 76, size = 462848, offset = 0
12-29 12:09:24.636 D/memalloc(  232): ion: Allocated buffer base:0x43a1a000 size:462848 fd:90
12-29 12:09:24.636 D/memalloc(  235): ion: Mapped buffer base:0x43dd1000 size:462848 offset:0 fd:80
12-29 12:09:24.636 E/QCameraHWI_Preview(  235): android::status_t android::QCameraStream_preview::getBufferFromSurface(): dequeue buf hdl =0x17cce88
12-29 12:09:24.636 E/QCameraHWI_Preview(  235): getBufferFromSurface: camera call genlock_lock, hdl=0x17cce88
12-29 12:09:24.636 E/QCameraHWI_Preview(  235): getBufferFromSurface: genlock_lock_buffer hdl =0x17cce88
12-29 12:09:24.636 E/QCameraHWI_Preview(  235): android::status_t android::QCameraStream_preview::getBufferFromSurface(): dequeue buf: 0x17d5618
12-29 12:09:24.636 E/QCameraHWI_Preview(  235): android::status_t android::QCameraStream_preview::getBufferFromSurface(): idx = 5, fd = 80, size = 462848, offset = 0
12-29 12:09:24.636 D/memalloc(  232): ion: Allocated buffer base:0x43ae2000 size:462848 fd:93
12-29 12:09:24.636 D/memalloc(  235): ion: Mapped buffer base:0x4406d000 size:462848 offset:0 fd:84
12-29 12:09:24.636 E/QCameraHWI_Preview(  235): android::status_t android::QCameraStream_preview::getBufferFromSurface(): dequeue buf hdl =0x17d1ba0
12-29 12:09:24.636 E/QCameraHWI_Preview(  235): getBufferFromSurface: camera call genlock_lock, hdl=0x17d1ba0
12-29 12:09:24.636 E/QCameraHWI_Preview(  235): getBufferFromSurface: genlock_lock_buffer hdl =0x17d1ba0
12-29 12:09:24.636 E/QCameraHWI_Preview(  235): android::status_t android::QCameraStream_preview::getBufferFromSurface(): dequeue buf: 0x17d1b60
12-29 12:09:24.636 E/QCameraHWI_Preview(  235): android::status_t android::QCameraStream_preview::getBufferFromSurface(): idx = 6, fd = 84, size = 462848, offset = 0
12-29 12:09:24.636 E/QCameraHWI_Preview(  235): virtual android::status_t android::QCameraStream_preview::initDisplayBuffers(): idx = 0, fd = 59, size = 462848, cbcr_offset = 307200, y_offset = 0, offset = 0, vaddr = 0x42e8a000
12-29 12:09:24.636 E/mm-camera(  308): mctl_pp_poll_fn: Woke up Socket fd
12-29 12:09:24.636 E/mm-camera(  308): mctl_pp_recvmsg: Receieved msg_type=0
12-29 12:09:24.636 E/QCameraHWI_Preview(  235): Planes: 0 length: 307200 userptr: 59 offset: 0
12-29 12:09:24.636 E/QCameraHWI_Preview(  235): Planes: 1 length: 153600 userptr: 59 offset: 307200
12-29 12:09:24.636 E/QCameraHWI_Preview(  235): virtual android::status_t android::QCameraStream_preview::initDisplayBuffers(): idx = 1, fd = 64, size = 462848, cbcr_offset = 307200, y_offset = 0, offset = 0, vaddr = 0x43674000
12-29 12:09:24.636 E/mm-camera(  308): mctl_pp_poll_fn: Woke up Socket fd
12-29 12:09:24.636 E/mm-camera(  308): mctl_pp_recvmsg: Receieved msg_type=0
12-29 12:09:24.636 E/QCameraHWI_Preview(  235): Planes: 0 length: 307200 userptr: 64 offset: 0
12-29 12:09:24.636 E/QCameraHWI_Preview(  235): Planes: 1 length: 153600 userptr: 64 offset: 307200
12-29 12:09:24.636 E/QCameraHWI_Preview(  235): virtual android::status_t android::QCameraStream_preview::initDisplayBuffers(): idx = 2, fd = 68, size = 462848, cbcr_offset = 307200, y_offset = 0, offset = 0, vaddr = 0x438cc000
12-29 12:09:24.636 E/mm-camera(  308): mctl_pp_poll_fn: Woke up Socket fd
12-29 12:09:24.636 E/mm-camera(  308): mctl_pp_recvmsg: Receieved msg_type=0
12-29 12:09:24.636 E/QCameraHWI_Preview(  235): Planes: 0 length: 307200 userptr: 68 offset: 0
12-29 12:09:24.636 E/QCameraHWI_Preview(  235): Planes: 1 length: 153600 userptr: 68 offset: 307200
12-29 12:09:24.636 E/QCameraHWI_Preview(  235): virtual android::status_t android::QCameraStream_preview::initDisplayBuffers(): idx = 3, fd = 72, size = 462848, cbcr_offset = 307200, y_offset = 0, offset = 0, vaddr = 0x43ace000
12-29 12:09:24.636 E/mm-camera(  308): mctl_pp_poll_fn: Woke up Socket fd
12-29 12:09:24.636 E/mm-camera(  308): mctl_pp_recvmsg: Receieved msg_type=0
12-29 12:09:24.636 E/QCameraHWI_Preview(  235): Planes: 0 length: 307200 userptr: 72 offset: 0
12-29 12:09:24.636 E/QCameraHWI_Preview(  235): Planes: 1 length: 153600 userptr: 72 offset: 307200
12-29 12:09:24.636 E/QCameraHWI_Preview(  235): virtual android::status_t android::QCameraStream_preview::initDisplayBuffers(): idx = 4, fd = 76, size = 462848, cbcr_offset = 307200, y_offset = 0, offset = 0, vaddr = 0x43cf8000
12-29 12:09:24.636 E/mm-camera(  308): mctl_pp_poll_fn: Woke up Socket fd
12-29 12:09:24.636 E/mm-camera(  308): mctl_pp_recvmsg: Receieved msg_type=0
12-29 12:09:24.636 E/QCameraHWI_Preview(  235): Planes: 0 length: 307200 userptr: 76 offset: 0
12-29 12:09:24.636 E/QCameraHWI_Preview(  235): Planes: 1 length: 153600 userptr: 76 offset: 307200
12-29 12:09:24.636 E/QCameraHWI_Preview(  235): virtual android::status_t android::QCameraStream_preview::initDisplayBuffers(): idx = 5, fd = 80, size = 462848, cbcr_offset = 307200, y_offset = 0, offset = 0, vaddr = 0x43e78000
12-29 12:09:24.636 E/mm-camera(  308): mctl_pp_poll_fn: Woke up Socket fd
12-29 12:09:24.636 E/mm-camera(  308): mctl_pp_recvmsg: Receieved msg_type=0
12-29 12:09:24.636 E/QCameraHWI_Preview(  235): Planes: 0 length: 307200 userptr: 80 offset: 0
12-29 12:09:24.636 E/QCameraHWI_Preview(  235): Planes: 1 length: 153600 userptr: 80 offset: 307200
12-29 12:09:24.636 E/QCameraHWI_Preview(  235): virtual android::status_t android::QCameraStream_preview::initDisplayBuffers(): idx = 6, fd = 84, size = 462848, cbcr_offset = 307200, y_offset = 0, offset = 0, vaddr = 0x44119000
12-29 12:09:24.636 E/mm-camera(  308): mctl_pp_poll_fn: Woke up Socket fd
12-29 12:09:24.636 E/mm-camera(  308): mctl_pp_recvmsg: Receieved msg_type=0
12-29 12:09:24.636 E/QCameraHWI_Preview(  235): Planes: 0 length: 307200 userptr: 84 offset: 0
12-29 12:09:24.636 E/QCameraHWI_Preview(  235): Planes: 1 length: 153600 userptr: 84 offset: 307200
12-29 12:09:24.636 E/QCameraHWI_Preview(  235): virtual android::status_t android::QCameraStream_preview::initDisplayBuffers():END
12-29 12:09:24.636 E/QCameraHWI_Preview(  235): Debug : virtual android::status_t android::QCameraStream_preview::start() : initDisplayBuffers
12-29 12:09:24.636 E/QCameraHWI_Preview(  235): Debug : virtual android::status_t android::QCameraStream_preview::start() : cam_config_prepare_buf
12-29 12:09:24.636 E/QCameraHWI_Preview(  235): Setting OP MODE to MM_CAMERA_OP_MODE_VIDEO
12-29 12:09:24.636 E/QCameraHWI_Preview(  235): OP Mode Set
12-29 12:09:24.636 E/QCameraHWI_Preview(  235): Starting Preview/Video Stream. 
12-29 12:09:24.646 E/mm-camera(  308): config_decide_vfe_outputs Current mode 0 Full size liveshot : Disabled
12-29 12:09:24.646 E/mm-camera(  308): config_decide_vfe_outputs: Ports Used 1, Op mode 64
12-29 12:09:24.646 E/mm-camera(  308): config_decide_vfe_outputs: Primary: 640x480, extra_pad: 0x0, Fmt: 1, Type: 1, Path: 1
12-29 12:09:24.646 E/mm-camera(  308): config_decide_vfe_outputs: Secondary: 640x480, extra_pad: 0x0, Fmt: 0, Type: 0, Path: 0
12-29 12:09:24.646 E/mm-camera(  308): config_set_op_mode_to_mctl_pp_video Camcorder configured in Low Power mode.
12-29 12:09:24.646 E/mm-camera(  308): config_MSM_V4L2_STREAM_ON Sending START CMD to VFE 
12-29 12:09:24.646 E/mm-camera(  308): config_CAMERA_START_VIDEO: received CAMERA_START_VIDEO!, ctrl->state = 0
12-29 12:09:24.646 E/mm-camera(  308): zoom_get_crop_factor: crop_factor = 4096
12-29 12:09:24.766 E/mm-camera(  308): vfe_config_mode: VideoCFg config 7ffffff
12-29 12:09:24.766 E/mm-camera(  308): vfe_operation_config: format 1
12-29 12:09:24.766 E/mm-camera(  308): vfe_operation_config:vfe_op_mode=4
12-29 12:09:24.766 E/mm-camera(  308): config_MSG_ID_RESET_ACK Writing aec data to sensor: Real Gain 1.000000 Line count 503 
12-29 12:09:24.786 E/QCameraHWI_Preview(  235): Debug : virtual android::status_t android::QCameraStream_preview::start() : Preview streaming Started
12-29 12:09:24.786 E/QCameraHWI_Preview(  235): virtual android::status_t android::QCameraStream_preview::start(): X
12-29 12:09:24.786 I/QCameraHWI(  235): startPreview: X
12-29 12:09:24.786 E/QualcommCamera(  235): Qint android::start_preview(camera_device*): X
12-29 12:09:24.786 E/QCameraHWI(  235): processEvent: type :1 E
12-29 12:09:24.786 I/QCameraHWI(  235): processCtrlEvent: 0, E
12-29 12:09:24.786 I/QCameraHWI(  235): zoomEvent: state:2 E
12-29 12:09:24.786 I/QCameraHWI(  235): void android::QCameraHardwareInterface::handleZoomEventForPreview(app_notify_cb_t*): E
12-29 12:09:24.786 I/QCameraHWI(  235): void android::QCameraHardwareInterface::handleZoomEventForPreview(app_notify_cb_t*): Fetching crop info
12-29 12:09:24.806 D/memalloc(  232): ion: Allocated buffer base:0x43e71000 size:2703360 fd:96
12-29 12:09:24.816 I/QCameraHWI(  235): void android::QCameraHardwareInterface::handleZoomEventForPreview(app_notify_cb_t*): Crop info received: 0, 0, 0, 0 
12-29 12:09:24.816 I/QCameraHWI(  235): void android::QCameraHardwareInterface::handleZoomEventForPreview(app_notify_cb_t*): Done setting crop
12-29 12:09:24.816 I/QCameraHWI(  235): void android::QCameraHardwareInterface::handleZoomEventForPreview(app_notify_cb_t*): Currrent zoom :0
12-29 12:09:24.816 I/QCameraHWI(  235): void android::QCameraHardwareInterface::handleZoomEventForPreview(app_notify_cb_t*): X
12-29 12:09:24.816 I/QCameraHWI(  235): zoomEvent: X
12-29 12:09:24.816 I/QCameraHWI(  235): processCtrlEvent: X
12-29 12:09:24.816 E/QCameraHWI(  235):  App_cb Notify 0x0, datacb=0x0
12-29 12:09:24.816 I/QCameraHWI(  235): processEvent: X
12-29 12:09:24.816 E/QCameraHWI(  235): processEvent: type :0 E
12-29 12:09:24.816 I/QCameraHWI(  235): processChannelEvent: E
12-29 12:09:24.816 I/QCameraHWI(  235): processPreviewChannelEvent: E
12-29 12:09:24.816 I/QCameraHWI(  235): processPreviewChannelEvent: X
12-29 12:09:24.816 I/QCameraHWI(  235): processChannelEvent: X
12-29 12:09:24.816 E/QCameraHWI(  235):  App_cb Notify 0x0, datacb=0x0
12-29 12:09:24.816 I/QCameraHWI(  235): processEvent: X
12-29 12:09:24.816 E/QCameraHWI(  235): processEvent: type :1 E
12-29 12:09:24.816 I/QCameraHWI(  235): processCtrlEvent: 0, E
12-29 12:09:24.816 I/QCameraHWI(  235): zoomEvent: state:2 E
12-29 12:09:24.816 I/QCameraHWI(  235): void android::QCameraHardwareInterface::handleZoomEventForPreview(app_notify_cb_t*): E
12-29 12:09:24.816 I/QCameraHWI(  235): void android::QCameraHardwareInterface::handleZoomEventForPreview(app_notify_cb_t*): Fetching crop info
12-29 12:09:24.816 I/QCameraHWI(  235): void android::QCameraHardwareInterface::handleZoomEventForPreview(app_notify_cb_t*): Crop info received: 0, 0, 0, 0 
12-29 12:09:24.816 I/QCameraHWI(  235): void android::QCameraHardwareInterface::handleZoomEventForPreview(app_notify_cb_t*): Done setting crop
12-29 12:09:24.816 I/QCameraHWI(  235): void android::QCameraHardwareInterface::handleZoomEventForPreview(app_notify_cb_t*): Currrent zoom :0
12-29 12:09:24.816 I/QCameraHWI(  235): void android::QCameraHardwareInterface::handleZoomEventForPreview(app_notify_cb_t*): X
12-29 12:09:24.816 I/QCameraHWI(  235): zoomEvent: X
12-29 12:09:24.816 I/QCameraHWI(  235): processCtrlEvent: X
12-29 12:09:24.816 E/QCameraHWI(  235):  App_cb Notify 0x0, datacb=0x0
12-29 12:09:24.816 I/QCameraHWI(  235): processEvent: X
12-29 12:09:24.816 D/memalloc(24312): ion: Mapped buffer base:0x5da60000 size:2703360 offset:0 fd:92
12-29 12:09:24.816 I/Adreno200-EGLSUB(  232): <CreateImage:1017>: Android Image
12-29 12:09:24.826 E/SurfaceTexture(  232): [SurfaceView] dequeueBuffer: MIN_UNDEQUEUED_BUFFERS=2 exceeded (dequeued=6)
12-29 12:09:24.826 E/QCameraHWI_Preview(  235): android::status_t android::QCameraStream_preview::processPreviewFrameWithDisplay(mm_camera_ch_data_buf_t*): error in dequeue_buffer, enqueue_buffer idx = 0, no free buffer now
12-29 12:09:24.856 I/Adreno200-EGLSUB(  232): <CreateImage:1017>: Android Image
12-29 12:09:24.856 E/SurfaceTexture(  232): [SurfaceView] dequeueBuffer: MIN_UNDEQUEUED_BUFFERS=2 exceeded (dequeued=5)
12-29 12:09:24.856 E/QCameraHWI_Preview(  235): android::status_t android::QCameraStream_preview::processPreviewFrameWithDisplay(mm_camera_ch_data_buf_t*): error in dequeue_buffer, enqueue_buffer idx = 1, no free buffer now
12-29 12:09:24.876 I/Adreno200-EGLSUB(  232): <CreateImage:1017>: Android Image
12-29 12:09:24.876 I/Adreno200-EGLSUB(  232): <GetImageAttributes:1282>: RGBX_8888
12-29 12:09:24.886 E/msm8960.hwcomposer(  232): Avoid call perform==NULL: EVENT_RESET_POSTBUFFER
12-29 12:09:24.886 E/msm8960.hwcomposer(  232): Avoid call perform==NULL EVENT_WAIT_POSTBUFFER
12-29 12:09:24.886 I/Adreno200-EGLSUB(  232): <CreateImage:1017>: Android Image
12-29 12:09:24.906 D/memalloc(  232): ion: Allocated buffer base:0x44788000 size:2703360 fd:99
12-29 12:09:24.906 D/memalloc(24312): ion: Mapped buffer base:0x5dcf4000 size:2703360 offset:0 fd:101
12-29 12:09:24.917 I/Adreno200-EGLSUB(  232): <CreateImage:1017>: Android Image
12-29 12:09:24.927 V/Camera  (24312): setPreviewCallbackFlags
12-29 12:09:24.927 E/QualcommCamera(  235): Qvoid android::disable_msg_type(camera_device*, int32_t): E
12-29 12:09:24.927 I/QCameraHWI(  235): disableMsgType: E
12-29 12:09:24.927 I/QCameraHWI(  235): disableMsgType: X, msgType =0x10, mMsgEnabled=0xd
12-29 12:09:24.927 I/Adreno200-EGLSUB(  232): <CreateImage:1017>: Android Image
12-29 12:09:24.927 I/Adreno200-EGLSUB(  232): <GetImageAttributes:1226>: RGBA_8888
12-29 12:09:24.937 I/ActivityManager(  518): Displayed jp.saka.camera/.CameraPreviewActivity: +614ms
12-29 12:09:24.947 D/sakalog (24312): data: 460800B
12-29 12:09:24.947 V/Camera  (24312): setPreviewCallbackFlags
12-29 12:09:24.947 I/QCameraHWI(  235): enableMsgType: E, msgType =0x10
12-29 12:09:24.947 I/QCameraHWI(  235): enableMsgType: X, msgType =0x10, mMsgEnabled=0x1d
12-29 12:09:24.947 D/sakalog (24312): data: 460800B
12-29 12:09:24.957 D/sakalog (24312): Camera preview surface destroyed.
12-29 12:09:24.957 D/memalloc(24312): ion: Unmapping buffer  base:0x5df88000 size:2703360
12-29 12:09:24.957 D/memalloc(24312): ion: Unmapping buffer  base:0x5d7cc000 size:2703360
12-29 12:09:24.957 D/memalloc(  232): ion: Freeing buffer base:0x434bd000 size:2703360 fd:60
12-29 12:09:24.957 D/memalloc(  232): ion: Unmapping buffer  base:0x434bd000 size:2703360
12-29 12:09:24.957 D/memalloc(24312): ion: Unmapping buffer  base:0x5da60000 size:2703360
12-29 12:09:24.967 E/msm8960.hwcomposer(  232): Avoid call perform==NULL: EVENT_RESET_POSTBUFFER
12-29 12:09:24.967 E/msm8960.hwcomposer(  232): Avoid call perform==NULL EVENT_WAIT_POSTBUFFER
12-29 12:09:24.967 I/Adreno200-EGLSUB(  232): <CreateImage:1017>: Android Image
12-29 12:09:24.967 I/roidNativeDriverServlet(24312): Done: /session/1356749712531/url
12-29 12:09:24.977 E/msm8960.hwcomposer(  232): Avoid call perform==NULL: EVENT_RESET_POSTBUFFER
12-29 12:09:24.977 E/msm8960.hwcomposer(  232): Avoid call perform==NULL EVENT_WAIT_POSTBUFFER
12-29 12:09:25.017 E/OverlayLIB(  232): decZ: freeing the pipe with zorder = 0 for fbdev = 0
12-29 12:09:25.017 E/OverlayLIB(  232): decZ: Pipes in use  = 0
12-29 12:09:25.017 D/memalloc(  232): ion: Freeing buffer base:0x0 size:925696 fd:63
12-29 12:09:25.017 D/memalloc(  232): ion: Freeing buffer base:0x43e71000 size:2703360 fd:96
12-29 12:09:25.017 D/memalloc(  232): ion: Unmapping buffer  base:0x43e71000 size:2703360
12-29 12:09:25.017 I/Adreno200-EGLSUB(  232): <CreateImage:1017>: Android Image
12-29 12:09:25.027 D/sakalog (24312): data: 460800B
12-29 12:09:25.027 I/Adreno200-EGLSUB(  232): <CreateImage:1017>: Android Image
12-29 12:09:25.127 D/sakalog (24312): data: 460800B
12-29 12:09:25.157 E/OverlayLIB(  232): getZ: return zorder = 0 for fbdev = 0, pipesinUse = 1
12-29 12:09:25.157 D/sakalog (24312): onStop
12-29 12:09:25.157 D/sakalog (24312): onDestroy
12-29 12:09:25.177 D/memalloc(  232): ion: Allocated buffer base:0x0 size:925696 fd:60
12-29 12:09:25.187 E/msm8960.hwcomposer(  232): Avoid call perform==NULL: EVENT_RESET_POSTBUFFER
12-29 12:09:25.187 E/msm8960.hwcomposer(  232): Avoid call perform==NULL EVENT_WAIT_POSTBUFFER
12-29 12:09:25.197 D/memalloc(  232): ion: Allocated buffer base:0x0 size:925696 fd:63
12-29 12:09:25.207 D/memalloc(  232): ion: Freeing buffer base:0x0 size:925696 fd:60
12-29 12:09:25.217 E/msm8960.hwcomposer(  232): Avoid call perform==NULL: EVENT_RESET_POSTBUFFER
12-29 12:09:25.217 E/msm8960.hwcomposer(  232): Avoid call perform==NULL EVENT_WAIT_POSTBUFFER
12-29 12:09:25.217 D/memalloc(  232): ion: Freeing buffer base:0x44105000 size:2703360 fd:102
12-29 12:09:25.217 D/memalloc(  232): ion: Unmapping buffer  base:0x44105000 size:2703360
12-29 12:09:25.217 D/memalloc(  232): ion: Freeing buffer base:0x431a0000 size:462848 fd:78
12-29 12:09:25.217 D/memalloc(  232): ion: Unmapping buffer  base:0x431a0000 size:462848
12-29 12:09:25.227 D/sakalog (24312): data: 460800B
12-29 12:09:25.327 D/sakalog (24312): data: 460800B
12-29 12:09:25.427 D/sakalog (24312): data: 460800B
12-29 12:09:25.527 D/sakalog (24312): data: 460800B
12-29 12:09:25.627 D/sakalog (24312): data: 460800B
12-29 12:09:25.727 D/sakalog (24312): data: 460800B
12-29 12:09:25.827 D/sakalog (24312): data: 460800B
12-29 12:09:25.928 D/sakalog (24312): data: 460800B
12-29 12:09:26.028 D/sakalog (24312): data: 460800B
12-29 12:09:26.128 D/sakalog (24312): data: 460800B
12-29 12:09:26.228 D/sakalog (24312): data: 460800B
12-29 12:09:26.328 D/sakalog (24312): data: 460800B
12-29 12:09:26.428 D/sakalog (24312): data: 460800B
12-29 12:09:26.528 D/sakalog (24312): data: 460800B
12-29 12:09:26.628 D/sakalog (24312): data: 460800B
12-29 12:09:26.728 D/sakalog (24312): data: 460800B
12-29 12:09:26.829 D/sakalog (24312): data: 460800B
12-29 12:09:26.929 D/sakalog (24312): data: 460800B
12-29 12:09:27.029 D/sakalog (24312): data: 460800B
12-29 12:09:27.089 E/        (  308): frame_rate 7808, max_preview_fps 7808
12-29 12:09:27.129 D/sakalog (24312): data: 460800B
12-29 12:09:27.229 D/sakalog (24312): data: 460800B
12-29 12:09:27.329 D/sakalog (24312): data: 460800B
12-29 12:09:27.429 D/sakalog (24312): data: 460800B
12-29 12:09:27.529 D/sakalog (24312): data: 460800B
12-29 12:09:27.629 D/sakalog (24312): data: 460800B
12-29 12:09:27.730 D/sakalog (24312): data: 460800B
12-29 12:09:27.830 D/sakalog (24312): data: 460800B
12-29 12:09:27.930 D/sakalog (24312): data: 460800B
12-29 12:09:28.000 I/roidNativeDriverServlet(24312): Executing: [go back] at URL: /session/1356749712531/back)
12-29 12:09:28.050 D/sakalog (24312): data: 460800B
12-29 12:09:28.050 D/sakalog (24312): onPause
12-29 12:09:28.050 V/Camera  (24312): stopPreview
12-29 12:09:28.050 E/QualcommCamera(  235): Qvoid android::disable_msg_type(camera_device*, int32_t): E
12-29 12:09:28.050 I/QCameraHWI(  235): disableMsgType: E
12-29 12:09:28.050 I/QCameraHWI(  235): disableMsgType: X, msgType =0x400, mMsgEnabled=0x1d
12-29 12:09:28.050 E/QualcommCamera(  235): Qvoid android::disable_msg_type(camera_device*, int32_t): E
12-29 12:09:28.050 I/QCameraHWI(  235): disableMsgType: E
12-29 12:09:28.050 I/QCameraHWI(  235): disableMsgType: X, msgType =0x10, mMsgEnabled=0xd
12-29 12:09:28.050 E/QualcommCamera(  235): Qvoid android::stop_preview(camera_device*): E
12-29 12:09:28.050 I/QCameraHWI(  235): void android::QCameraHardwareInterface::stopPreview(): stopPreview: E
12-29 12:09:28.050 I/QCameraHWI(  235): stopPreviewInternal: E
12-29 12:09:28.050 E/QCameraHWI_Preview(  235): virtual void android::QCameraStream_preview::stop(): E
12-29 12:09:28.060 E/mm-camera(  308): config_MSG_ID_STOP_ACK: unset video mode to mctl_pp
12-29 12:09:28.060 E/QCameraHWI_Preview(  235): Debug : virtual void android::QCameraStream_preview::stop() : Buffer Unprepared
12-29 12:09:28.060 E/QCameraHWI(  235): processEvent: type :0 E
12-29 12:09:28.060 I/QCameraHWI(  235): processChannelEvent: E
12-29 12:09:28.060 E/mm-camera(  308): mctl_pp_poll_fn: Woke up Socket fd
12-29 12:09:28.060 E/mm-camera(  308): mctl_pp_recvmsg: Receieved msg_type=1
12-29 12:09:28.070 E/mm-camera(  308): mctl_pp_poll_fn: Woke up Socket fd
12-29 12:09:28.070 E/mm-camera(  308): mctl_pp_recvmsg: Receieved msg_type=1
12-29 12:09:28.070 E/mm-camera(  308): mctl_pp_poll_fn: Woke up Socket fd
12-29 12:09:28.070 E/mm-camera(  308): mctl_pp_recvmsg: Receieved msg_type=1
12-29 12:09:28.070 E/mm-camera(  308): mctl_pp_poll_fn: Woke up Socket fd
12-29 12:09:28.070 E/mm-camera(  308): mctl_pp_recvmsg: Receieved msg_type=1
12-29 12:09:28.070 E/mm-camera(  308): mctl_pp_poll_fn: Woke up Socket fd
12-29 12:09:28.070 E/mm-camera(  308): mctl_pp_recvmsg: Receieved msg_type=1
12-29 12:09:28.070 E/QCameraHWI_Preview(  235): virtual void android::QCameraStream_preview::stop(): X
12-29 12:09:28.070 I/QCameraHWI(  235): stopPreviewInternal: X
12-29 12:09:28.070 E/QCameraHWI_Parm(  235): bool android::QCameraHardwareInterface::native_set_parms(mm_camera_parm_type_t, uint16_t, void*) : type : 72 Value : 0
12-29 12:09:28.070 E/mm-camera(  308): mctl_pp_poll_fn: Woke up Socket fd
12-29 12:09:28.070 E/mm-camera(  308): mctl_pp_recvmsg: Receieved msg_type=1
12-29 12:09:28.070 E/mm-camera(  308): mctl_pp_poll_fn: Woke up Socket fd
12-29 12:09:28.070 E/mm-camera(  308): mctl_pp_recvmsg: Receieved msg_type=1
12-29 12:09:28.070 E/mm-camera(  308): config_proc_CAMERA_SET_RECORDING_HINT Current usecase : Camera 
12-29 12:09:28.070 I/QCameraHWI_Parm(  235): android::status_t android::QCameraHardwareInterface::setDISMode() DIS is Disabled value = 0
12-29 12:09:28.070 E/QCameraHWI_Parm(  235): bool android::QCameraHardwareInterface::native_set_parms(mm_camera_parm_type_t, uint16_t, void*) : type : 75 Value : 0
12-29 12:09:28.070 E/mm-camera(  308): config_proc_CAMERA_SET_DIS_ENABLE: DIS Enabled? : No 
12-29 12:09:28.070 E/QCameraHWI_Parm(  235): native_set_parms failed: type 75 length 4 error Operation not permitted
12-29 12:09:28.070 I/QCameraHWI_Parm(  235): android::status_t android::QCameraHardwareInterface::setFullLiveshot() Full size liveshot Disabled value = 0
12-29 12:09:28.070 E/QCameraHWI_Parm(  235): bool android::QCameraHardwareInterface::native_set_parms(mm_camera_parm_type_t, uint16_t, void*) : type : 74 Value : 0
12-29 12:09:28.070 E/mm-camera(  308): config_proc_CAMERA_SET_FULL_LIVESHOT rc = 1, status = 1, Full Liveshot enabled? : No 
12-29 12:09:28.070 I/QCameraHWI(  235): stopPreview: X, mPreviewState = 0
12-29 12:09:28.070 I/QCameraHWI(  235): processPreviewChannelEvent: E
12-29 12:09:28.070 I/QCameraHWI(  235): processPreviewChannelEvent: X
12-29 12:09:28.070 I/QCameraHWI(  235): processChannelEvent: X
12-29 12:09:28.070 E/QCameraHWI(  235):  App_cb Notify 0x0, datacb=0x0
12-29 12:09:28.070 I/QCameraHWI(  235): processEvent: X
12-29 12:09:28.070 V/Camera  (24312): setPreviewCallbackFlags
12-29 12:09:28.070 E/QualcommCamera(  235): Qvoid android::disable_msg_type(camera_device*, int32_t): E
12-29 12:09:28.070 I/QCameraHWI(  235): disableMsgType: E
12-29 12:09:28.070 I/QCameraHWI(  235): disableMsgType: X, msgType =0x10, mMsgEnabled=0xd
12-29 12:09:28.070 V/Camera  (24312): disconnect
12-29 12:09:28.070 E/QualcommCamera(  235): Qvoid android::disable_msg_type(camera_device*, int32_t): E
12-29 12:09:28.070 I/QCameraHWI(  235): disableMsgType: E
12-29 12:09:28.070 I/QCameraHWI(  235): disableMsgType: X, msgType =0xffff, mMsgEnabled=0x0
12-29 12:09:28.070 E/QualcommCamera(  235): Qvoid android::stop_preview(camera_device*): E
12-29 12:09:28.070 I/QCameraHWI(  235): void android::QCameraHardwareInterface::stopPreview(): stopPreview: E
12-29 12:09:28.070 E/QCameraHWI_Parm(  235): bool android::QCameraHardwareInterface::native_set_parms(mm_camera_parm_type_t, uint16_t, void*) : type : 72 Value : 0
12-29 12:09:28.070 E/mm-camera(  308): config_proc_CAMERA_SET_RECORDING_HINT Current usecase : Camera 
12-29 12:09:28.070 I/QCameraHWI_Parm(  235): android::status_t android::QCameraHardwareInterface::setDISMode() DIS is Disabled value = 0
12-29 12:09:28.070 E/QCameraHWI_Parm(  235): bool android::QCameraHardwareInterface::native_set_parms(mm_camera_parm_type_t, uint16_t, void*) : type : 75 Value : 0
12-29 12:09:28.070 E/mm-camera(  308): config_proc_CAMERA_SET_DIS_ENABLE: DIS Enabled? : No 
12-29 12:09:28.070 E/QCameraHWI_Parm(  235): native_set_parms failed: type 75 length 4 error Operation not permitted
12-29 12:09:28.070 I/QCameraHWI_Parm(  235): android::status_t android::QCameraHardwareInterface::setFullLiveshot() Full size liveshot Disabled value = 0
12-29 12:09:28.070 E/QCameraHWI_Parm(  235): bool android::QCameraHardwareInterface::native_set_parms(mm_camera_parm_type_t, uint16_t, void*) : type : 74 Value : 0
12-29 12:09:28.070 E/mm-camera(  308): config_proc_CAMERA_SET_FULL_LIVESHOT rc = 1, status = 1, Full Liveshot enabled? : No 
12-29 12:09:28.070 I/QCameraHWI(  235): stopPreview: X, mPreviewState = 0
12-29 12:09:28.070 E/QualcommCamera(  235): Qint android::cancel_picture(camera_device*): E
12-29 12:09:28.070 I/QCameraHWI(  235): cancelPicture: E
12-29 12:09:28.070 I/QCameraHWI(  235): cancelPicture: X
12-29 12:09:28.070 E/QualcommCamera(  235): Qvoid android::release(camera_device*): E
12-29 12:09:28.070 I/QCameraHWI(  235): release: E
12-29 12:09:28.070 E/QCameraHWI_Preview(  235):  setPreviewWindow: E 
12-29 12:09:28.070 W/QCameraHWI_Preview(  235):  Setting NULL preview window 
12-29 12:09:28.070 I/QCameraHWI(  235): release: X
12-29 12:09:28.070 E/QCameraHWI(  235):  setPreviewWindow: E mPreviewState = 0, mStreamDisplay = 0x17d1f10
12-29 12:09:28.070 E/QCameraHWI(  235): android::status_t android::QCameraHardwareInterface::setPreviewWindow(preview_stream_ops_t*):Received Setting NULL preview window
12-29 12:09:28.070 E/QCameraHWI(  235): android::status_t android::QCameraHardwareInterface::setPreviewWindow(preview_stream_ops_t*): mPreviewWindow = 0x0x0, mStreamDisplay = 0x0x17d1f10
12-29 12:09:28.070 E/QCameraHWI_Preview(  235):  setPreviewWindow: E 
12-29 12:09:28.070 W/QCameraHWI_Preview(  235):  Setting NULL preview window 
12-29 12:09:28.070 E/QCameraHWI(  235):  setPreviewWindow : X, mPreviewState = 0
12-29 12:09:28.070 E/QCameraHWI(  235):  setPreviewWindow: E mPreviewState = 0, mStreamDisplay = 0x17d1f10
12-29 12:09:28.070 E/QCameraHWI(  235): android::status_t android::QCameraHardwareInterface::setPreviewWindow(preview_stream_ops_t*):Received Setting NULL preview window
12-29 12:09:28.070 E/QCameraHWI(  235): android::status_t android::QCameraHardwareInterface::setPreviewWindow(preview_stream_ops_t*): mPreviewWindow = 0x0x0, mStreamDisplay = 0x0x17d1f10
12-29 12:09:28.070 E/QCameraHWI_Preview(  235):  setPreviewWindow: E 
12-29 12:09:28.070 W/QCameraHWI_Preview(  235):  Setting NULL preview window 
12-29 12:09:28.070 E/QCameraHWI(  235):  setPreviewWindow : X, mPreviewState = 0
12-29 12:09:28.070 D/memalloc(  235): ion: Unmapping buffer  base:0x423d9000 size:462848
12-29 12:09:28.070 D/memalloc(  235): ion: Unmapping buffer  base:0x43245000 size:462848
12-29 12:09:28.070 D/memalloc(  235): ion: Unmapping buffer  base:0x437f5000 size:462848
12-29 12:09:28.070 D/memalloc(  235): ion: Unmapping buffer  base:0x4399a000 size:462848
12-29 12:09:28.070 D/memalloc(  235): ion: Unmapping buffer  base:0x43bfd000 size:462848
12-29 12:09:28.080 D/memalloc(  235): ion: Unmapping buffer  base:0x43dd1000 size:462848
12-29 12:09:28.080 D/memalloc(  235): ion: Unmapping buffer  base:0x4406d000 size:462848
12-29 12:09:28.080 D/memalloc(  232): ion: Freeing buffer base:0x425f0000 size:462848 fd:66
12-29 12:09:28.080 D/memalloc(  232): ion: Unmapping buffer  base:0x425f0000 size:462848
12-29 12:09:28.080 D/memalloc(  232): ion: Freeing buffer base:0x43003000 size:462848 fd:72
12-29 12:09:28.080 D/memalloc(  232): ion: Unmapping buffer  base:0x43003000 size:462848
12-29 12:09:28.080 D/memalloc(  232): ion: Freeing buffer base:0x43211000 size:462848 fd:81
12-29 12:09:28.080 D/memalloc(  232): ion: Unmapping buffer  base:0x43211000 size:462848
12-29 12:09:28.080 D/memalloc(  232): ion: Freeing buffer base:0x43751000 size:462848 fd:84
12-29 12:09:28.080 D/memalloc(  232): ion: Unmapping buffer  base:0x43751000 size:462848
12-29 12:09:28.080 D/memalloc(  232): ion: Freeing buffer base:0x438bf000 size:462848 fd:87
12-29 12:09:28.080 D/memalloc(  232): ion: Unmapping buffer  base:0x438bf000 size:462848
12-29 12:09:28.080 D/memalloc(  232): ion: Freeing buffer base:0x43a1a000 size:462848 fd:90
12-29 12:09:28.080 D/memalloc(  232): ion: Unmapping buffer  base:0x43a1a000 size:462848
12-29 12:09:28.080 E/QualcommCamera(  235): Qint android::close_camera_device(hw_device_t*): device =0x1783850 E
12-29 12:09:28.080 I/QCameraHWI(  235): ~QCameraHardwareInterface: E
12-29 12:09:28.080 I/Sensors (  345): sns_pwr.c(383):sns_pwr_set_cpu_latency: hz 5
12-29 12:09:28.080 I/Sensors (  345): sns_pwr.c(245):acquiring wakelock
12-29 12:09:28.080 E/mm-camera(  308): config_shutdown_pp Camera not in streaming mode. Returning. 
12-29 12:09:28.170 E/QCameraHWI_Preview(  235): virtual void android::QCameraStream_preview::release() : BEGIN
12-29 12:09:28.170 V/hardware/qcom/camera/QCameraStream.cpp(  235): virtual android::status_t android::QCameraStream::deinitChannel(int, mm_camera_channel_type_t): E, channel = 0
12-29 12:09:28.170 V/hardware/qcom/camera/QCameraStream.cpp(  235): virtual android::status_t android::QCameraStream::deinitChannel(int, mm_camera_channel_type_t): X, channel = 0
12-29 12:09:28.170 E/QCameraHWI_Preview(  235): Debug : virtual void android::QCameraStream_preview::release() : De init Channel
12-29 12:09:28.170 E/QCameraHWI_Preview(  235): virtual void android::QCameraStream_preview::release(): END
12-29 12:09:28.170 V/hardware/qcom/camera/QCameraStream.cpp(  235): virtual android::status_t android::QCameraStream::deinitChannel(int, mm_camera_channel_type_t): E, channel = 1
12-29 12:09:28.170 V/hardware/qcom/camera/QCameraStream.cpp(  235): virtual android::status_t android::QCameraStream::deinitChannel(int, mm_camera_channel_type_t): X, channel = 1
12-29 12:09:28.170 V/QCameraHWI_Still(  235): virtual void android::QCameraStream_Snapshot::release(): E
12-29 12:09:28.170 V/QCameraHWI_Still(  235): virtual void android::QCameraStream_Snapshot::release(): X
12-29 12:09:28.170 V/QCameraHWI_Still(  235): virtual android::QCameraStream_Snapshot::~QCameraStream_Snapshot(): E
12-29 12:09:28.170 V/QCameraHWI_Still(  235): virtual android::QCameraStream_Snapshot::~QCameraStream_Snapshot(): X
12-29 12:09:28.170 I/QCameraHWI(  235): ~QCameraHardwareInterface: X
12-29 12:09:28.180 I/WindowManager(  518): SCREENLAYOUT_SIZE (1:small, 2:normal, 3:large, 4:xlarge) 2
12-29 12:09:28.190 W/AudioFlinger(  235): session id 11626 not found for pid 235
12-29 12:09:28.200 W/AudioFlinger(  235): session id 11627 not found for pid 235
12-29 12:09:28.200 I/com.google.android.testing.nativedriver.server.ActivitiesReporter(24312): Activity resuming of type: jp.saka.camera.CameraActivity
12-29 12:09:28.220 V/PhoneStatusBar(  705): setLightsOn(true)
12-29 12:09:28.230 E/msm8960.hwcomposer(  232): Avoid call perform==NULL: EVENT_RESET_POSTBUFFER
12-29 12:09:28.230 E/msm8960.hwcomposer(  232): Avoid call perform==NULL EVENT_WAIT_POSTBUFFER
12-29 12:09:28.240 I/roidNativeDriverServlet(24312): Done: /session/1356749712531/back
12-29 12:09:28.250 E/msm8960.hwcomposer(  232): Avoid call perform==NULL: EVENT_RESET_POSTBUFFER
12-29 12:09:28.260 E/msm8960.hwcomposer(  232): Avoid call perform==NULL EVENT_WAIT_POSTBUFFER
12-29 12:09:28.260 I/roidNativeDriverServlet(24312): Executing: [get: and-activity://jp.saka.camera.CameraPreviewActivity] at URL: /session/1356749712531/url)
12-29 12:09:28.270 D/memalloc(  232): ion: Allocated buffer base:0x43003000 size:2703360 fd:60
12-29 12:09:28.270 D/memalloc(24312): ion: Mapped buffer base:0x5d7cc000 size:2703360 offset:0 fd:85
12-29 12:09:28.280 I/ActivityManager(  518): START {act=android.intent.action.MAIN cat=[android.intent.category.LAUNCHER] flg=0x10000000 cmp=jp.saka.camera/.CameraPreviewActivity} from pid 24312
12-29 12:09:28.310 I/Adreno200-EGLSUB(  232): <CreateImage:1017>: Android Image
12-29 12:09:28.310 I/Adreno200-EGLSUB(  232): <GetImageAttributes:1282>: RGBX_8888
12-29 12:09:28.320 I/WindowManager(  518): SCREENLAYOUT_SIZE (1:small, 2:normal, 3:large, 4:xlarge) 2
12-29 12:09:28.330 D/sakalog (24312): onCreate
12-29 12:09:28.330 D/sakalog (24312): onStart
12-29 12:09:28.330 D/sakalog (24312): onResume
12-29 12:09:28.330 V/Camera  (24312): connect
12-29 12:09:28.330 E/QualcommCamera(  235): Qint android::get_camera_info(int, camera_info*): E
12-29 12:09:28.330 E/QCameraHAL(  235): void android::HAL_getCameraInfo(int, android::CameraInfo*): id =1 E
12-29 12:09:28.330 E/QCameraHAL(  235): Caminfo facing =1, orit =270
12-29 12:09:28.330 I/QCameraHWI(  235): QCameraHardwareInterface: E
12-29 12:09:28.330 I/QCameraHWI(  235): Init mPreviewState = 0
12-29 12:09:28.340 E/msm8960.hwcomposer(  232): Avoid call perform==NULL: EVENT_RESET_POSTBUFFER
12-29 12:09:28.340 E/msm8960.hwcomposer(  232): Avoid call perform==NULL EVENT_WAIT_POSTBUFFER
12-29 12:09:28.350 E/mm-camera(  308): sensor_load_chromatix: libchromatix_imx119_preview.so: 30
12-29 12:09:28.350 E/mm-camera(  308): sensor_load_chromatix:214: dlclose(libchromatix_handle) refcount 0
12-29 12:09:28.400 E/mm-camera(  308): mctl_init_stats_proc_info: snap_max_line_cnt =25776
12-29 12:09:28.400 E/mm-camera(  308): zoom_init: maximum_value=60
12-29 12:09:28.400 E/mm-camera(  235): mm_camera_open:  ctrl_fd = 18
12-29 12:09:28.400 E/mm-camera(  235): Errno:1
12-29 12:09:28.400 E/mm-camera(  235): mm_camera_open:  opened, break out while loop
12-29 12:09:28.400 E/mm-camera(  235): mm_camera_open:  after while loop
12-29 12:09:28.400 E/mm-camera(  235): mm_camera_open:  2
12-29 12:09:28.400 E/mm-camera(  235): mm_camera_open:  ds_fd = 34
12-29 12:09:28.400 E/mm-camera(  235): Errno:1
12-29 12:09:28.400 E/mm-camera(  235): mm_camera_open:  opened, break out while loop
12-29 12:09:28.400 E/mm-camera(  235): mm_camera_open:  after while loop for domain socket open
12-29 12:09:28.400 E/mm-camera(  308): config_proc_CAMERA_GET_CAPABILITIES: yuv_output = 0, af_enable = 0
12-29 12:09:28.400 E/mm-camera(  235): mm_camera_poll_thread_launch: ch_type = 0, poll_type = 1, read fd = 35, write fd = 36
12-29 12:09:28.400 E/mm-camera(  235): mm_camera_poll_thread_launch: ch_type = 1, poll_type = 1, read fd = 37, write fd = 38
12-29 12:09:28.400 I/Sensors (  345): sns_pwr.c(383):sns_pwr_set_cpu_latency: hz 30
12-29 12:09:28.400 I/Sensors (  345): sns_pwr.c(245):acquiring wakelock
12-29 12:09:28.400 E/mm-camera(  235): mm_camera_poll_thread_launch: ch_type = 2, poll_type = 1, read fd = 39, write fd = 40
12-29 12:09:28.400 E/mm-camera(  235): mm_camera_poll_thread_launch: ch_type = 3, poll_type = 1, read fd = 41, write fd = 42
12-29 12:09:28.400 E/mm-camera(  235): mm_camera_poll_thread_launch: ch_type = 4, poll_type = 0, read fd = 43, write fd = 44
12-29 12:09:28.400 E/QCameraHWI_Parm(  235): android::status_t android::QCameraHardwareInterface::setVideoSizeTable(): E
12-29 12:09:28.400 E/QCameraHWI_Parm(  235): android::status_t android::QCameraHardwareInterface::setVideoSizeTable(): X
12-29 12:09:28.400 I/QCameraHWI(  235): setMyMode: E
12-29 12:09:28.400 I/QCameraHWI(  235): setMyMode: Set mode to 5 (passed mode: 0)
12-29 12:09:28.400 I/QCameraHWI(  235): setMyMode: X
12-29 12:09:28.400 I/QCameraHWI_Parm(  235): void android::QCameraHardwareInterface::initDefaultParameters(): E
12-29 12:09:28.400 E/QCameraHWI_Parm(  235): bool android::QCameraHardwareInterface::native_set_parms(mm_camera_parm_type_t, uint16_t, void*) : type : 3 Value : 47187200
12-29 12:09:28.400 E/QCameraHWI_Parm(  235): AutoFocus is not supported
12-29 12:09:28.400 E/QCameraHWI_Parm(  235): Max Zoom:60
12-29 12:09:28.400 E/QCameraHWI_Parm(  235): Zoom supported:1
12-29 12:09:28.400 E/QCameraHWI_Parm(  235): max zoom is 59
12-29 12:09:28.400 E/QCameraHWI_Parm(  235): ne0: aec lock not supported
12-29 12:09:28.410 I/QCameraHWI_Parm(  235): int android::QCameraHardwareInterface::getZSLQueueDepth() const: prop = 2
12-29 12:09:28.410 I/QCameraHWI_Parm(  235): int android::QCameraHardwareInterface::getZSLQueueDepth() const: prop = 2
12-29 12:09:28.410 I/QCameraHWI_Parm(  235): android::status_t android::QCameraHardwareInterface::setParameters(const android::CameraParameters&): E
12-29 12:09:28.410 I/QCameraHWI_Parm(  235): ZSL is enabled  0
12-29 12:09:28.410 E/QCameraHWI_Parm(  235): Enable Normal Power Mode
12-29 12:09:28.410 I/QCameraHWI_Parm(  235): android::status_t android::QCameraHardwareInterface::setPowerMode(const android::CameraParameters&) Low power mode Disabled value = 0
