--------- beginning of /dev/log/system
12-29 11:41:57.469 I/ActivityManager(  518): START {act=android.intent.action.MAIN cat=[android.intent.category.LAUNCHER] flg=0x10000000 cmp=jp.saka.camera/.CameraActivity} from pid 18213
12-29 11:41:57.729 I/ActivityManager(  518): START {cmp=jp.saka.camera/.CameraInfoActivity} from pid 18213
12-29 11:42:01.012 I/ActivityManager(  518): START {cmp=jp.saka.camera/.CameraInfoActivity} from pid 18213
12-29 11:42:04.246 I/ActivityManager(  518): START {cmp=jp.saka.camera/.CameraInfoActivity} from pid 18213
12-29 11:42:07.489 I/ActivityManager(  518): START {cmp=jp.saka.camera/.CameraInfoActivity} from pid 18213
12-29 11:42:10.743 I/ActivityManager(  518): START {cmp=jp.saka.camera/.CameraInfoActivity} from pid 18213
12-29 11:42:13.966 I/ActivityManager(  518): START {cmp=jp.saka.camera/.CameraInfoActivity} from pid 18213
12-29 11:42:17.220 I/ActivityManager(  518): START {cmp=jp.saka.camera/.CameraInfoActivity} from pid 18213
12-29 11:42:20.513 I/ActivityManager(  518): START {cmp=jp.saka.camera/.CameraInfoActivity} from pid 18213
12-29 11:42:23.747 I/ActivityManager(  518): START {cmp=jp.saka.camera/.CameraInfoActivity} from pid 18213
12-29 11:42:27.070 I/ActivityManager(  518): START {cmp=jp.saka.camera/.CameraInfoActivity} from pid 18213
12-29 11:42:30.294 I/ActivityManager(  518): START {cmp=jp.saka.camera/.CameraInfoActivity} from pid 18213
12-29 11:42:33.527 I/ActivityManager(  518): START {cmp=jp.saka.camera/.CameraInfoActivity} from pid 18213
12-29 11:42:36.791 I/ActivityManager(  518): START {cmp=jp.saka.camera/.CameraInfoActivity} from pid 18213
12-29 11:42:40.004 I/ActivityManager(  518): START {cmp=jp.saka.camera/.CameraInfoActivity} from pid 18213
12-29 11:42:43.267 I/ActivityManager(  518): START {cmp=jp.saka.camera/.CameraInfoActivity} from pid 18213
12-29 11:42:46.551 I/ActivityManager(  518): START {cmp=jp.saka.camera/.CameraInfoActivity} from pid 18213
12-29 11:42:49.874 I/ActivityManager(  518): START {cmp=jp.saka.camera/.CameraInfoActivity} from pid 18213
12-29 11:42:53.108 I/ActivityManager(  518): START {cmp=jp.saka.camera/.CameraInfoActivity} from pid 18213
12-29 11:42:56.351 I/ActivityManager(  518): START {cmp=jp.saka.camera/.CameraInfoActivity} from pid 18213
12-29 11:42:59.605 I/ActivityManager(  518): START {cmp=jp.saka.camera/.CameraInfoActivity} from pid 18213
12-29 11:43:02.838 I/ActivityManager(  518): START {cmp=jp.saka.camera/.CameraInfoActivity} from pid 18213
12-29 11:43:06.082 I/ActivityManager(  518): START {cmp=jp.saka.camera/.CameraInfoActivity} from pid 18213
12-29 11:43:09.335 I/ActivityManager(  518): START {cmp=jp.saka.camera/.CameraInfoActivity} from pid 18213
12-29 11:43:12.649 I/ActivityManager(  518): START {cmp=jp.saka.camera/.CameraInfoActivity} from pid 18213
12-29 11:43:15.872 I/ActivityManager(  518): START {cmp=jp.saka.camera/.CameraInfoActivity} from pid 18213
12-29 11:43:19.086 I/ActivityManager(  518): START {cmp=jp.saka.camera/.CameraInfoActivity} from pid 18213
12-29 11:43:22.299 I/ActivityManager(  518): START {cmp=jp.saka.camera/.CameraInfoActivity} from pid 18213
12-29 11:43:25.593 I/ActivityManager(  518): START {cmp=jp.saka.camera/.CameraInfoActivity} from pid 18213
12-29 11:43:28.836 I/ActivityManager(  518): START {cmp=jp.saka.camera/.CameraInfoActivity} from pid 18213
12-29 11:43:32.059 I/ActivityManager(  518): START {cmp=jp.saka.camera/.CameraInfoActivity} from pid 18213
12-29 11:43:35.283 I/ActivityManager(  518): START {cmp=jp.saka.camera/.CameraInfoActivity} from pid 18213
12-29 11:43:38.516 I/ActivityManager(  518): START {cmp=jp.saka.camera/.CameraInfoActivity} from pid 18213
12-29 11:43:41.750 I/ActivityManager(  518): START {cmp=jp.saka.camera/.CameraInfoActivity} from pid 18213
12-29 11:43:45.013 I/ActivityManager(  518): START {cmp=jp.saka.camera/.CameraInfoActivity} from pid 18213
12-29 11:43:48.247 I/ActivityManager(  518): START {cmp=jp.saka.camera/.CameraInfoActivity} from pid 18213
12-29 11:43:51.520 I/ActivityManager(  518): START {cmp=jp.saka.camera/.CameraInfoActivity} from pid 18213
12-29 11:43:54.774 I/ActivityManager(  518): START {cmp=jp.saka.camera/.CameraInfoActivity} from pid 18213
12-29 11:43:58.027 I/ActivityManager(  518): START {cmp=jp.saka.camera/.CameraInfoActivity} from pid 18213
12-29 11:44:01.251 I/ActivityManager(  518): START {cmp=jp.saka.camera/.CameraInfoActivity} from pid 18213
12-29 11:44:04.554 I/ActivityManager(  518): START {cmp=jp.saka.camera/.CameraInfoActivity} from pid 18213
12-29 11:44:07.788 I/ActivityManager(  518): START {cmp=jp.saka.camera/.CameraInfoActivity} from pid 18213
12-29 11:44:11.041 I/ActivityManager(  518): START {cmp=jp.saka.camera/.CameraInfoActivity} from pid 18213
12-29 11:44:14.275 I/ActivityManager(  518): START {cmp=jp.saka.camera/.CameraInfoActivity} from pid 18213
12-29 11:44:17.538 I/ActivityManager(  518): START {cmp=jp.saka.camera/.CameraInfoActivity} from pid 18213
12-29 11:44:20.791 I/ActivityManager(  518): START {cmp=jp.saka.camera/.CameraInfoActivity} from pid 18213
12-29 11:44:24.025 I/ActivityManager(  518): START {cmp=jp.saka.camera/.CameraInfoActivity} from pid 18213
12-29 11:44:27.248 I/ActivityManager(  518): START {cmp=jp.saka.camera/.CameraInfoActivity} from pid 18213
12-29 11:44:30.482 I/ActivityManager(  518): START {cmp=jp.saka.camera/.CameraInfoActivity} from pid 18213
12-29 11:44:33.715 I/ActivityManager(  518): START {cmp=jp.saka.camera/.CameraInfoActivity} from pid 18213
12-29 11:44:36.979 I/ActivityManager(  518): START {cmp=jp.saka.camera/.CameraInfoActivity} from pid 18213
12-29 11:44:40.212 I/ActivityManager(  518): START {cmp=jp.saka.camera/.CameraInfoActivity} from pid 18213
12-29 11:44:43.506 I/ActivityManager(  518): START {cmp=jp.saka.camera/.CameraInfoActivity} from pid 18213
12-29 11:44:46.719 I/ActivityManager(  518): START {cmp=jp.saka.camera/.CameraInfoActivity} from pid 18213
12-29 11:44:49.963 I/ActivityManager(  518): START {cmp=jp.saka.camera/.CameraInfoActivity} from pid 18213
12-29 11:44:53.216 I/ActivityManager(  518): START {cmp=jp.saka.camera/.CameraInfoActivity} from pid 18213
12-29 11:44:56.450 I/ActivityManager(  518): START {cmp=jp.saka.camera/.CameraInfoActivity} from pid 18213
12-29 11:44:59.693 I/ActivityManager(  518): START {cmp=jp.saka.camera/.CameraInfoActivity} from pid 18213
12-29 11:45:02.926 I/ActivityManager(  518): START {cmp=jp.saka.camera/.CameraInfoActivity} from pid 18213
12-29 11:45:06.170 I/ActivityManager(  518): START {cmp=jp.saka.camera/.CameraInfoActivity} from pid 18213
12-29 11:45:09.453 I/ActivityManager(  518): START {cmp=jp.saka.camera/.CameraInfoActivity} from pid 18213
12-29 11:45:12.707 I/ActivityManager(  518): START {cmp=jp.saka.camera/.CameraInfoActivity} from pid 18213
12-29 11:45:13.888 D/QMI_FW  (  320): QCSI: QMI_CSI_RX: cntl_flag - 00, txn_id - 0008, msg_id - 0003, msg_len - 002b
12-29 11:45:13.978 D/QMI_FW  (  320): QCSI: xport_handle_event[17]
12-29 11:45:14.269 D/QMI_FW  (  320): QCSI: QMI_CSI_TX: cntl_flag - 02, txn_id - 0008, msg_id - 0003, msg_len - 0007
12-29 11:45:14.269 D/QMI_FW  (  320): QCSI: Sent[17]: 14 bytes to port 1280
12-29 11:45:15.920 I/ActivityManager(  518): START {cmp=jp.saka.camera/.CameraInfoActivity} from pid 18213
12-29 11:45:19.154 I/ActivityManager(  518): START {cmp=jp.saka.camera/.CameraInfoActivity} from pid 18213
12-29 11:45:22.387 I/ActivityManager(  518): START {cmp=jp.saka.camera/.CameraInfoActivity} from pid 18213
12-29 11:45:25.621 I/ActivityManager(  518): START {cmp=jp.saka.camera/.CameraInfoActivity} from pid 18213
12-29 11:45:28.904 I/ActivityManager(  518): START {cmp=jp.saka.camera/.CameraInfoActivity} from pid 18213
12-29 11:45:32.148 I/ActivityManager(  518): START {cmp=jp.saka.camera/.CameraInfoActivity} from pid 18213
12-29 11:45:35.391 I/ActivityManager(  518): START {cmp=jp.saka.camera/.CameraInfoActivity} from pid 18213
12-29 11:45:38.635 I/ActivityManager(  518): START {cmp=jp.saka.camera/.CameraInfoActivity} from pid 18213
12-29 11:45:41.868 I/ActivityManager(  518): START {cmp=jp.saka.camera/.CameraInfoActivity} from pid 18213
12-29 11:45:45.111 I/ActivityManager(  518): START {cmp=jp.saka.camera/.CameraInfoActivity} from pid 18213
12-29 11:45:48.325 I/ActivityManager(  518): START {cmp=jp.saka.camera/.CameraInfoActivity} from pid 18213
12-29 11:45:51.558 I/ActivityManager(  518): START {cmp=jp.saka.camera/.CameraInfoActivity} from pid 18213
12-29 11:45:54.822 I/ActivityManager(  518): START {cmp=jp.saka.camera/.CameraInfoActivity} from pid 18213
12-29 11:45:58.055 I/ActivityManager(  518): START {cmp=jp.saka.camera/.CameraInfoActivity} from pid 18213
12-29 11:46:01.239 I/ActivityManager(  518): START {cmp=jp.saka.camera/.CameraInfoActivity} from pid 18213
12-29 11:46:04.482 I/ActivityManager(  518): START {cmp=jp.saka.camera/.CameraInfoActivity} from pid 18213
12-29 11:46:07.726 I/ActivityManager(  518): START {cmp=jp.saka.camera/.CameraInfoActivity} from pid 18213
12-29 11:46:10.959 I/ActivityManager(  518): START {cmp=jp.saka.camera/.CameraInfoActivity} from pid 18213
12-29 11:46:14.203 I/ActivityManager(  518): START {cmp=jp.saka.camera/.CameraInfoActivity} from pid 18213
12-29 11:46:17.446 I/ActivityManager(  518): START {cmp=jp.saka.camera/.CameraInfoActivity} from pid 18213
12-29 11:46:20.669 I/ActivityManager(  518): START {cmp=jp.saka.camera/.CameraInfoActivity} from pid 18213
12-29 11:46:23.943 I/ActivityManager(  518): START {cmp=jp.saka.camera/.CameraInfoActivity} from pid 18213
12-29 11:46:27.176 I/ActivityManager(  518): START {cmp=jp.saka.camera/.CameraInfoActivity} from pid 18213
12-29 11:46:30.410 I/ActivityManager(  518): START {cmp=jp.saka.camera/.CameraInfoActivity} from pid 18213
12-29 11:46:33.653 I/ActivityManager(  518): START {cmp=jp.saka.camera/.CameraInfoActivity} from pid 18213
12-29 11:46:36.917 I/ActivityManager(  518): START {cmp=jp.saka.camera/.CameraInfoActivity} from pid 18213
12-29 11:46:40.140 I/ActivityManager(  518): START {cmp=jp.saka.camera/.CameraInfoActivity} from pid 18213
12-29 11:46:43.374 I/ActivityManager(  518): START {cmp=jp.saka.camera/.CameraInfoActivity} from pid 18213
12-29 11:46:46.597 I/ActivityManager(  518): START {cmp=jp.saka.camera/.CameraInfoActivity} from pid 18213
12-29 11:46:49.851 I/ActivityManager(  518): START {cmp=jp.saka.camera/.CameraInfoActivity} from pid 18213
12-29 11:46:53.064 I/ActivityManager(  518): START {cmp=jp.saka.camera/.CameraInfoActivity} from pid 18213
12-29 11:46:56.327 I/ActivityManager(  518): START {cmp=jp.saka.camera/.CameraInfoActivity} from pid 18213
12-29 11:46:59.561 I/ActivityManager(  518): START {cmp=jp.saka.camera/.CameraInfoActivity} from pid 18213
12-29 11:47:02.814 I/ActivityManager(  518): START {cmp=jp.saka.camera/.CameraInfoActivity} from pid 18213
12-29 11:47:06.028 I/ActivityManager(  518): START {cmp=jp.saka.camera/.CameraInfoActivity} from pid 18213
12-29 11:47:09.241 I/ActivityManager(  518): START {cmp=jp.saka.camera/.CameraInfoActivity} from pid 18213
12-29 11:47:12.485 I/ActivityManager(  518): START {cmp=jp.saka.camera/.CameraInfoActivity} from pid 18213
12-29 11:47:15.708 I/ActivityManager(  518): START {cmp=jp.saka.camera/.CameraInfoActivity} from pid 18213
12-29 11:47:18.932 I/ActivityManager(  518): START {cmp=jp.saka.camera/.CameraInfoActivity} from pid 18213
12-29 11:47:22.175 I/ActivityManager(  518): START {cmp=jp.saka.camera/.CameraInfoActivity} from pid 18213
12-29 11:47:25.408 I/ActivityManager(  518): START {cmp=jp.saka.camera/.CameraInfoActivity} from pid 18213
12-29 11:47:28.632 I/ActivityManager(  518): START {cmp=jp.saka.camera/.CameraInfoActivity} from pid 18213
12-29 11:47:31.865 I/ActivityManager(  518): START {cmp=jp.saka.camera/.CameraInfoActivity} from pid 18213
12-29 11:47:35.089 I/ActivityManager(  518): START {cmp=jp.saka.camera/.CameraInfoActivity} from pid 18213
12-29 11:47:38.382 I/ActivityManager(  518): START {cmp=jp.saka.camera/.CameraInfoActivity} from pid 18213
12-29 11:47:41.616 I/ActivityManager(  518): START {cmp=jp.saka.camera/.CameraInfoActivity} from pid 18213
12-29 11:47:44.809 I/ActivityManager(  518): START {cmp=jp.saka.camera/.CameraInfoActivity} from pid 18213
12-29 11:47:48.053 I/ActivityManager(  518): START {cmp=jp.saka.camera/.CameraInfoActivity} from pid 18213
12-29 11:47:51.276 I/ActivityManager(  518): START {cmp=jp.saka.camera/.CameraInfoActivity} from pid 18213
12-29 11:47:54.500 I/ActivityManager(  518): START {cmp=jp.saka.camera/.CameraInfoActivity} from pid 18213
12-29 11:47:57.713 I/ActivityManager(  518): START {cmp=jp.saka.camera/.CameraInfoActivity} from pid 18213
12-29 11:48:00.926 I/ActivityManager(  518): START {cmp=jp.saka.camera/.CameraInfoActivity} from pid 18213
12-29 11:48:04.170 I/ActivityManager(  518): START {cmp=jp.saka.camera/.CameraInfoActivity} from pid 18213
12-29 11:48:07.393 I/ActivityManager(  518): START {cmp=jp.saka.camera/.CameraInfoActivity} from pid 18213
12-29 11:48:10.597 I/ActivityManager(  518): START {cmp=jp.saka.camera/.CameraInfoActivity} from pid 18213
12-29 11:48:13.830 I/ActivityManager(  518): START {cmp=jp.saka.camera/.CameraInfoActivity} from pid 18213
12-29 11:48:17.064 I/ActivityManager(  518): START {cmp=jp.saka.camera/.CameraInfoActivity} from pid 18213
12-29 11:48:20.307 I/ActivityManager(  518): START {cmp=jp.saka.camera/.CameraInfoActivity} from pid 18213
12-29 11:48:23.541 I/ActivityManager(  518): START {cmp=jp.saka.camera/.CameraInfoActivity} from pid 18213
12-29 11:48:26.744 I/ActivityManager(  518): START {cmp=jp.saka.camera/.CameraInfoActivity} from pid 18213
12-29 11:48:29.987 I/ActivityManager(  518): START {cmp=jp.saka.camera/.CameraInfoActivity} from pid 18213
12-29 11:48:33.201 I/ActivityManager(  518): START {cmp=jp.saka.camera/.CameraInfoActivity} from pid 18213
12-29 11:48:36.404 I/ActivityManager(  518): START {cmp=jp.saka.camera/.CameraInfoActivity} from pid 18213
12-29 11:48:39.668 I/ActivityManager(  518): START {cmp=jp.saka.camera/.CameraInfoActivity} from pid 18213
12-29 11:48:42.951 I/ActivityManager(  518): START {cmp=jp.saka.camera/.CameraInfoActivity} from pid 18213
12-29 11:48:46.185 I/ActivityManager(  518): START {cmp=jp.saka.camera/.CameraInfoActivity} from pid 18213
12-29 11:48:49.458 I/ActivityManager(  518): START {cmp=jp.saka.camera/.CameraInfoActivity} from pid 18213
12-29 11:48:52.702 I/ActivityManager(  518): START {cmp=jp.saka.camera/.CameraInfoActivity} from pid 18213
12-29 11:48:55.915 I/ActivityManager(  518): START {cmp=jp.saka.camera/.CameraInfoActivity} from pid 18213
12-29 11:48:59.118 I/ActivityManager(  518): START {cmp=jp.saka.camera/.CameraInfoActivity} from pid 18213
12-29 11:49:02.372 I/ActivityManager(  518): START {cmp=jp.saka.camera/.CameraInfoActivity} from pid 18213
12-29 11:49:05.595 I/ActivityManager(  518): START {cmp=jp.saka.camera/.CameraInfoActivity} from pid 18213
12-29 11:49:08.829 I/ActivityManager(  518): START {cmp=jp.saka.camera/.CameraInfoActivity} from pid 18213
12-29 11:49:12.162 I/ActivityManager(  518): START {cmp=jp.saka.camera/.CameraInfoActivity} from pid 18213
12-29 11:49:15.416 I/ActivityManager(  518): START {cmp=jp.saka.camera/.CameraInfoActivity} from pid 18213
12-29 11:49:18.609 I/ActivityManager(  518): START {cmp=jp.saka.camera/.CameraInfoActivity} from pid 18213
12-29 11:49:21.823 I/ActivityManager(  518): START {cmp=jp.saka.camera/.CameraInfoActivity} from pid 18213
12-29 11:49:25.026 I/ActivityManager(  518): START {cmp=jp.saka.camera/.CameraInfoActivity} from pid 18213
12-29 11:49:28.240 I/ActivityManager(  518): START {cmp=jp.saka.camera/.CameraInfoActivity} from pid 18213
12-29 11:49:31.453 I/ActivityManager(  518): START {cmp=jp.saka.camera/.CameraInfoActivity} from pid 18213
12-29 11:49:34.636 I/ActivityManager(  518): START {cmp=jp.saka.camera/.CameraInfoActivity} from pid 18213
12-29 11:49:37.870 I/ActivityManager(  518): START {cmp=jp.saka.camera/.CameraInfoActivity} from pid 18213
12-29 11:49:41.093 I/ActivityManager(  518): START {cmp=jp.saka.camera/.CameraInfoActivity} from pid 18213
12-29 11:49:44.307 I/ActivityManager(  518): START {cmp=jp.saka.camera/.CameraInfoActivity} from pid 18213
12-29 11:49:47.530 I/ActivityManager(  518): START {cmp=jp.saka.camera/.CameraInfoActivity} from pid 18213
12-29 11:49:49.452 W/ThrottleService(  518): unable to find stats for iface rmnet0
12-29 11:49:50.774 I/ActivityManager(  518): START {cmp=jp.saka.camera/.CameraInfoActivity} from pid 18213
12-29 11:49:53.997 I/ActivityManager(  518): START {cmp=jp.saka.camera/.CameraInfoActivity} from pid 18213
12-29 11:49:57.230 I/ActivityManager(  518): START {cmp=jp.saka.camera/.CameraInfoActivity} from pid 18213
12-29 11:50:00.464 I/ActivityManager(  518): START {cmp=jp.saka.camera/.CameraInfoActivity} from pid 18213
12-29 11:50:03.687 I/ActivityManager(  518): START {cmp=jp.saka.camera/.CameraInfoActivity} from pid 18213
12-29 11:50:06.901 I/ActivityManager(  518): START {cmp=jp.saka.camera/.CameraInfoActivity} from pid 18213
12-29 11:50:10.104 I/ActivityManager(  518): START {cmp=jp.saka.camera/.CameraInfoActivity} from pid 18213
12-29 11:50:13.308 I/ActivityManager(  518): START {cmp=jp.saka.camera/.CameraInfoActivity} from pid 18213
12-29 11:50:16.531 I/ActivityManager(  518): START {cmp=jp.saka.camera/.CameraInfoActivity} from pid 18213
12-29 11:50:19.745 I/ActivityManager(  518): START {cmp=jp.saka.camera/.CameraInfoActivity} from pid 18213
12-29 11:50:22.968 I/ActivityManager(  518): START {cmp=jp.saka.camera/.CameraInfoActivity} from pid 18213
12-29 11:50:26.191 I/ActivityManager(  518): START {cmp=jp.saka.camera/.CameraInfoActivity} from pid 18213
12-29 11:50:29.425 I/ActivityManager(  518): START {cmp=jp.saka.camera/.CameraInfoActivity} from pid 18213
12-29 11:50:32.668 I/ActivityManager(  518): START {cmp=jp.saka.camera/.CameraInfoActivity} from pid 18213
12-29 11:50:35.882 I/ActivityManager(  518): START {cmp=jp.saka.camera/.CameraInfoActivity} from pid 18213
12-29 11:50:39.105 I/ActivityManager(  518): START {cmp=jp.saka.camera/.CameraInfoActivity} from pid 18213
12-29 11:50:42.319 I/ActivityManager(  518): START {cmp=jp.saka.camera/.CameraInfoActivity} from pid 18213
12-29 11:50:45.582 I/ActivityManager(  518): START {cmp=jp.saka.camera/.CameraInfoActivity} from pid 18213
12-29 11:50:48.806 I/ActivityManager(  518): START {cmp=jp.saka.camera/.CameraInfoActivity} from pid 18213
12-29 11:50:52.079 I/ActivityManager(  518): START {cmp=jp.saka.camera/.CameraInfoActivity} from pid 18213
12-29 11:50:55.373 I/ActivityManager(  518): START {cmp=jp.saka.camera/.CameraInfoActivity} from pid 18213
12-29 11:52:30.694 D/NotificationService(  518): Battery Status = 4, level = 99, batteryFull = 2, batteryCharging = true, batteryLow = false
12-29 11:52:30.754 V/SystemMonitoringService(  518): ACTION_BATTERY_CHANGED health:2
12-29 11:52:30.784 D/NotificationService(  518): Battery Status = 4, level = 99, batteryFull = 2, batteryCharging = true, batteryLow = false
12-29 11:52:30.834 V/SystemMonitoringService(  518): ACTION_BATTERY_CHANGED health:2
12-29 11:52:30.834 D/NotificationService(  518): Battery Status = 4, level = 99, batteryFull = 2, batteryCharging = true, batteryLow = false
12-29 11:52:30.834 V/SystemMonitoringService(  518): ACTION_BATTERY_CHANGED health:2
12-29 11:52:30.854 D/NotificationService(  518): Battery Status = 4, level = 99, batteryFull = 2, batteryCharging = true, batteryLow = false
12-29 11:52:30.854 V/SystemMonitoringService(  518): ACTION_BATTERY_CHANGED health:2
12-29 11:52:30.904 D/NotificationService(  518): Battery Status = 4, level = 99, batteryFull = 2, batteryCharging = true, batteryLow = false
12-29 11:52:30.904 V/SystemMonitoringService(  518): ACTION_BATTERY_CHANGED health:2
12-29 11:52:30.995 D/NotificationService(  518): Battery Status = 4, level = 99, batteryFull = 2, batteryCharging = false, batteryLow = false
12-29 11:52:30.995 V/SystemMonitoringService(  518): ACTION_BATTERY_CHANGED health:2
12-29 11:52:31.045 I/ActivityManager(  518): Start proc com.google.android.apps.plus for broadcast com.google.android.apps.plus/.iu.BatteryReceiver: pid=23635 uid=10073 gids={3003, 3002, 1015, 1006}
12-29 11:52:31.055 D/NotificationService(  518): Battery Status = 4, level = 99, batteryFull = 2, batteryCharging = false, batteryLow = false
12-29 11:52:31.055 V/SystemMonitoringService(  518): ACTION_BATTERY_CHANGED health:2
12-29 11:52:31.065 D/NotificationService(  518): Battery Status = 4, level = 99, batteryFull = 2, batteryCharging = false, batteryLow = false
12-29 11:52:31.075 V/SystemMonitoringService(  518): ACTION_BATTERY_CHANGED health:2
12-29 11:52:31.085 D/NotificationService(  518): Battery Status = 4, level = 99, batteryFull = 2, batteryCharging = false, batteryLow = false
12-29 11:52:31.105 V/SystemMonitoringService(  518): ACTION_BATTERY_CHANGED health:2
12-29 11:52:31.155 I/StorageNotification(  705): UMS connection changed to false (media state mounted)
12-29 11:52:31.695 I/ActivityManager(  518): No longer want com.nttdocomo.android.accountauthenticator (pid 3492): hidden #31
12-29 11:52:31.715 W/ActivityManager(  518): Scheduling restart of crashed service com.nttdocomo.android.accountauthenticator/.DAAGetStatusPasswordService in 5000ms
12-29 11:52:31.715 W/ActivityManager(  518): Scheduling restart of crashed service com.nttdocomo.android.accountauthenticator/.DAAGetPasswordService in 15000ms
12-29 11:52:31.996 D/NotificationService(  518): Battery Status = 4, level = 99, batteryFull = 2, batteryCharging = false, batteryLow = false
12-29 11:52:31.996 V/SystemMonitoringService(  518): ACTION_BATTERY_CHANGED health:2
12-29 11:52:32.016 D/NotificationService(  518): Battery Status = 4, level = 99, batteryFull = 2, batteryCharging = false, batteryLow = false
12-29 11:52:32.036 V/SystemMonitoringService(  518): ACTION_BATTERY_CHANGED health:2
12-29 11:52:32.036 D/NotificationService(  518): Battery Status = 4, level = 99, batteryFull = 2, batteryCharging = false, batteryLow = false
12-29 11:52:32.036 V/SystemMonitoringService(  518): ACTION_BATTERY_CHANGED health:2
12-29 11:52:32.807 D/NotificationService(  518): Battery Status = 4, level = 99, batteryFull = 2, batteryCharging = true, batteryLow = false
12-29 11:52:32.817 V/SystemMonitoringService(  518): ACTION_BATTERY_CHANGED health:2
12-29 11:52:32.887 W/PowerUI (  705): unknown intent: Intent { act=android.intent.action.ACTION_POWER_CONNECTED flg=0x10000010 }
12-29 11:52:32.897 D/NotificationService(  518): Battery Status = 4, level = 99, batteryFull = 2, batteryCharging = true, batteryLow = false
12-29 11:52:32.947 V/SystemMonitoringService(  518): ACTION_BATTERY_CHANGED health:2
12-29 11:52:32.987 I/ActivityManager(  518): Start proc com.panasonic.mobile.dlna.app005jp for broadcast com.panasonic.mobile.dlna.app005jp/.setting.autotransfer.AutoUploadReceiver: pid=23668 uid=10024 gids={3003, 1015, 3002}
12-29 11:52:33.147 I/ActivityManager(  518): No longer want com.nttdocomo.android.applicationmanager (pid 3477): hidden #31
12-29 11:52:33.167 W/ActivityManager(  518): Scheduling restart of crashed service com.nttdocomo.android.applicationmanager/.DcmAppManagerService in 5000ms
12-29 11:52:33.818 D/NotificationService(  518): Battery Status = 4, level = 99, batteryFull = 2, batteryCharging = true, batteryLow = false
12-29 11:52:33.868 V/SystemMonitoringService(  518): ACTION_BATTERY_CHANGED health:2
12-29 11:52:33.898 D/NotificationService(  518): Battery Status = 4, level = 99, batteryFull = 2, batteryCharging = true, batteryLow = false
12-29 11:52:33.938 V/SystemMonitoringService(  518): ACTION_BATTERY_CHANGED health:2
12-29 11:52:33.998 I/StorageNotification(  705): UMS connection changed to true (media state mounted)
12-29 11:52:34.218 D/NotificationService(  518): Battery Status = 4, level = 99, batteryFull = 2, batteryCharging = true, batteryLow = false
12-29 11:52:34.218 V/SystemMonitoringService(  518): ACTION_BATTERY_CHANGED health:2
12-29 11:52:34.288 D/NotificationService(  518): Battery Status = 2, level = 99, batteryFull = 1, batteryCharging = true, batteryLow = false
12-29 11:52:34.308 V/SystemMonitoringService(  518): ACTION_BATTERY_CHANGED health:2
12-29 11:52:34.318 D/NotificationService(  518): Battery Status = 2, level = 99, batteryFull = 1, batteryCharging = true, batteryLow = false
12-29 11:52:34.318 V/SystemMonitoringService(  518): ACTION_BATTERY_CHANGED health:2
12-29 11:52:34.348 D/NotificationService(  518): Battery Status = 2, level = 99, batteryFull = 1, batteryCharging = true, batteryLow = false
12-29 11:52:34.348 V/SystemMonitoringService(  518): ACTION_BATTERY_CHANGED health:2
12-29 11:52:34.408 D/NotificationService(  518): Battery Status = 2, level = 99, batteryFull = 1, batteryCharging = true, batteryLow = false
12-29 11:52:34.408 V/SystemMonitoringService(  518): ACTION_BATTERY_CHANGED health:2
12-29 11:52:34.408 D/NotificationService(  518): Battery Status = 2, level = 99, batteryFull = 1, batteryCharging = true, batteryLow = false
12-29 11:52:34.408 V/SystemMonitoringService(  518): ACTION_BATTERY_CHANGED health:2
12-29 11:52:34.468 D/NotificationService(  518): Battery Status = 2, level = 99, batteryFull = 1, batteryCharging = true, batteryLow = false
12-29 11:52:34.468 V/SystemMonitoringService(  518): ACTION_BATTERY_CHANGED health:2
12-29 11:52:34.518 I/StorageNotification(  705): UMS connection changed to true (media state mounted)
12-29 11:52:38.212 I/ActivityManager(  518): Start proc com.nttdocomo.android.applicationmanager for service com.nttdocomo.android.applicationmanager/.DcmAppManagerService: pid=23695 uid=10015 gids={3003}
12-29 11:52:38.623 I/ActivityManager(  518): Start proc com.nttdocomo.android.accountauthenticator for service com.nttdocomo.android.accountauthenticator/.DAAGetPasswordService: pid=23710 uid=10110 gids={3003}
12-29 11:52:48.914 D/MobileDataStateTracker(  518): default: setPolicyDataEnable(enabled=true)
12-29 11:52:48.924 D/NetdConnector(  518): SND -> {bandwidth setglobalalert 2097152} {null}
12-29 11:52:48.924 D/NetdConnector(  518): RCV <- {200 Bandwidth command succeeeded}
12-29 11:52:48.924 D/NetdConnector(  518): RSP <- {200 Bandwidth command succeeeded}
12-29 11:52:49.995 W/ActivityManager(  518): No content provider found for permission revoke: file:///data/local/tmp/camera-debug.apk
12-29 11:52:50.005 W/ActivityManager(  518): No content provider found for permission revoke: file:///data/local/tmp/camera-debug.apk
12-29 11:52:50.005 I/PackageParser(  518): jp.saka.camera: compat added android.permission.WRITE_EXTERNAL_STORAGE android.permission.READ_PHONE_STATE
12-29 11:52:50.375 I/ActivityManager(  518): Force stopping package jp.saka.camera uid=10163
12-29 11:52:50.375 I/ActivityManager(  518): Killing proc 18213:jp.saka.camera/10163: force stop
12-29 11:52:50.375 W/ActivityManager(  518): Force removing ActivityRecord{41e776a0 jp.saka.camera/.CameraInfoActivity}: app died, no saved state
12-29 11:52:50.385 W/ActivityManager(  518): Crash of app jp.saka.camera running instrumentation ComponentInfo{jp.saka.camera/com.google.android.testing.nativedriver.server.ServerInstrumentation}
12-29 11:52:50.385 I/ActivityManager(  518): Force stopping package jp.saka.camera uid=10163
12-29 11:52:50.385 I/ActivityManager(  518):   Force finishing activity ActivityRecord{41c1bc78 jp.saka.camera/.CameraActivity}
12-29 11:52:50.435 I/ActivityManager(  518):   Force finishing activity ActivityRecord{41c1bc78 jp.saka.camera/.CameraActivity}
12-29 11:52:50.435 W/ActivityManager(  518): Duplicate finish request for ActivityRecord{41c1bc78 jp.saka.camera/.CameraActivity}
12-29 11:52:50.445 I/WindowManager(  518): WIN DEATH: Window{41e25ef0 jp.saka.camera/jp.saka.camera.CameraActivity paused=true}
12-29 11:52:50.445 I/WindowManager(  518): WIN DEATH: Window{41e73388 jp.saka.camera/jp.saka.camera.CameraInfoActivity paused=false}
12-29 11:52:50.455 I/WindowManager(  518): WINDOW DIED Window{41e25ef0 jp.saka.camera/jp.saka.camera.CameraActivity paused=true}
12-29 11:52:50.726 I/PackageManager(  518): Package jp.saka.camera codePath changed from /data/app/jp.saka.camera-2.apk to /data/app/jp.saka.camera-1.apk; Retaining data and using new
12-29 11:52:50.896 W/InputManagerService(  518): Got RemoteException sending setActive(false) notification to pid 18213 uid 10163
12-29 11:52:50.906 E/ActivityThread(  910): Failed to find provider info for jp.co.nttdocomo.carriermail.applinkprovider
12-29 11:52:51.917 I/ActivityManager(  518): Force stopping package jp.saka.camera uid=10163
12-29 11:52:51.917 W/PackageManager(  518): Code path for pkg : jp.saka.camera changing from /data/app/jp.saka.camera-2.apk to /data/app/jp.saka.camera-1.apk
12-29 11:52:51.917 W/PackageManager(  518): Resource path for pkg : jp.saka.camera changing from /data/app/jp.saka.camera-2.apk to /data/app/jp.saka.camera-1.apk
12-29 11:52:52.287 I/ActivityManager(  518): Force stopping package jp.saka.camera uid=10163
12-29 11:52:52.457 I/ActivityManager(  518): Start proc com.nttdocomo.android.pf.iac.dcmdbagent for broadcast com.nttdocomo.android.pf.iac.dcmdbagent/.xdb.ProviderUninstallReceiver: pid=23743 uid=10016 gids={}
12-29 11:52:52.578 D/BackupManagerService(  518): Received broadcast Intent { act=android.intent.action.PACKAGE_REMOVED dat=package:jp.saka.camera flg=0x10000010 (has extras) }
12-29 11:52:52.818 D/BackupManagerService(  518): Received broadcast Intent { act=android.intent.action.PACKAGE_ADDED dat=package:jp.saka.camera flg=0x10000010 (has extras) }
12-29 11:52:52.818 V/BackupManagerService(  518): updatePackageParticipantsLocked: #1
12-29 11:52:52.978 I/ActivityManager(  518): Start proc com.nttdocomo.android.pf.dcmwappush for broadcast com.nttdocomo.android.pf.dcmwappush/.WapPushReceiver: pid=23756 uid=10018 gids={}
12-29 11:52:53.108 I/ActivityManager(  518): Start proc com.android.keychain for broadcast com.android.keychain/.KeyChainBroadcastReceiver: pid=23769 uid=1000 gids={1015, 3002, 3001, 3003, 3007}
12-29 11:52:53.208 I/ActivityManager(  518): Start proc com.android.musicfx for broadcast com.android.musicfx/.Compatibility$Receiver: pid=23787 uid=10062 gids={3003, 3002}
12-29 11:52:53.248 I/ActivityManager(  518): No longer want com.nttdocomo.android.areamail (pid 3549): hidden #31
12-29 11:52:53.318 I/ActivityManager(  518): Start proc com.panasonic.mobile.gallery3d for broadcast com.panasonic.mobile.gallery3d/.app.PackagesMonitor: pid=23800 uid=10071 gids={3003, 1015, 1023}
12-29 11:52:53.328 W/ActivityManager(  518): Scheduling restart of crashed service com.nttdocomo.android.areamail/.HeadsetPlugObserverService in 5000ms
12-29 11:52:53.328 I/ActivityManager(  518): No longer want com.panasonic.mobile.pmcadl (pid 3563): hidden #31
12-29 11:52:53.378 W/ActivityManager(  518): Scheduling restart of crashed service com.panasonic.mobile.pmcadl/.PollingControlService in 14949ms
12-29 11:52:53.378 W/ActivityManager(  518): Scheduling restart of crashed service com.panasonic.mobile.pmcadl/.FOTAService in 24949ms
12-29 11:52:53.469 D/BackupManagerService(  518): Received broadcast Intent { act=android.intent.action.PACKAGE_REPLACED dat=package:jp.saka.camera flg=0x10000010 (has extras) }
12-29 11:52:53.469 V/BackupManagerService(  518): updatePackageParticipantsLocked: #1
12-29 11:52:53.499 I/ActivityManager(  518): Start proc com.nttdocomo.android.voiceinput for broadcast com.nttdocomo.android.voiceinput/.UninstallReceiver: pid=23816 uid=10098 gids={3003}
12-29 11:52:53.829 I/ActivityManager(  518): No longer want com.nttdocomo.android.fota (pid 3624): hidden #31
12-29 11:52:53.919 W/ActivityManager(  518): Scheduling restart of crashed service com.nttdocomo.android.fota/.DmcService in 34408ms
12-29 11:52:55.080 I/ActivityManager(  518): No longer want com.nttdocomo.android.docomomenu:outerProcess (pid 3688): hidden #31
12-29 11:52:55.120 I/ActivityManager(  518): Start proc jp.co.omronsoft.iwnnime.ml for broadcast jp.co.omronsoft.iwnnime.ml/.UninstallReceiver: pid=23839 uid=10113 gids={1006, 1015}
12-29 11:52:55.230 W/ActivityManager(  518): Scheduling restart of crashed service com.nttdocomo.android.docomomenu/.DocomoMenuService in 43100ms
12-29 11:52:55.411 I/ActivityManager(  518): Start proc jp.co.omronsoft.iwnnime.service for broadcast jp.co.omronsoft.iwnnime.service/.UninstallReceiver: pid=23852 uid=10115 gids={}
12-29 11:52:55.411 I/ActivityManager(  518): No longer want com.panasonic.mobile.MakerSiteLink (pid 3794): hidden #31
12-29 11:52:55.521 I/ActivityManager(  518): No longer want net.crosmile:service (pid 3889): hidden #31
12-29 11:52:55.561 I/ActivityManager(  518): Start proc com.google.android.partnersetup for broadcast com.google.android.partnersetup/.RlzPingBroadcastReceiver: pid=23865 uid=10042 gids={3003}
12-29 11:52:55.621 W/ActivityManager(  518): Scheduling restart of crashed service net.crosmile/.ui.MessageReceiverService in 52702ms
12-29 11:52:55.731 I/ActivityManager(  518): Start proc com.panasonic.mobile.terminalmode.app for broadcast com.panasonic.mobile.terminalmode.app/.installer.InstallReceiver: pid=23880 uid=10090 gids={}
12-29 11:52:55.821 I/ActivityManager(  518): Start proc com.nttdocomo.android.rwpushcontroller for broadcast com.nttdocomo.android.rwpushcontroller/.PushBroadcastReceiver: pid=23896 uid=10120 gids={}
12-29 11:52:55.861 I/ActivityManager(  518): No longer want com.panasonic.mobile.touchpanelservice:TouchPanelService (pid 3987): hidden #31
12-29 11:52:55.891 I/ActivityManager(  518): Start proc jp.co.nttdocomo.bridgelauncher for broadcast jp.co.nttdocomo.bridgelauncher/.receiver.ApkInstallReceiver: pid=23908 uid=10004 gids={}
12-29 11:52:55.961 W/ActivityManager(  518): Scheduling restart of crashed service com.panasonic.mobile.touchpanelservice/.TouchPanelService in 62371ms
12-29 11:52:55.971 I/ActivityManager(  518): Start proc com.nttdocomo.android.databackup for broadcast com.nttdocomo.android.databackup/.service.UpdateReceiver: pid=23921 uid=10014 gids={3003, 1015}
12-29 11:52:56.081 I/ActivityManager(  518): Start proc com.panasonic.mobile.dd for broadcast com.panasonic.mobile.dd/.GpswlmReceiver: pid=23938 uid=10023 gids={}
12-29 11:52:56.091 I/ActivityManager(  518): No longer want jp.co.alpha.dlna.dms (pid 4065): hidden #31
12-29 11:52:56.091 I/ActivityManager(  518): No longer want com.nttdocomo.android.atf (pid 4168): hidden #31
12-29 11:52:56.091 W/ActivityManager(  518): Scheduling restart of crashed service com.panasonic.mobile.MakerSiteLink/.LinkWidgetService in 72231ms
12-29 11:52:56.111 W/ActivityManager(  518): Scheduling restart of crashed service com.nttdocomo.android.atf/.srv.AtfSrvMain in 82214ms
12-29 11:52:56.131 I/ActivityManager(  518): No longer want com.google.android.calendar (pid 16574): hidden #31
12-29 11:52:56.141 W/ActivityManager(  518): Scheduling restart of crashed service jp.co.alpha.dlna.dms/.MediaServerService in 92182ms
12-29 11:52:56.161 I/ActivityManager(  518): Start proc com.google.android.apps.maps:FriendService for broadcast com.google.android.apps.maps/com.google.googlenav.friend.android.ServiceReceiver: pid=23951 uid=10037 gids={3003, 1015}
12-29 11:52:56.161 I/ActivityManager(  518): No longer want com.android.providers.calendar (pid 16556): hidden #31
12-29 11:52:56.171 I/ActivityManager(  518): No longer want jp.co.nttdocomo.ichannel (pid 17284): hidden #31
12-29 11:52:56.181 W/ActivityManager(  518): Scheduling restart of crashed service jp.co.nttdocomo.ichannel/.IChMessageDownloadService in 102141ms
12-29 11:52:56.382 I/ActivityManager(  518): Start proc jp.co.nttdocomo.lcsapp for broadcast jp.co.nttdocomo.lcsapp/.receiver.PictController: pid=23964 uid=10106 gids={3003}
12-29 11:52:56.392 I/ActivityManager(  518): No longer want com.panasonic.mobile.DlnaAutoTransfer (pid 3423): hidden #31
12-29 11:52:56.452 I/ActivityManager(  518): Start proc jp.co.nttdocomo.ichannel for broadcast jp.co.nttdocomo.ichannel/.IChMessageReceiver: pid=23980 uid=10143 gids={3003}
12-29 11:52:56.452 I/ActivityManager(  518): No longer want jp.co.nttdocomo.contentsheadline (pid 16443): hidden #31
12-29 11:52:56.632 I/ActivityManager(  518): Start proc com.google.android.googlequicksearchbox for broadcast com.google.android.googlequicksearchbox/.SourceUpdateReceiver: pid=23992 uid=10043 gids={3003}
12-29 11:52:56.642 I/ActivityManager(  518): No longer want com.nttdocomo.android.mascot (pid 11208): hidden #31
12-29 11:52:56.762 I/ActivityManager(  518): Start proc com.google.android.apps.maps:LocationFriendService for broadcast com.google.android.apps.maps/com.google.googlenav.friend.reporting.LocationReportingIntentReceiver: pid=24006 uid=10037 gids={3003, 1015}
12-29 11:52:56.762 I/ActivityManager(  518): No longer want jp.co.nttdocomo.docomo_WiFi.preinstall (pid 5468): hidden #31
12-29 11:52:57.012 I/ActivityManager(  518): No longer want com.panasonic.mobile.dlna.app005jp (pid 23668): hidden #31
12-29 11:52:58.364 I/ActivityManager(  518): Start proc com.nttdocomo.android.areamail for service com.nttdocomo.android.areamail/.HeadsetPlugObserverService: pid=24026 uid=10001 gids={}
12-29 11:53:00.056 I/ActivityManager(  518): No longer want com.panasonic.mobile.econavi (pid 18129): hidden #31
12-29 11:53:08.364 I/ActivityManager(  518): Start proc com.panasonic.mobile.pmcadl for service com.panasonic.mobile.pmcadl/.PollingControlService: pid=24039 uid=1000 gids={1015, 3002, 3001, 3003, 3007}
12-29 11:53:10.867 V/AlarmManager(  518): SENDING ALARM Alarm{41a74160 type 0 com.android.vending}, when 1356749590877, repeatInterval 0, count 1, operation PendingIntent{41c1f520: PendingIntentRecord{41b7add8 com.android.vending startService <- cmp=com.android.vending/com.google.android.finsky.services.ContentSyncService}}
12-29 11:53:13.820 I/ActivityManager(  518): Start proc jp.co.nttdocomo.docomo_WiFi.preinstall for broadcast jp.co.nttdocomo.docomo_WiFi.preinstall/jp.co.nttdocomo.docomo_WiFi.SignalScanReceiver: pid=24056 uid=10116 gids={3003, 1006}
12-29 11:53:13.870 I/ActivityManager(  518): No longer want android.process.media (pid 3461): hidden #31
12-29 11:53:13.880 W/ActivityManager(  518): Scheduling restart of crashed service com.android.providers.downloads/.DownloadService in 94448ms
12-29 11:53:18.545 I/ActivityManager(  518): START {act=android.intent.action.MAIN cat=[android.intent.category.LAUNCHER] flg=0x10200000 cmp=jp.saka.camera/.CameraActivity} from pid 910
12-29 11:53:18.645 I/ActivityManager(  518): Start proc jp.saka.camera for activity jp.saka.camera/.CameraActivity: pid=24070 uid=10163 gids={3003, 1006, 1015}
12-29 11:53:23.731 I/ActivityManager(  518): Force stopping package jp.saka.camera uid=10163
12-29 11:53:23.731 I/ActivityManager(  518): Killing proc 24070:jp.saka.camera/10163: force stop
12-29 11:53:23.731 W/ActivityManager(  518): Force removing ActivityRecord{41801210 jp.saka.camera/.CameraActivity}: app died, no saved state
12-29 11:53:23.761 I/WindowManager(  518): WINDOW DIED Window{424c38e8 jp.saka.camera/jp.saka.camera.CameraActivity paused=false}
12-29 11:53:23.811 I/ActivityManager(  518): Start proc jp.saka.camera for added application jp.saka.camera: pid=24096 uid=10163 gids={3003, 1006, 1015}
12-29 11:53:24.171 W/InputManagerService(  518): Got RemoteException sending setActive(false) notification to pid 24070 uid 10163
12-29 11:53:24.181 E/ActivityThread(  910): Failed to find provider info for jp.co.nttdocomo.carriermail.applinkprovider
12-29 11:53:28.376 I/ActivityManager(  518): Start proc com.nttdocomo.android.fota for service com.nttdocomo.android.fota/.DmcService: pid=24118 uid=1000 gids={1015, 3002, 3001, 3003, 3007}
12-29 11:53:38.366 I/ActivityManager(  518): Start proc com.nttdocomo.android.docomomenu:outerProcess for service com.nttdocomo.android.docomomenu/.DocomoMenuService: pid=24132 uid=10141 gids={3003}
12-29 11:53:40.899 I/ActivityManager(  518): START {act=android.intent.action.MAIN cat=[android.intent.category.LAUNCHER] flg=0x10000000 cmp=jp.saka.camera/.CameraActivity} from pid 24096
12-29 11:53:44.283 W/WindowManager(  518): Input event injection permission denied.
12-29 11:53:44.513 E/ActivityThread(  910): Failed to find provider info for jp.co.nttdocomo.carriermail.applinkprovider
12-29 11:53:44.553 W/ActivityManager(  518): Duplicate finish request for ActivityRecord{41dfe960 jp.saka.camera/.CameraActivity}
12-29 11:53:48.357 I/ActivityManager(  518): Start proc net.crosmile:service for service net.crosmile/.ui.MessageReceiverService: pid=24149 uid=10155 gids={3003, 1015, 1006, 3002}
12-29 11:53:58.368 I/ActivityManager(  518): Start proc com.panasonic.mobile.touchpanelservice:TouchPanelService for service com.panasonic.mobile.touchpanelservice/.TouchPanelService: pid=24161 uid=10093 gids={}
12-29 11:53:59.929 I/ActivityManager(  518): START {act=android.intent.action.MAIN cat=[android.intent.category.LAUNCHER] flg=0x10200000 cmp=jp.saka.camera/.CameraActivity} from pid 910
12-29 11:54:05.756 I/ActivityManager(  518): Force stopping package jp.saka.camera uid=10163
12-29 11:54:05.766 I/ActivityManager(  518): Killing proc 24096:jp.saka.camera/10163: force stop
12-29 11:54:05.766 W/ActivityManager(  518): Force removing ActivityRecord{41767e18 jp.saka.camera/.CameraActivity}: app died, no saved state
12-29 11:54:05.776 W/ActivityManager(  518): Crash of app jp.saka.camera running instrumentation ComponentInfo{jp.saka.camera/com.google.android.testing.nativedriver.server.ServerInstrumentation}
12-29 11:54:05.776 I/ActivityManager(  518): Force stopping package jp.saka.camera uid=10163
12-29 11:54:05.826 I/WindowManager(  518): WIN DEATH: Window{41bc2aa8 jp.saka.camera/jp.saka.camera.CameraActivity paused=false}
12-29 11:54:05.846 I/ActivityManager(  518): Start proc jp.saka.camera for added application jp.saka.camera: pid=24189 uid=10163 gids={3003, 1006, 1015}
12-29 11:54:06.076 W/InputManagerService(  518): Got RemoteException sending setActive(false) notification to pid 24096 uid 10163
12-29 11:54:06.086 E/ActivityThread(  910): Failed to find provider info for jp.co.nttdocomo.carriermail.applinkprovider
12-29 11:54:08.368 I/ActivityManager(  518): Start proc com.panasonic.mobile.MakerSiteLink for service com.panasonic.mobile.MakerSiteLink/.LinkWidgetService: pid=24210 uid=10053 gids={3003}
12-29 11:54:17.178 I/ActivityManager(  518): START {act=android.intent.action.MAIN cat=[android.intent.category.LAUNCHER] flg=0x10000000 cmp=jp.saka.camera/.CameraActivity} from pid 24189
12-29 11:54:18.359 I/ActivityManager(  518): Start proc com.nttdocomo.android.atf for service com.nttdocomo.android.atf/.srv.AtfSrvMain: pid=24225 uid=10105 gids={3003}
12-29 11:54:20.652 W/WindowManager(  518): Input event injection permission denied.
12-29 11:54:20.842 E/ActivityThread(  910): Failed to find provider info for jp.co.nttdocomo.carriermail.applinkprovider
12-29 11:54:20.872 W/ActivityManager(  518): Duplicate finish request for ActivityRecord{417c1ce8 jp.saka.camera/.CameraActivity}
12-29 11:54:28.370 I/ActivityManager(  518): Start proc jp.co.alpha.dlna.dms for service jp.co.alpha.dlna.dms/.MediaServerService: pid=24243 uid=10055 gids={3003, 1015}
12-29 11:54:42.555 D/NotificationService(  518): Battery Status = 2, level = 99, batteryFull = 1, batteryCharging = true, batteryLow = false
12-29 11:54:42.585 V/SystemMonitoringService(  518): ACTION_BATTERY_CHANGED health:2
12-29 11:54:42.595 I/ActivityManager(  518): Start proc com.panasonic.mobile.econavi for broadcast com.panasonic.mobile.econavi/.EconaviLargeWidget: pid=24270 uid=1000 gids={1015, 3002, 3001, 3003, 3007}
12-29 11:54:42.605 D/NotificationService(  518): Battery Status = 2, level = 99, batteryFull = 1, batteryCharging = true, batteryLow = false
12-29 11:54:42.605 V/SystemMonitoringService(  518): ACTION_BATTERY_CHANGED health:2
12-29 11:54:48.371 I/ActivityManager(  518): Start proc android.process.media for service com.android.providers.downloads/.DownloadService: pid=24282 uid=10030 gids={1015, 1023, 1024, 2001, 3003, 3007}
12-29 11:55:09.003 I/ActivityManager(  518): START {act=android.intent.action.MAIN cat=[android.intent.category.LAUNCHER] flg=0x10200000 cmp=jp.saka.camera/.CameraActivity} from pid 910
12-29 11:55:12.046 I/ActivityManager(  518): Force stopping package jp.saka.camera uid=10163
12-29 11:55:12.046 I/ActivityManager(  518): Killing proc 24189:jp.saka.camera/10163: force stop
12-29 11:55:12.046 W/ActivityManager(  518): Force removing ActivityRecord{41a8e1a0 jp.saka.camera/.CameraActivity}: app died, no saved state
12-29 11:55:12.056 W/ActivityManager(  518): Crash of app jp.saka.camera running instrumentation ComponentInfo{jp.saka.camera/com.google.android.testing.nativedriver.server.ServerInstrumentation}
12-29 11:55:12.056 I/ActivityManager(  518): Force stopping package jp.saka.camera uid=10163
12-29 11:55:12.106 I/WindowManager(  518): WINDOW DIED Window{41f51350 jp.saka.camera/jp.saka.camera.CameraActivity paused=false}
12-29 11:55:12.127 I/ActivityManager(  518): Start proc jp.saka.camera for added application jp.saka.camera: pid=24312 uid=10163 gids={3003, 1006, 1015}
12-29 11:55:12.407 W/InputManagerService(  518): Got RemoteException sending setActive(false) notification to pid 24189 uid 10163
12-29 11:55:12.427 E/ActivityThread(  910): Failed to find provider info for jp.co.nttdocomo.carriermail.applinkprovider
12-29 11:55:19.454 I/ActivityManager(  518): START {act=android.intent.action.MAIN cat=[android.intent.category.LAUNCHER] flg=0x10000000 cmp=jp.saka.camera/.CameraActivity} from pid 24312
12-29 11:55:22.798 W/WindowManager(  518): Input event injection permission denied.
12-29 11:55:22.988 E/ActivityThread(  910): Failed to find provider info for jp.co.nttdocomo.carriermail.applinkprovider
12-29 11:55:23.018 W/ActivityManager(  518): Duplicate finish request for ActivityRecord{41ba9c20 jp.saka.camera/.CameraActivity}
12-29 11:55:53.751 V/AlarmManager(  518): SENDING ALARM Alarm{41a93a80 type 0 com.google.android.gsf}, when 1356751553757, repeatInterval 1800000, count 1, operation PendingIntent{41ecf208: PendingIntentRecord{41c36598 com.google.android.gsf broadcastIntent <- cmp=com.google.android.gsf/.checkin.EventLogService$Receiver}}
12-29 11:56:22.442 I/ActivityManager(  518): START {act=android.intent.action.MAIN cat=[android.intent.category.LAUNCHER] flg=0x10000000 cmp=jp.saka.camera/.CameraActivity} from pid 24312
12-29 11:56:25.825 W/WindowManager(  518): Input event injection permission denied.
12-29 11:56:26.075 E/ActivityThread(  910): Failed to find provider info for jp.co.nttdocomo.carriermail.applinkprovider
12-29 11:56:26.085 W/ActivityManager(  518): Duplicate finish request for ActivityRecord{429f6960 jp.saka.camera/.CameraActivity}
12-29 11:58:19.667 I/ActivityManager(  518): START {act=android.intent.action.MAIN cat=[android.intent.category.LAUNCHER] flg=0x10000000 cmp=jp.saka.camera/.CameraActivity} from pid 24312
12-29 11:58:23.000 W/WindowManager(  518): Input event injection permission denied.
12-29 11:58:23.150 W/ActivityManager(  518): Duplicate finish request for ActivityRecord{41767e18 jp.saka.camera/.CameraActivity}
12-29 11:58:23.190 E/ActivityThread(  910): Failed to find provider info for jp.co.nttdocomo.carriermail.applinkprovider
12-29 11:58:54.133 I/ActivityManager(  518): START {act=android.intent.action.MAIN cat=[android.intent.category.LAUNCHER] flg=0x10000000 cmp=jp.saka.camera/.CameraActivity} from pid 24312
12-29 11:58:57.427 W/WindowManager(  518): Input event injection permission denied.
12-29 11:58:57.567 E/ActivityThread(  910): Failed to find provider info for jp.co.nttdocomo.carriermail.applinkprovider
12-29 11:58:57.757 W/ActivityManager(  518): Duplicate finish request for ActivityRecord{41793fd0 jp.saka.camera/.CameraActivity}
12-29 11:59:49.462 W/ThrottleService(  518): unable to find stats for iface rmnet0
12-29 12:00:00.034 I/ActivityManager(  518): Start proc com.google.android.calendar for broadcast com.google.android.calendar/com.android.calendar.widget.CalendarAppWidgetService$CalendarFactory: pid=24361 uid=10007 gids={3003}
12-29 12:00:00.144 I/ActivityManager(  518): No longer want com.android.keychain (pid 23769): hidden #31
12-29 12:00:00.174 I/ActivityManager(  518): Start proc com.panasonic.mobile.digitalclock.controller2 for broadcast com.panasonic.mobile.digitalclock.controller2/.WidgetClockNormal: pid=24376 uid=10022 gids={}
12-29 12:00:00.234 I/ActivityManager(  518): Start proc com.android.providers.calendar for content provider com.android.providers.calendar/.CalendarProvider2: pid=24388 uid=10008 gids={3003, 1015}
12-29 12:00:00.294 I/ActivityManager(  518): Start proc com.google.android.inputmethod.latin.dictionarypack for broadcast com.google.android.inputmethod.latin.dictionarypack/.UpdateHandler: pid=24396 uid=10048 gids={3003, 1015}
12-29 12:00:00.294 I/ActivityManager(  518): No longer want com.nttdocomo.android.voiceinput (pid 23816): hidden #31
12-29 12:00:00.304 I/ActivityManager(  518): No longer want jp.co.omronsoft.iwnnime.service (pid 23852): hidden #31
12-29 12:00:00.424 I/ActivityManager(  518): No longer want com.nttdocomo.android.socialphonebook (pid 16462): hidden #31
12-29 12:00:00.454 I/ActivityManager(  518): Start proc com.panasonic.psn.android.hdvcm for broadcast com.panasonic.psn.android.hdvcm/.manager.ClockChangedReceiver: pid=24416 uid=10147 gids={3003, 1006, 1015}
12-29 12:00:00.544 W/ActivityManager(  518): Scheduling restart of crashed service com.nttdocomo.android.socialphonebook/.service.SocialPhonebookService in 5000ms
12-29 12:00:01.625 I/ActivityManager(  518): No longer want jp.co.omronsoft.iwnnime.ml (pid 23839): hidden #31
12-29 12:00:05.580 I/ActivityManager(  518): Start proc com.nttdocomo.android.socialphonebook for service com.nttdocomo.android.socialphonebook/.service.SocialPhonebookService: pid=24443 uid=10085 gids={1015, 3003}
12-29 12:05:48.476 I/ActivityManager(  518): START {act=android.intent.action.MAIN cat=[android.intent.category.LAUNCHER] flg=0x10000000 cmp=jp.saka.camera/.CameraActivity} from pid 24312
