12-29 12:05:48.666 I/ActivityManager(  518): START {act=android.intent.action.MAIN cat=[android.intent.category.LAUNCHER] flg=0x10000000 cmp=jp.saka.camera/.CameraPreviewActivity} from pid 24312
12-29 12:06:20.109 W/WindowManager(  518): Input event injection permission denied.
12-29 12:06:20.310 E/ActivityThread(  910): Failed to find provider info for jp.co.nttdocomo.carriermail.applinkprovider
12-29 12:06:20.340 W/ActivityManager(  518): Duplicate finish request for ActivityRecord{41d8d878 jp.saka.camera/.CameraActivity}
12-29 12:06:27.337 I/ActivityManager(  518): START {act=android.intent.action.MAIN cat=[android.intent.category.LAUNCHER] flg=0x10000000 cmp=jp.saka.camera/.CameraActivity} from pid 24312
12-29 12:06:27.607 I/ActivityManager(  518): START {act=android.intent.action.MAIN cat=[android.intent.category.LAUNCHER] flg=0x10000000 cmp=jp.saka.camera/.CameraPreviewActivity} from pid 24312
12-29 12:06:47.719 E/ActivityThread(  910): Failed to find provider info for jp.co.nttdocomo.carriermail.applinkprovider
12-29 12:07:24.348 I/ActivityManager(  518): START {act=android.intent.action.MAIN cat=[android.intent.category.LAUNCHER] flg=0x10000000 cmp=jp.saka.camera/.CameraActivity} from pid 24312
12-29 12:07:24.508 I/ActivityManager(  518): START {act=android.intent.action.MAIN cat=[android.intent.category.LAUNCHER] flg=0x10000000 cmp=jp.saka.camera/.CameraPreviewActivity} from pid 24312
12-29 12:07:28.572 I/ActivityManager(  518): START {act=android.intent.action.MAIN cat=[android.intent.category.LAUNCHER] flg=0x10000000 cmp=jp.saka.camera/.CameraPreviewActivity} from pid 24312
12-29 12:07:32.577 I/ActivityManager(  518): START {act=android.intent.action.MAIN cat=[android.intent.category.LAUNCHER] flg=0x10000000 cmp=jp.saka.camera/.CameraPreviewActivity} from pid 24312
12-29 12:07:36.631 I/ActivityManager(  518): START {act=android.intent.action.MAIN cat=[android.intent.category.LAUNCHER] flg=0x10000000 cmp=jp.saka.camera/.CameraPreviewActivity} from pid 24312
12-29 12:07:40.615 I/ActivityManager(  518): START {act=android.intent.action.MAIN cat=[android.intent.category.LAUNCHER] flg=0x10000000 cmp=jp.saka.camera/.CameraPreviewActivity} from pid 24312
12-29 12:07:44.599 I/ActivityManager(  518): START {act=android.intent.action.MAIN cat=[android.intent.category.LAUNCHER] flg=0x10000000 cmp=jp.saka.camera/.CameraPreviewActivity} from pid 24312
12-29 12:07:48.684 I/ActivityManager(  518): START {act=android.intent.action.MAIN cat=[android.intent.category.LAUNCHER] flg=0x10000000 cmp=jp.saka.camera/.CameraPreviewActivity} from pid 24312
12-29 12:07:52.658 I/ActivityManager(  518): START {act=android.intent.action.MAIN cat=[android.intent.category.LAUNCHER] flg=0x10000000 cmp=jp.saka.camera/.CameraPreviewActivity} from pid 24312
12-29 12:07:56.622 I/ActivityManager(  518): START {act=android.intent.action.MAIN cat=[android.intent.category.LAUNCHER] flg=0x10000000 cmp=jp.saka.camera/.CameraPreviewActivity} from pid 24312
12-29 12:08:00.577 I/ActivityManager(  518): START {act=android.intent.action.MAIN cat=[android.intent.category.LAUNCHER] flg=0x10000000 cmp=jp.saka.camera/.CameraPreviewActivity} from pid 24312
12-29 12:08:04.941 I/ActivityManager(  518): START {act=android.intent.action.MAIN cat=[android.intent.category.LAUNCHER] flg=0x10000000 cmp=jp.saka.camera/.CameraPreviewActivity} from pid 24312
12-29 12:08:08.955 I/ActivityManager(  518): START {act=android.intent.action.MAIN cat=[android.intent.category.LAUNCHER] flg=0x10000000 cmp=jp.saka.camera/.CameraPreviewActivity} from pid 24312
12-29 12:08:12.900 I/ActivityManager(  518): START {act=android.intent.action.MAIN cat=[android.intent.category.LAUNCHER] flg=0x10000000 cmp=jp.saka.camera/.CameraPreviewActivity} from pid 24312
12-29 12:08:16.814 I/ActivityManager(  518): START {act=android.intent.action.MAIN cat=[android.intent.category.LAUNCHER] flg=0x10000000 cmp=jp.saka.camera/.CameraPreviewActivity} from pid 24312
12-29 12:08:20.808 I/ActivityManager(  518): START {act=android.intent.action.MAIN cat=[android.intent.category.LAUNCHER] flg=0x10000000 cmp=jp.saka.camera/.CameraPreviewActivity} from pid 24312
12-29 12:08:24.782 I/ActivityManager(  518): START {act=android.intent.action.MAIN cat=[android.intent.category.LAUNCHER] flg=0x10000000 cmp=jp.saka.camera/.CameraPreviewActivity} from pid 24312
12-29 12:08:28.727 I/ActivityManager(  518): START {act=android.intent.action.MAIN cat=[android.intent.category.LAUNCHER] flg=0x10000000 cmp=jp.saka.camera/.CameraPreviewActivity} from pid 24312
12-29 12:08:32.701 I/ActivityManager(  518): START {act=android.intent.action.MAIN cat=[android.intent.category.LAUNCHER] flg=0x10000000 cmp=jp.saka.camera/.CameraPreviewActivity} from pid 24312
12-29 12:08:36.645 I/ActivityManager(  518): START {act=android.intent.action.MAIN cat=[android.intent.category.LAUNCHER] flg=0x10000000 cmp=jp.saka.camera/.CameraPreviewActivity} from pid 24312
12-29 12:08:40.609 I/ActivityManager(  518): START {act=android.intent.action.MAIN cat=[android.intent.category.LAUNCHER] flg=0x10000000 cmp=jp.saka.camera/.CameraPreviewActivity} from pid 24312
12-29 12:08:44.563 I/ActivityManager(  518): START {act=android.intent.action.MAIN cat=[android.intent.category.LAUNCHER] flg=0x10000000 cmp=jp.saka.camera/.CameraPreviewActivity} from pid 24312
12-29 12:08:48.528 I/ActivityManager(  518): START {act=android.intent.action.MAIN cat=[android.intent.category.LAUNCHER] flg=0x10000000 cmp=jp.saka.camera/.CameraPreviewActivity} from pid 24312
12-29 12:08:52.592 I/ActivityManager(  518): START {act=android.intent.action.MAIN cat=[android.intent.category.LAUNCHER] flg=0x10000000 cmp=jp.saka.camera/.CameraPreviewActivity} from pid 24312
12-29 12:08:56.536 I/ActivityManager(  518): START {act=android.intent.action.MAIN cat=[android.intent.category.LAUNCHER] flg=0x10000000 cmp=jp.saka.camera/.CameraPreviewActivity} from pid 24312
12-29 12:09:00.400 I/ActivityManager(  518): START {act=android.intent.action.MAIN cat=[android.intent.category.LAUNCHER] flg=0x10000000 cmp=jp.saka.camera/.CameraPreviewActivity} from pid 24312
12-29 12:09:04.335 I/ActivityManager(  518): START {act=android.intent.action.MAIN cat=[android.intent.category.LAUNCHER] flg=0x10000000 cmp=jp.saka.camera/.CameraPreviewActivity} from pid 24312
12-29 12:09:08.279 I/ActivityManager(  518): START {act=android.intent.action.MAIN cat=[android.intent.category.LAUNCHER] flg=0x10000000 cmp=jp.saka.camera/.CameraPreviewActivity} from pid 24312
12-29 12:09:12.273 I/ActivityManager(  518): START {act=android.intent.action.MAIN cat=[android.intent.category.LAUNCHER] flg=0x10000000 cmp=jp.saka.camera/.CameraPreviewActivity} from pid 24312
12-29 12:09:16.257 I/ActivityManager(  518): START {act=android.intent.action.MAIN cat=[android.intent.category.LAUNCHER] flg=0x10000000 cmp=jp.saka.camera/.CameraPreviewActivity} from pid 24312
12-29 12:09:20.242 I/ActivityManager(  518): START {act=android.intent.action.MAIN cat=[android.intent.category.LAUNCHER] flg=0x10000000 cmp=jp.saka.camera/.CameraPreviewActivity} from pid 24312
--------- beginning of /dev/log/main
12-29 12:09:20.942 E/OverlayLIB(  232): decZ: Pipes in use  = 0
12-29 12:09:20.942 D/memalloc(  232): ion: Freeing buffer base:0x0 size:925696 fd:63
12-29 12:09:20.942 D/memalloc(  232): ion: Freeing buffer base:0x43e71000 size:2703360 fd:96
12-29 12:09:20.942 D/memalloc(  232): ion: Unmapping buffer  base:0x43e71000 size:2703360
12-29 12:09:20.942 I/Adreno200-EGLSUB(  232): <CreateImage:1017>: Android Image
12-29 12:09:20.972 I/Adreno200-EGLSUB(  232): <CreateImage:1017>: Android Image
12-29 12:09:20.972 D/sakalog (24312): data: 460800B
12-29 12:09:21.072 E/OverlayLIB(  232): getZ: return zorder = 0 for fbdev = 0, pipesinUse = 1
12-29 12:09:21.082 D/sakalog (24312): data: 460800B
12-29 12:09:21.082 D/memalloc(  232): ion: Allocated buffer base:0x0 size:925696 fd:60
12-29 12:09:21.102 E/msm8960.hwcomposer(  232): Avoid call perform==NULL: EVENT_RESET_POSTBUFFER
12-29 12:09:21.102 E/msm8960.hwcomposer(  232): Avoid call perform==NULL EVENT_WAIT_POSTBUFFER
12-29 12:09:21.112 D/sakalog (24312): onStop
12-29 12:09:21.112 D/sakalog (24312): onDestroy
12-29 12:09:21.122 D/memalloc(  232): ion: Allocated buffer base:0x0 size:925696 fd:63
12-29 12:09:21.132 D/memalloc(  232): ion: Freeing buffer base:0x0 size:925696 fd:60
12-29 12:09:21.142 E/msm8960.hwcomposer(  232): Avoid call perform==NULL: EVENT_RESET_POSTBUFFER
12-29 12:09:21.142 E/msm8960.hwcomposer(  232): Avoid call perform==NULL EVENT_WAIT_POSTBUFFER
12-29 12:09:21.142 D/memalloc(  232): ion: Freeing buffer base:0x44788000 size:2703360 fd:99
12-29 12:09:21.142 D/memalloc(  232): ion: Unmapping buffer  base:0x44788000 size:2703360
12-29 12:09:21.142 D/memalloc(  232): ion: Freeing buffer base:0x43934000 size:462848 fd:87
12-29 12:09:21.142 D/memalloc(  232): ion: Unmapping buffer  base:0x43934000 size:462848
12-29 12:09:21.142 I/Adreno200-EGLSUB(  232): <CreateImage:1017>: Android Image
12-29 12:09:21.183 D/sakalog (24312): data: 460800B
12-29 12:09:21.273 D/sakalog (24312): data: 460800B
12-29 12:09:21.373 D/sakalog (24312): data: 460800B
12-29 12:09:21.473 D/sakalog (24312): data: 460800B
12-29 12:09:21.573 D/sakalog (24312): data: 460800B
12-29 12:09:21.673 D/sakalog (24312): data: 460800B
12-29 12:09:21.773 D/sakalog (24312): data: 460800B
12-29 12:09:21.883 D/sakalog (24312): data: 460800B
12-29 12:09:21.973 D/sakalog (24312): data: 460800B
12-29 12:09:22.073 D/sakalog (24312): data: 460800B
12-29 12:09:22.184 D/sakalog (24312): data: 460800B
12-29 12:09:22.284 D/sakalog (24312): data: 460800B
12-29 12:09:22.384 D/sakalog (24312): data: 460800B
12-29 12:09:22.484 D/sakalog (24312): data: 460800B
12-29 12:09:22.584 D/sakalog (24312): data: 460800B
12-29 12:09:22.684 D/sakalog (24312): data: 460800B
12-29 12:09:22.784 D/sakalog (24312): data: 460800B
12-29 12:09:22.884 D/sakalog (24312): data: 460800B
12-29 12:09:22.974 D/sakalog (24312): data: 460800B
12-29 12:09:23.045 E/        (  308): frame_rate 7808, max_preview_fps 7808
12-29 12:09:23.085 D/sakalog (24312): data: 460800B
12-29 12:09:23.185 D/sakalog (24312): data: 460800B
12-29 12:09:23.275 D/sakalog (24312): data: 460800B
12-29 12:09:23.375 D/sakalog (24312): data: 460800B
12-29 12:09:23.485 D/sakalog (24312): data: 460800B
12-29 12:09:23.575 D/sakalog (24312): data: 460800B
12-29 12:09:23.675 D/sakalog (24312): data: 460800B
12-29 12:09:23.775 D/sakalog (24312): data: 460800B
12-29 12:09:23.885 D/sakalog (24312): data: 460800B
12-29 12:09:23.935 I/roidNativeDriverServlet(24312): Executing: [go back] at URL: /session/1356749712531/back)
12-29 12:09:24.076 V/Camera  (24312): setPreviewCallbackFlags
12-29 12:09:24.076 E/QualcommCamera(  235): Qvoid android::disable_msg_type(camera_device*, int32_t): E
12-29 12:09:24.076 I/QCameraHWI(  235): disableMsgType: E
12-29 12:09:24.076 I/QCameraHWI(  235): disableMsgType: X, msgType =0x10, mMsgEnabled=0xd
12-29 12:09:24.126 D/sakalog (24312): data: 460800B
12-29 12:09:24.126 V/Camera  (24312): setPreviewCallbackFlags
12-29 12:09:24.126 I/QCameraHWI(  235): enableMsgType: E, msgType =0x10
12-29 12:09:24.126 I/QCameraHWI(  235): enableMsgType: X, msgType =0x10, mMsgEnabled=0x1d
12-29 12:09:24.126 D/sakalog (24312): data: 460800B
12-29 12:09:24.126 D/sakalog (24312): onPause
12-29 12:09:24.126 V/Camera  (24312): stopPreview
12-29 12:09:24.126 E/QualcommCamera(  235): Qvoid android::disable_msg_type(camera_device*, int32_t): E
12-29 12:09:24.126 I/QCameraHWI(  235): disableMsgType: E
12-29 12:09:24.126 I/QCameraHWI(  235): disableMsgType: X, msgType =0x400, mMsgEnabled=0x1d
12-29 12:09:24.126 E/QualcommCamera(  235): Qvoid android::disable_msg_type(camera_device*, int32_t): E
12-29 12:09:24.126 I/QCameraHWI(  235): disableMsgType: E
12-29 12:09:24.126 I/QCameraHWI(  235): disableMsgType: X, msgType =0x10, mMsgEnabled=0xd
12-29 12:09:24.126 E/QualcommCamera(  235): Qvoid android::stop_preview(camera_device*): E
12-29 12:09:24.126 I/QCameraHWI(  235): void android::QCameraHardwareInterface::stopPreview(): stopPreview: E
12-29 12:09:24.126 I/QCameraHWI(  235): stopPreviewInternal: E
12-29 12:09:24.126 E/QCameraHWI_Preview(  235): virtual void android::QCameraStream_preview::stop(): E
12-29 12:09:24.126 E/mm-camera(  308): config_MSG_ID_STOP_ACK: unset video mode to mctl_pp
12-29 12:09:24.126 E/QCameraHWI_Preview(  235): Debug : virtual void android::QCameraStream_preview::stop() : Buffer Unprepared
12-29 12:09:24.126 E/QCameraHWI(  235): processEvent: type :0 E
12-29 12:09:24.126 I/QCameraHWI(  235): processChannelEvent: E
12-29 12:09:24.126 E/mm-camera(  308): mctl_pp_poll_fn: Woke up Socket fd
12-29 12:09:24.126 E/mm-camera(  308): mctl_pp_recvmsg: Receieved msg_type=1
12-29 12:09:24.126 E/mm-camera(  308): mctl_pp_poll_fn: Woke up Socket fd
12-29 12:09:24.126 E/mm-camera(  308): mctl_pp_recvmsg: Receieved msg_type=1
12-29 12:09:24.126 E/mm-camera(  308): mctl_pp_poll_fn: Woke up Socket fd
12-29 12:09:24.126 E/mm-camera(  308): mctl_pp_recvmsg: Receieved msg_type=1
12-29 12:09:24.126 E/mm-camera(  308): mctl_pp_poll_fn: Woke up Socket fd
12-29 12:09:24.126 E/mm-camera(  308): mctl_pp_recvmsg: Receieved msg_type=1
12-29 12:09:24.126 E/mm-camera(  308): mctl_pp_poll_fn: Woke up Socket fd
12-29 12:09:24.126 E/mm-camera(  308): mctl_pp_recvmsg: Receieved msg_type=1
12-29 12:09:24.126 E/mm-camera(  308): mctl_pp_poll_fn: Woke up Socket fd
12-29 12:09:24.126 E/mm-camera(  308): mctl_pp_recvmsg: Receieved msg_type=1
12-29 12:09:24.126 E/mm-camera(  308): mctl_pp_poll_fn: Woke up Socket fd
12-29 12:09:24.126 E/mm-camera(  308): mctl_pp_recvmsg: Receieved msg_type=1
12-29 12:09:24.126 E/QCameraHWI_Preview(  235): virtual void android::QCameraStream_preview::stop(): X
12-29 12:09:24.136 I/QCameraHWI(  235): stopPreviewInternal: X
12-29 12:09:24.136 E/QCameraHWI_Parm(  235): bool android::QCameraHardwareInterface::native_set_parms(mm_camera_parm_type_t, uint16_t, void*) : type : 72 Value : 0
12-29 12:09:24.136 E/mm-camera(  308): config_proc_CAMERA_SET_RECORDING_HINT Current usecase : Camera 
12-29 12:09:24.136 I/QCameraHWI_Parm(  235): android::status_t android::QCameraHardwareInterface::setDISMode() DIS is Disabled value = 0
12-29 12:09:24.136 E/QCameraHWI_Parm(  235): bool android::QCameraHardwareInterface::native_set_parms(mm_camera_parm_type_t, uint16_t, void*) : type : 75 Value : 0
12-29 12:09:24.136 E/mm-camera(  308): config_proc_CAMERA_SET_DIS_ENABLE: DIS Enabled? : No 
12-29 12:09:24.136 E/QCameraHWI_Parm(  235): native_set_parms failed: type 75 length 4 error Operation not permitted
12-29 12:09:24.136 I/QCameraHWI_Parm(  235): android::status_t android::QCameraHardwareInterface::setFullLiveshot() Full size liveshot Disabled value = 0
12-29 12:09:24.136 E/QCameraHWI_Parm(  235): bool android::QCameraHardwareInterface::native_set_parms(mm_camera_parm_type_t, uint16_t, void*) : type : 74 Value : 0
12-29 12:09:24.136 E/mm-camera(  308): config_proc_CAMERA_SET_FULL_LIVESHOT rc = 1, status = 1, Full Liveshot enabled? : No 
12-29 12:09:24.136 I/QCameraHWI(  235): stopPreview: X, mPreviewState = 0
12-29 12:09:24.136 I/QCameraHWI(  235): processPreviewChannelEvent: E
12-29 12:09:24.136 I/QCameraHWI(  235): processPreviewChannelEvent: X
12-29 12:09:24.136 I/QCameraHWI(  235): processChannelEvent: X
12-29 12:09:24.136 E/QCameraHWI(  235):  App_cb Notify 0x0, datacb=0x0
12-29 12:09:24.136 I/QCameraHWI(  235): processEvent: X
12-29 12:09:24.136 V/Camera  (24312): setPreviewCallbackFlags
12-29 12:09:24.136 E/QualcommCamera(  235): Qvoid android::disable_msg_type(camera_device*, int32_t): E
12-29 12:09:24.136 I/QCameraHWI(  235): disableMsgType: E
12-29 12:09:24.136 I/QCameraHWI(  235): disableMsgType: X, msgType =0x10, mMsgEnabled=0xd
12-29 12:09:24.136 V/Camera  (24312): disconnect
12-29 12:09:24.136 E/QualcommCamera(  235): Qvoid android::disable_msg_type(camera_device*, int32_t): E
12-29 12:09:24.136 I/QCameraHWI(  235): disableMsgType: E
12-29 12:09:24.136 I/QCameraHWI(  235): disableMsgType: X, msgType =0xffff, mMsgEnabled=0x0
12-29 12:09:24.136 E/QualcommCamera(  235): Qvoid android::stop_preview(camera_device*): E
12-29 12:09:24.136 I/QCameraHWI(  235): void android::QCameraHardwareInterface::stopPreview(): stopPreview: E
12-29 12:09:24.136 E/QCameraHWI_Parm(  235): bool android::QCameraHardwareInterface::native_set_parms(mm_camera_parm_type_t, uint16_t, void*) : type : 72 Value : 0
12-29 12:09:24.136 E/mm-camera(  308): config_proc_CAMERA_SET_RECORDING_HINT Current usecase : Camera 
12-29 12:09:24.136 I/QCameraHWI_Parm(  235): android::status_t android::QCameraHardwareInterface::setDISMode() DIS is Disabled value = 0
12-29 12:09:24.136 E/QCameraHWI_Parm(  235): bool android::QCameraHardwareInterface::native_set_parms(mm_camera_parm_type_t, uint16_t, void*) : type : 75 Value : 0
12-29 12:09:24.136 E/mm-camera(  308): config_proc_CAMERA_SET_DIS_ENABLE: DIS Enabled? : No 
12-29 12:09:24.136 E/QCameraHWI_Parm(  235): native_set_parms failed: type 75 length 4 error Operation not permitted
12-29 12:09:24.136 I/QCameraHWI_Parm(  235): android::status_t android::QCameraHardwareInterface::setFullLiveshot() Full size liveshot Disabled value = 0
12-29 12:09:24.136 E/QCameraHWI_Parm(  235): bool android::QCameraHardwareInterface::native_set_parms(mm_camera_parm_type_t, uint16_t, void*) : type : 74 Value : 0
12-29 12:09:24.136 E/mm-camera(  308): config_proc_CAMERA_SET_FULL_LIVESHOT rc = 1, status = 1, Full Liveshot enabled? : No 
12-29 12:09:24.136 I/QCameraHWI(  235): stopPreview: X, mPreviewState = 0
12-29 12:09:24.136 E/QualcommCamera(  235): Qint android::cancel_picture(camera_device*): E
12-29 12:09:24.136 I/QCameraHWI(  235): cancelPicture: E
12-29 12:09:24.136 I/QCameraHWI(  235): cancelPicture: X
12-29 12:09:24.136 E/QualcommCamera(  235): Qvoid android::release(camera_device*): E
12-29 12:09:24.136 I/QCameraHWI(  235): release: E
12-29 12:09:24.136 E/QCameraHWI_Preview(  235):  setPreviewWindow: E 
12-29 12:09:24.136 W/QCameraHWI_Preview(  235):  Setting NULL preview window 
12-29 12:09:24.136 I/QCameraHWI(  235): release: X
12-29 12:09:24.136 E/QCameraHWI(  235):  setPreviewWindow: E mPreviewState = 0, mStreamDisplay = 0x17d1f10
12-29 12:09:24.136 E/QCameraHWI(  235): android::status_t android::QCameraHardwareInterface::setPreviewWindow(preview_stream_ops_t*):Received Setting NULL preview window
12-29 12:09:24.136 E/QCameraHWI(  235): android::status_t android::QCameraHardwareInterface::setPreviewWindow(preview_stream_ops_t*): mPreviewWindow = 0x0x0, mStreamDisplay = 0x0x17d1f10
12-29 12:09:24.136 E/QCameraHWI_Preview(  235):  setPreviewWindow: E 
12-29 12:09:24.136 W/QCameraHWI_Preview(  235):  Setting NULL preview window 
12-29 12:09:24.136 E/QCameraHWI(  235):  setPreviewWindow : X, mPreviewState = 0
12-29 12:09:24.136 E/QCameraHWI(  235):  setPreviewWindow: E mPreviewState = 0, mStreamDisplay = 0x17d1f10
12-29 12:09:24.136 E/QCameraHWI(  235): android::status_t android::QCameraHardwareInterface::setPreviewWindow(preview_stream_ops_t*):Received Setting NULL preview window
12-29 12:09:24.136 E/QCameraHWI(  235): android::status_t android::QCameraHardwareInterface::setPreviewWindow(preview_stream_ops_t*): mPreviewWindow = 0x0x0, mStreamDisplay = 0x0x17d1f10
12-29 12:09:24.136 E/QCameraHWI_Preview(  235):  setPreviewWindow: E 
12-29 12:09:24.136 W/QCameraHWI_Preview(  235):  Setting NULL preview window 
12-29 12:09:24.136 E/QCameraHWI(  235):  setPreviewWindow : X, mPreviewState = 0
12-29 12:09:24.136 D/memalloc(  235): ion: Unmapping buffer  base:0x423d9000 size:462848
12-29 12:09:24.136 D/memalloc(  235): ion: Unmapping buffer  base:0x42fd8000 size:462848
12-29 12:09:24.136 D/memalloc(  235): ion: Unmapping buffer  base:0x437f9000 size:462848
12-29 12:09:24.136 D/memalloc(  235): ion: Unmapping buffer  base:0x439aa000 size:462848
12-29 12:09:24.136 D/memalloc(  235): ion: Unmapping buffer  base:0x43bd0000 size:462848
12-29 12:09:24.136 D/memalloc(  235): ion: Unmapping buffer  base:0x43d8b000 size:462848
12-29 12:09:24.136 D/memalloc(  235): ion: Unmapping buffer  base:0x4406d000 size:462848
12-29 12:09:24.136 D/memalloc(  232): ion: Freeing buffer base:0x425f0000 size:462848 fd:66
12-29 12:09:24.136 D/memalloc(  232): ion: Unmapping buffer  base:0x425f0000 size:462848
12-29 12:09:24.136 D/memalloc(  232): ion: Freeing buffer base:0x43076000 size:462848 fd:72
12-29 12:09:24.136 D/memalloc(  232): ion: Unmapping buffer  base:0x43076000 size:462848
12-29 12:09:24.136 D/memalloc(  232): ion: Freeing buffer base:0x43751000 size:462848 fd:81
12-29 12:09:24.136 D/memalloc(  232): ion: Unmapping buffer  base:0x43751000 size:462848
12-29 12:09:24.136 D/memalloc(  232): ion: Freeing buffer base:0x437db000 size:462848 fd:84
12-29 12:09:24.136 D/memalloc(  232): ion: Unmapping buffer  base:0x437db000 size:462848
12-29 12:09:24.136 D/memalloc(  232): ion: Freeing buffer base:0x439a5000 size:462848 fd:90
12-29 12:09:24.136 D/memalloc(  232): ion: Unmapping buffer  base:0x439a5000 size:462848
12-29 12:09:24.136 D/memalloc(  232): ion: Freeing buffer base:0x43a25000 size:462848 fd:93
12-29 12:09:24.136 D/memalloc(  232): ion: Unmapping buffer  base:0x43a25000 size:462848
12-29 12:09:24.136 E/QualcommCamera(  235): Qint android::close_camera_device(hw_device_t*): device =0x1770378 E
12-29 12:09:24.136 I/QCameraHWI(  235): ~QCameraHardwareInterface: E
12-29 12:09:24.136 I/Sensors (  345): sns_pwr.c(383):sns_pwr_set_cpu_latency: hz 5
12-29 12:09:24.136 I/Sensors (  345): sns_pwr.c(245):acquiring wakelock
12-29 12:09:24.136 E/mm-camera(  308): config_shutdown_pp Camera not in streaming mode. Returning. 
12-29 12:09:24.226 E/QCameraHWI_Preview(  235): virtual void android::QCameraStream_preview::release() : BEGIN
12-29 12:09:24.226 V/hardware/qcom/camera/QCameraStream.cpp(  235): virtual android::status_t android::QCameraStream::deinitChannel(int, mm_camera_channel_type_t): E, channel = 0
12-29 12:09:24.226 V/hardware/qcom/camera/QCameraStream.cpp(  235): virtual android::status_t android::QCameraStream::deinitChannel(int, mm_camera_channel_type_t): X, channel = 0
12-29 12:09:24.226 E/QCameraHWI_Preview(  235): Debug : virtual void android::QCameraStream_preview::release() : De init Channel
12-29 12:09:24.226 E/QCameraHWI_Preview(  235): virtual void android::QCameraStream_preview::release(): END
12-29 12:09:24.226 V/hardware/qcom/camera/QCameraStream.cpp(  235): virtual android::status_t android::QCameraStream::deinitChannel(int, mm_camera_channel_type_t): E, channel = 1
12-29 12:09:24.226 V/hardware/qcom/camera/QCameraStream.cpp(  235): virtual android::status_t android::QCameraStream::deinitChannel(int, mm_camera_channel_type_t): X, channel = 1
12-29 12:09:24.226 V/QCameraHWI_Still(  235): virtual void android::QCameraStream_Snapshot::release(): E
12-29 12:09:24.226 V/QCameraHWI_Still(  235): virtual void android::QCameraStream_Snapshot::release(): X
12-29 12:09:24.226 V/QCameraHWI_Still(  235): virtual android::QCameraStream_Snapshot::~QCameraStream_Snapshot(): E
12-29 12:09:24.226 V/QCameraHWI_Still(  235): virtual android::QCameraStream_Snapshot::~QCameraStream_Snapshot(): X
12-29 12:09:24.226 I/QCameraHWI(  235): ~QCameraHardwareInterface: X
12-29 12:09:24.226 I/WindowManager(  518): SCREENLAYOUT_SIZE (1:small, 2:normal, 3:large, 4:xlarge) 2
12-29 12:09:24.236 W/AudioFlinger(  235): session id 11624 not found for pid 235
12-29 12:09:24.236 W/AudioFlinger(  235): session id 11625 not found for pid 235
12-29 12:09:24.246 I/com.google.android.testing.nativedriver.server.ActivitiesReporter(24312): Activity resuming of type: jp.saka.camera.CameraActivity
12-29 12:09:24.256 V/PhoneStatusBar(  705): setLightsOn(true)
12-29 12:09:24.256 E/msm8960.hwcomposer(  232): Avoid call perform==NULL: EVENT_RESET_POSTBUFFER
12-29 12:09:24.256 E/msm8960.hwcomposer(  232): Avoid call perform==NULL EVENT_WAIT_POSTBUFFER
12-29 12:09:24.266 I/roidNativeDriverServlet(24312): Done: /session/1356749712531/back
12-29 12:09:24.286 E/msm8960.hwcomposer(  232): Avoid call perform==NULL: EVENT_RESET_POSTBUFFER
12-29 12:09:24.286 E/msm8960.hwcomposer(  232): Avoid call perform==NULL EVENT_WAIT_POSTBUFFER
12-29 12:09:24.286 D/memalloc(  232): ion: Allocated buffer base:0x434bd000 size:2703360 fd:60
12-29 12:09:24.286 D/memalloc(24312): ion: Mapped buffer base:0x5d7cc000 size:2703360 offset:0 fd:85
12-29 12:09:24.296 I/roidNativeDriverServlet(24312): Executing: [get: and-activity://jp.saka.camera.CameraPreviewActivity] at URL: /session/1356749712531/url)
12-29 12:09:24.296 I/ActivityManager(  518): START {act=android.intent.action.MAIN cat=[android.intent.category.LAUNCHER] flg=0x10000000 cmp=jp.saka.camera/.CameraPreviewActivity} from pid 24312
12-29 12:09:24.326 I/Adreno200-EGLSUB(  232): <CreateImage:1017>: Android Image
12-29 12:09:24.326 I/Adreno200-EGLSUB(  232): <GetImageAttributes:1282>: RGBX_8888
12-29 12:09:24.336 I/WindowManager(  518): SCREENLAYOUT_SIZE (1:small, 2:normal, 3:large, 4:xlarge) 2
12-29 12:09:24.346 D/sakalog (24312): onCreate
12-29 12:09:24.356 E/msm8960.hwcomposer(  232): Avoid call perform==NULL: EVENT_RESET_POSTBUFFER
12-29 12:09:24.356 E/msm8960.hwcomposer(  232): Avoid call perform==NULL EVENT_WAIT_POSTBUFFER
12-29 12:09:24.356 D/sakalog (24312): onStart
12-29 12:09:24.356 D/sakalog (24312): onResume
12-29 12:09:24.356 V/Camera  (24312): connect
12-29 12:09:24.356 E/QualcommCamera(  235): Qint android::get_camera_info(int, camera_info*): E
12-29 12:09:24.356 E/QCameraHAL(  235): void android::HAL_getCameraInfo(int, android::CameraInfo*): id =1 E
12-29 12:09:24.356 E/QCameraHAL(  235): Caminfo facing =1, orit =270
12-29 12:09:24.356 I/QCameraHWI(  235): QCameraHardwareInterface: E
12-29 12:09:24.356 I/QCameraHWI(  235): Init mPreviewState = 0
12-29 12:09:24.386 E/mm-camera(  308): sensor_load_chromatix: libchromatix_imx119_preview.so: 30
12-29 12:09:24.386 E/mm-camera(  308): sensor_load_chromatix:214: dlclose(libchromatix_handle) refcount 0
12-29 12:09:24.456 E/mm-camera(  308): mctl_init_stats_proc_info: snap_max_line_cnt =25776
12-29 12:09:24.456 E/mm-camera(  308): zoom_init: maximum_value=60
12-29 12:09:24.466 E/mm-camera(  235): mm_camera_open:  ctrl_fd = 18
12-29 12:09:24.466 E/mm-camera(  235): Errno:1
12-29 12:09:24.466 E/mm-camera(  235): mm_camera_open:  opened, break out while loop
12-29 12:09:24.466 E/mm-camera(  235): mm_camera_open:  after while loop
12-29 12:09:24.466 E/mm-camera(  235): mm_camera_open:  2
12-29 12:09:24.466 E/mm-camera(  235): mm_camera_open:  ds_fd = 34
12-29 12:09:24.466 E/mm-camera(  235): Errno:1
12-29 12:09:24.466 E/mm-camera(  235): mm_camera_open:  opened, break out while loop
12-29 12:09:24.466 E/mm-camera(  235): mm_camera_open:  after while loop for domain socket open
12-29 12:09:24.466 E/mm-camera(  308): config_proc_CAMERA_GET_CAPABILITIES: yuv_output = 0, af_enable = 0
12-29 12:09:24.466 E/mm-camera(  235): mm_camera_poll_thread_launch: ch_type = 0, poll_type = 1, read fd = 35, write fd = 36
12-29 12:09:24.466 E/mm-camera(  235): mm_camera_poll_thread_launch: ch_type = 1, poll_type = 1, read fd = 37, write fd = 38
12-29 12:09:24.466 I/Sensors (  345): sns_pwr.c(383):sns_pwr_set_cpu_latency: hz 30
12-29 12:09:24.466 I/Sensors (  345): sns_pwr.c(245):acquiring wakelock
12-29 12:09:24.466 E/mm-camera(  235): mm_camera_poll_thread_launch: ch_type = 2, poll_type = 1, read fd = 39, write fd = 40
12-29 12:09:24.466 E/mm-camera(  235): mm_camera_poll_thread_launch: ch_type = 3, poll_type = 1, read fd = 41, write fd = 42
12-29 12:09:24.466 E/mm-camera(  235): mm_camera_poll_thread_launch: ch_type = 4, poll_type = 0, read fd = 43, write fd = 44
12-29 12:09:24.466 E/QCameraHWI_Parm(  235): android::status_t android::QCameraHardwareInterface::setVideoSizeTable(): E
12-29 12:09:24.466 E/QCameraHWI_Parm(  235): android::status_t android::QCameraHardwareInterface::setVideoSizeTable(): X
12-29 12:09:24.466 I/QCameraHWI(  235): setMyMode: E
12-29 12:09:24.466 I/QCameraHWI(  235): setMyMode: Set mode to 5 (passed mode: 0)
12-29 12:09:24.466 I/QCameraHWI(  235): setMyMode: X
12-29 12:09:24.466 I/QCameraHWI_Parm(  235): void android::QCameraHardwareInterface::initDefaultParameters(): E
12-29 12:09:24.466 E/QCameraHWI_Parm(  235): bool android::QCameraHardwareInterface::native_set_parms(mm_camera_parm_type_t, uint16_t, void*) : type : 3 Value : 47187200
12-29 12:09:24.466 E/QCameraHWI_Parm(  235): AutoFocus is not supported
12-29 12:09:24.476 E/QCameraHWI_Parm(  235): Max Zoom:60
12-29 12:09:24.476 E/QCameraHWI_Parm(  235): Zoom supported:1
12-29 12:09:24.476 E/QCameraHWI_Parm(  235): max zoom is 59
12-29 12:09:24.476 E/QCameraHWI_Parm(  235): ne0: aec lock not supported
12-29 12:09:24.476 I/QCameraHWI_Parm(  235): int android::QCameraHardwareInterface::getZSLQueueDepth() const: prop = 2
12-29 12:09:24.476 I/QCameraHWI_Parm(  235): int android::QCameraHardwareInterface::getZSLQueueDepth() const: prop = 2
12-29 12:09:24.476 I/QCameraHWI_Parm(  235): android::status_t android::QCameraHardwareInterface::setParameters(const android::CameraParameters&): E
12-29 12:09:24.476 I/QCameraHWI_Parm(  235): ZSL is enabled  0
12-29 12:09:24.476 E/QCameraHWI_Parm(  235): Enable Normal Power Mode
12-29 12:09:24.476 I/QCameraHWI_Parm(  235): android::status_t android::QCameraHardwareInterface::setPowerMode(const android::CameraParameters&) Low power mode Disabled value = 0
12-29 12:09:24.476 E/QCameraHWI_Parm(  235): bool android::QCameraHardwareInterface::native_set_parms(mm_camera_parm_type_t, uint16_t, void*) : type : 81 Value : 0
12-29 12:09:24.486 E/mm-camera(  308): config_proc_CAMERA_SET_LOW_POWER_MODE Low power mode enabled? : No 
12-29 12:09:24.486 E/QCameraHWI_Parm(  235): ################requested preview size 640 x 480
12-29 12:09:24.486 E/QCameraHWI_Parm(  235): setPreviewSize:  width: 640   heigh: 480
12-29 12:09:24.486 E/QCameraHWI_Parm(  235): android::status_t android::QCameraHardwareInterface::setVideoSize(const android::CameraParameters&): E
12-29 12:09:24.486 I/QCameraHWI_Parm(  235): android::status_t android::QCameraHardwareInterface::setVideoSize(const android::CameraParameters&): requested record size 1280x720
12-29 12:09:24.486 E/QCameraHWI_Parm(  235): android::status_t android::QCameraHardwareInterface::setVideoSize(const android::CameraParameters&): preview dimensions: 640x480
12-29 12:09:24.486 E/QCameraHWI_Parm(  235): android::status_t android::QCameraHardwareInterface::setVideoSize(const android::CameraParameters&): video dimensions: 1280x720
12-29 12:09:24.486 E/QCameraHWI_Parm(  235): android::status_t android::QCameraHardwareInterface::setVideoSize(const android::CameraParameters&): E
12-29 12:09:24.486 E/QCameraHWI_Parm(  235): QualcommCameraHardware::setPictureSize E
12-29 12:09:24.486 E/QCameraHWI_Parm(  235): requested picture size 640 x 480
12-29 12:09:24.486 E/QCameraHWI_Parm(  235): requested jpeg thumbnail size 512 x 384
12-29 12:09:24.486 E/QCameraHWI_Parm(  235): setJpegQuality E
12-29 12:09:24.486 E/QCameraHWI_Parm(  235): setJpegQuality X
12-29 12:09:24.486 E/QCameraHWI_Parm(  235): android::status_t android::QCameraHardwareInterface::setEffect(const android::CameraParameters&)
12-29 12:09:24.486 E/QCameraHWI_Parm(  235): Setting effect none
12-29 12:09:24.486 E/QCameraHWI_Parm(  235): Setting effect to lower HAL : 0
12-29 12:09:24.496 E/QCameraHWI_Parm(  235): native_set_parms: succeeded : 0
12-29 12:09:24.496 E/QCameraHWI_Parm(  235): android::status_t android::QCameraHardwareInterface::setSceneMode(const android::CameraParameters&)
12-29 12:09:24.496 E/QCameraHWI_Parm(  235): Scene Mode string : auto
12-29 12:09:24.496 E/QCameraHWI_Parm(  235): Setting Scenemode value = 0
12-29 12:09:24.496 E/QCameraHWI_Parm(  235): bool android::QCameraHardwareInterface::native_set_parms(mm_camera_parm_type_t, uint16_t, void*) : type : 25 Value : 0
12-29 12:09:24.496 E/QCameraHWI_Parm(  235): android::status_t android::QCameraHardwareInterface::setWhiteBalance(const android::CameraParameters&)
12-29 12:09:24.496 E/mm-camera(  308): config_proc_CAMERA_SET_PARM_WB: WB 1
12-29 12:09:24.496 E/mm-camera(  308): config_proc_set_wb: WB 1 0.000000 0.000000 0.000000
12-29 12:09:24.496 E/QCameraHWI_Parm(  235): native_set_parms: succeeded : 0
12-29 12:09:24.496 E/QCameraHWI_Parm(  235): setGpsLocation X
12-29 12:09:24.496 E/QCameraHWI_Parm(  235): setRotation
12-29 12:09:24.496 E/QCameraHWI_Parm(  235): android::status_t android::QCameraHardwareInterface::setZoom(const android::CameraParameters&): E
12-29 12:09:24.496 E/QCameraHWI_Parm(  235): bool android::QCameraHardwareInterface::native_set_parms(mm_camera_parm_type_t, uint16_t, void*) : type : 26 Value : 0
12-29 12:09:24.496 E/QCameraHWI_Parm(  235): android::status_t android::QCameraHardwareInterface::setZoom(const android::CameraParameters&) X
12-29 12:09:24.496 E/QCameraHWI_Parm(  235): bool android::QCameraHardwareInterface::native_set_parms(mm_camera_parm_type_t, uint16_t, void*) : type : 16 Value : 5889
12-29 12:09:24.496 E/QCameraHWI_Parm(  235): android::status_t android::QCameraHardwareInterface::setMCEValue(const android::CameraParameters&)
12-29 12:09:24.496 I/QCameraHWI_Parm(  235): setMCEValue: setting MCE value of enable
12-29 12:09:24.496 E/QCameraHWI_Parm(  235): bool android::QCameraHardwareInterface::native_set_parms(mm_camera_parm_type_t, uint16_t, void*) : type : 46 Value : 1
12-29 12:09:24.496 E/QCameraHWI_Parm(  235): android::status_t android::QCameraHardwareInterface::setSharpness(const android::CameraParameters&)
12-29 12:09:24.496 E/QCameraHWI_Parm(  235): bool android::QCameraHardwareInterface::native_set_parms(mm_camera_parm_type_t, uint16_t, void*) : type : 9 Value : 10
12-29 12:09:24.496 E/QCameraHWI_Parm(  235): android::status_t android::QCameraHardwareInterface::setSaturation(const android::CameraParameters&)
12-29 12:09:24.496 E/QCameraHWI_Parm(  235): android::status_t android::QCameraHardwareInterface::setSaturation(const android::CameraParameters&):MM_CAMERA_PARM_SATURATION not supported
12-29 12:09:24.496 E/QCameraHWI_Parm(  235): android::status_t android::QCameraHardwareInterface::setContrast(const android::CameraParameters&) E
12-29 12:09:24.496 E/QCameraHWI_Parm(  235): Contrast : auto
12-29 12:09:24.496 E/QCameraHWI_Parm(  235): Calling Contrast set on Lower layer
12-29 12:09:24.496 E/QCameraHWI_Parm(  235): bool android::QCameraHardwareInterface::native_set_parms(mm_camera_parm_type_t, uint16_t, void*) : type : 10 Value : 5
12-29 12:09:24.496 E/QCameraHWI_Parm(  235): Lower layer returned 1
12-29 12:09:24.496 E/QCameraHWI_Parm(  235): setFaceDetect: off
12-29 12:09:24.496 E/QCameraHWI_Parm(  235): android::status_t android::QCameraHardwareInterface::setFaceDetect(const android::CameraParameters&) Face detection value = 0
12-29 12:09:24.496 E/QCameraHWI_Parm(  235): bool android::QCameraHardwareInterface::native_set_parms(mm_camera_parm_type_t, uint16_t, void*) : type : 30 Value : 0
12-29 12:09:24.496 E/QCameraHWI_Parm(  235): bool android::QCameraHardwareInterface::native_set_parms(mm_camera_parm_type_t, uint16_t, void*) : type : 54 Value : 1
12-29 12:09:24.496 I/QCameraHWI_Parm(  235): Setting preview format to 1, i =0, num=4, hal_format=17
12-29 12:09:24.496 E/QCameraHWI_Parm(  235): android::status_t android::QCameraHardwareInterface::setSkinToneEnhancement(const android::CameraParameters&)
12-29 12:09:24.496 E/QCameraHWI_Parm(  235): android::status_t android::QCameraHardwareInterface::setWaveletDenoise(const android::CameraParameters&)
12-29 12:09:24.496 E/QCameraHWI_Parm(  235): android::status_t android::QCameraHardwareInterface::setAntibanding(const android::CameraParameters&)
12-29 12:09:24.496 E/QCameraHWI_Parm(  235): Antibanding Value : 3
12-29 12:09:24.496 E/mm-camera(  308): config_proc_CAMERA_ENABLE_AFD: X status 1 rc 1
12-29 12:09:24.496 E/QCameraHWI_Parm(  235): native_set_parms: succeeded : 0
12-29 12:09:24.506 I/QCameraHWI_Parm(  235): setRedeyeReduction: setting Redeye Reduction value of disable
12-29 12:09:24.506 E/QCameraHWI_Parm(  235): bool android::QCameraHardwareInterface::native_set_parms(mm_camera_parm_type_t, uint16_t, void*) : type : 50 Value : 0
12-29 12:09:24.506 I/QCameraHWI_Parm(  235): int android::QCameraHardwareInterface::getNumOfSnapshots(const android::CameraParameters&): prop enable/disable = 0
12-29 12:09:24.506 I/QCameraHWI_Parm(  235): number of snapshots = 1
12-29 12:09:24.506 E/QCameraHWI_Parm(  235): bool android::QCameraHardwareInterface::native_set_parms(mm_camera_parm_type_t, uint16_t, void*) : type : 63 Value : 1
12-29 12:09:24.506 E/QCameraHWI_Parm(  235): bool android::QCameraHardwareInterface::native_set_parms(mm_camera_parm_type_t, uint16_t, void*) : type : 67 Value : 0
12-29 12:09:24.506 E/QCameraHWI_Parm(  235): android::status_t android::QCameraHardwareInterface::setPreviewFpsRange(const android::CameraParameters&): Existing FpsRange Values:(5000, 30000)
12-29 12:09:24.506 E/QCameraHWI_Parm(  235): android::status_t android::QCameraHardwareInterface::setPreviewFpsRange(const android::CameraParameters&): Requested FpsRange Values:(5000, 30000)
12-29 12:09:24.506 E/QCameraHWI_Parm(  235): FPS: i=0 : minFps = 5000, maxFps = 30000 
12-29 12:09:24.506 E/QCameraHWI_Parm(  235): android::status_t android::QCameraHardwareInterface::setPreviewFpsRange(const android::CameraParameters&) FPS_MODE = frame-rate-auto
12-29 12:09:24.506 E/QCameraHWI_Parm(  235): bool android::QCameraHardwareInterface::native_set_parms(mm_camera_parm_type_t, uint16_t, void*) : type : 5 Value : 0
12-29 12:09:24.506 E/mm-camera(  308): config_proc_CAMERA_SET_FPS_MODE: sensor mode =9
12-29 12:09:24.506 E/QCameraHWI_Parm(  235): bool android::QCameraHardwareInterface::native_set_parms(mm_camera_parm_type_t, uint16_t, void*) : type : 4 Value : 327710
12-29 12:09:24.506 I/QCameraHWI_Parm(  235): android::status_t android::QCameraHardwareInterface::setDISMode() DIS is Disabled value = 0
12-29 12:09:24.506 E/QCameraHWI_Parm(  235): bool android::QCameraHardwareInterface::native_set_parms(mm_camera_parm_type_t, uint16_t, void*) : type : 75 Value : 0
12-29 12:09:24.506 E/mm-camera(  308): config_proc_CAMERA_SET_DIS_ENABLE: DIS Enabled? : No 
12-29 12:09:24.506 E/QCameraHWI_Parm(  235): native_set_parms failed: type 75 length 4 error Operation not permitted
12-29 12:09:24.506 I/QCameraHWI_Parm(  235): android::status_t android::QCameraHardwareInterface::setFullLiveshot() Full size liveshot Disabled value = 0
12-29 12:09:24.506 E/QCameraHWI_Parm(  235): bool android::QCameraHardwareInterface::native_set_parms(mm_camera_parm_type_t, uint16_t, void*) : type : 74 Value : 0
12-29 12:09:24.506 E/mm-camera(  308): config_proc_CAMERA_SET_FULL_LIVESHOT rc = 1, status = 1, Full Liveshot enabled? : No 
12-29 12:09:24.506 E/QCameraHWI_Parm(  235): bool android::QCameraHardwareInterface::native_set_parms(mm_camera_parm_type_t, uint16_t, void*) : type : 76 Value : 0
12-29 12:09:24.506 E/QCameraHWI_Parm(  235): bool android::QCameraHardwareInterface::native_set_parms(mm_camera_parm_type_t, uint16_t, void*) : type : 77 Value : 0
12-29 12:09:24.506 E/QCameraHWI_Parm(  235): android::status_t android::QCameraHardwareInterface::setPreviewFrameRate(const android::CameraParameters&): E
12-29 12:09:24.506 E/QCameraHWI_Parm(  235): android::status_t android::QCameraHardwareInterface::setPreviewFrameRate(const android::CameraParameters&): X
12-29 12:09:24.506 E/QCameraHWI_Parm(  235): android::status_t android::QCameraHardwareInterface::setAutoExposure(const android::CameraParameters&)
12-29 12:09:24.506 E/QCameraHWI_Parm(  235): bool android::QCameraHardwareInterface::native_set_parms(mm_camera_parm_type_t, uint16_t, void*) : type : 8 Value : 1
12-29 12:09:24.506 E/QCameraHWI_Parm(  235): android::status_t android::QCameraHardwareInterface::setExposureCompensation(const android::CameraParameters&)
12-29 12:09:24.506 E/QCameraHWI_Parm(  235): bool android::QCameraHardwareInterface::native_set_parms(mm_camera_parm_type_t, uint16_t, void*) : type : 7 Value : 3
12-29 12:09:24.506 I/QCameraHWI_Parm(  235): android::status_t android::QCameraHardwareInterface::setFlash(const android::CameraParameters&): E
12-29 12:09:24.506 E/QCameraHWI_Parm(  235): android::status_t android::QCameraHardwareInterface::setFlash(const android::CameraParameters&):LED FLASH not supported
12-29 12:09:24.506 E/QCameraHWI_Parm(  235): updateFocusDistances: setting KEY_FOCUS_DISTANCES as 0.200000,0.500000,Infinity
12-29 12:09:24.506 E/QCameraHWI_Parm(  235): android::status_t android::QCameraHardwareInterface::setBrightness(const android::CameraParameters&)
12-29 12:09:24.506 E/QCameraHWI_Parm(  235): bool android::QCameraHardwareInterface::native_set_parms(mm_camera_parm_type_t, uint16_t, void*) : type : 12 Value : 3
12-29 12:09:24.506 E/QCameraHWI_Parm(  235): android::status_t android::QCameraHardwareInterface::setISOValue(const android::CameraParameters&)
12-29 12:09:24.506 E/QCameraHWI_Parm(  235): ISO string : auto
12-29 12:09:24.506 E/QCameraHWI_Parm(  235): ISO Value : 0
12-29 12:09:24.506 E/QCameraHWI_Parm(  235): bool android::QCameraHardwareInterface::native_set_parms(mm_camera_parm_type_t, uint16_t, void*) : type : 22 Value : 0
12-29 12:09:24.506 E/QCameraHWI_Parm(  235): android::status_t android::QCameraHardwareInterface::setFocusAreas(const android::CameraParameters&): E
12-29 12:09:24.506 E/QCameraHWI_Parm(  235): android::status_t android::QCameraHardwareInterface::setMeteringAreas(const android::CameraParameters&): E
12-29 12:09:24.506 E/QCameraHWI_Parm(  235): android::status_t android::QCameraHardwareInterface::setSelectableZoneAf(const android::CameraParameters&)
12-29 12:09:24.506 E/QCameraHWI_Parm(  235): bool android::QCameraHardwareInterface::native_set_parms(mm_camera_parm_type_t, uint16_t, void*) : type : 49 Value : 1
12-29 12:09:24.516 I/QCameraHWI_Parm(  235): android::status_t android::QCameraHardwareInterface::setZSLBurstLookBack(const android::CameraParameters&): look_back =0
12-29 12:09:24.516 I/QCameraHWI_Parm(  235): android::status_t android::QCameraHardwareInterface::setZSLBurstInterval(const android::CameraParameters&): Interval =1
12-29 12:09:24.516 I/QCameraHWI_Parm(  235): android::status_t android::QCameraHardwareInterface::setParameters(const android::CameraParameters&): X
12-29 12:09:24.516 I/QCameraHWI_Parm(  235): void android::QCameraHardwareInterface::initDefaultParameters(): X
12-29 12:09:24.516 E/QCameraHWI(  235): Mymode Preview = 5
12-29 12:09:24.516 E/QCameraHWI_Preview(  235): android::QCameraStream_preview::QCameraStream_preview(int, camera_mode_t): E
12-29 12:09:24.516 E/QCameraHWI_Preview(  235): android::QCameraStream_preview::QCameraStream_preview(int, camera_mode_t): X
12-29 12:09:24.516 V/hardware/qcom/camera/QCameraStream.cpp(  235): QCameraStream::initChannel : E
12-29 12:09:24.516 V/hardware/qcom/camera/QCameraStream.cpp(  235): virtual android::status_t android::QCameraStream::initChannel(int, uint32_t):ch_acquire MM_CAMERA_CH_PREVIEW, rc=0
12-29 12:09:24.516 V/hardware/qcom/camera/QCameraStream.cpp(  235): virtual android::status_t android::QCameraStream::initChannel(int, uint32_t): X, ret = 0
12-29 12:09:24.516 E/QCameraHWI_Preview(  235): Debug : virtual android::status_t android::QCameraStream_preview::init() : initChannel
12-29 12:09:24.516 E/mm-camera(  235): mm_camera_ch_util_reg_buf_cb: Trying to register
12-29 12:09:24.516 E/mm-camera(  235): mm_camera_ch_util_reg_buf_cb: Done register
12-29 12:09:24.516 E/QCameraHWI_Preview(  235): Debug : virtual android::status_t android::QCameraStream_preview::init() : cam_evt_register_buf_notify
12-29 12:09:24.516 E/QCameraHWI(  235): Mymode Record = 5
12-29 12:09:24.516 V/hardware/qcom/camera/QCameraStream.cpp(  235): QCameraStream::initChannel : E
12-29 12:09:24.516 V/hardware/qcom/camera/QCameraStream.cpp(  235): virtual android::status_t android::QCameraStream::initChannel(int, uint32_t):ch_acquire MM_CAMERA_CH_VIDEO, rc=0
12-29 12:09:24.516 V/hardware/qcom/camera/QCameraStream.cpp(  235): virtual android::status_t android::QCameraStream::initChannel(int, uint32_t): X, ret = 0
12-29 12:09:24.516 E/mm-camera(  235): mm_camera_ch_util_reg_buf_cb: Trying to register
12-29 12:09:24.516 E/mm-camera(  235): mm_camera_ch_util_reg_buf_cb: Done register
12-29 12:09:24.516 E/QCameraHWI(  235): Mymode Snap = 5
12-29 12:09:24.516 V/QCameraHWI_Still(  235): android::QCameraStream_Snapshot::QCameraStream_Snapshot(int, camera_mode_t): E
12-29 12:09:24.516 I/mm-still-omx(  235): OMX_GetHandle: E
12-29 12:09:24.516 I/mm-still-omx(  235): getLibName: cnt =0 componentName=OMX.qcom.image.jpeg.encoder, libName=libimage-jpeg-enc-omx-comp.so
12-29 12:09:24.516 I/mm-still-omx(  235): getLibName: libName=libimage-jpeg-enc-omx-comp.so
12-29 12:09:24.516 I/mm-still-omx(  235): OMX_GetHandle: dlopen for libimage-jpeg-enc-omx-comp.so is successful.
12-29 12:09:24.516 I/mm-still-omx(  235): here address is 0x417bc119 
12-29 12:09:24.516 I/mm-still-omx(  235): OMX_GetHandle: dlopen for libimage-jpeg-enc-omx-comp.so is successful.
12-29 12:09:24.516 V/QCameraHWI_Still(  235): android::QCameraStream_Snapshot::QCameraStream_Snapshot(int, camera_mode_t): X
12-29 12:09:24.516 V/QCameraHWI_Still(  235): virtual android::status_t android::QCameraStream_Snapshot::init(): E
12-29 12:09:24.516 V/QCameraHWI_Still(  235): virtual android::status_t android::QCameraStream_Snapshot::init(): X
12-29 12:09:24.516 I/QCameraHWI(  235): QCameraHardwareInterface: X
12-29 12:09:24.516 E/QCameraHWI(  235): isCameraReady mCameraState 1
12-29 12:09:24.516 E/QualcommCamera(  235): int android::camera_device_open(const hw_module_t*, const char*, hw_device_t**):  end rc 0
12-29 12:09:24.516 E/QualcommCamera(  235): Qvoid android::set_CallBacks(camera_device*, void (*)(int32_t, int32_t, int32_t, void*), void (*)(int32_t, const camera_memory_t*, unsigned int, camera_frame_metadata_t*, void*), void (*)(int64_t, int32_t, const camera_memory_t*, unsigned int, void*), camera_memory_t* (*)(int, size_t, unsigned int, void*), void*): E
12-29 12:09:24.516 E/QCameraHWI(  235): setCallbacks: E
12-29 12:09:24.516 I/QCameraHWI(  235): setCallbacks: X
12-29 12:09:24.516 I/QCameraHWI(  235): enableMsgType: E, msgType =0xd
12-29 12:09:24.516 I/QCameraHWI(  235): enableMsgType: X, msgType =0xd, mMsgEnabled=0xd
12-29 12:09:24.556 E/OMXCodec(  235): Attempting to allocate OMX node 'OMX.google.vorbis.decoder'
12-29 12:09:24.556 E/OMXCodec(  235): Successfully allocated OMX node 'OMX.google.vorbis.decoder'
12-29 12:09:24.566 E/OMXCodec(  235): Attempting to allocate OMX node 'OMX.google.vorbis.decoder'
12-29 12:09:24.566 E/OMXCodec(  235): Successfully allocated OMX node 'OMX.google.vorbis.decoder'
12-29 12:09:24.566 I/com.google.android.testing.nativedriver.server.ActivitiesReporter(24312): Activity resuming of type: jp.saka.camera.CameraPreviewActivity
12-29 12:09:24.576 V/PhoneStatusBar(  705): setLightsOn(true)
12-29 12:09:24.596 E/msm8960.hwcomposer(  232): Avoid call perform==NULL: EVENT_RESET_POSTBUFFER
12-29 12:09:24.596 E/msm8960.hwcomposer(  232): Avoid call perform==NULL EVENT_WAIT_POSTBUFFER
12-29 12:09:24.596 D/sakalog (24312): Camera preview surface created.
12-29 12:09:24.596 D/sakalog (24312): Camera preview surface changed. format=4 width=240 height=320
12-29 12:09:24.596 V/Camera  (24312): stopPreview
12-29 12:09:24.596 E/QualcommCamera(  235): Qvoid android::disable_msg_type(camera_device*, int32_t): E
12-29 12:09:24.596 I/QCameraHWI(  235): disableMsgType: E
12-29 12:09:24.596 I/QCameraHWI(  235): disableMsgType: X, msgType =0x400, mMsgEnabled=0xd
12-29 12:09:24.596 E/QualcommCamera(  235): Qvoid android::disable_msg_type(camera_device*, int32_t): E
12-29 12:09:24.596 I/QCameraHWI(  235): disableMsgType: E
12-29 12:09:24.596 I/QCameraHWI(  235): disableMsgType: X, msgType =0x10, mMsgEnabled=0xd
12-29 12:09:24.596 E/QualcommCamera(  235): Qvoid android::stop_preview(camera_device*): E
12-29 12:09:24.596 I/QCameraHWI(  235): void android::QCameraHardwareInterface::stopPreview(): stopPreview: E
12-29 12:09:24.596 E/QCameraHWI_Parm(  235): bool android::QCameraHardwareInterface::native_set_parms(mm_camera_parm_type_t, uint16_t, void*) : type : 72 Value : 0
12-29 12:09:24.596 E/mm-camera(  308): config_proc_CAMERA_SET_RECORDING_HINT Current usecase : Camera 
12-29 12:09:24.596 I/QCameraHWI_Parm(  235): android::status_t android::QCameraHardwareInterface::setDISMode() DIS is Disabled value = 0
12-29 12:09:24.596 E/QCameraHWI_Parm(  235): bool android::QCameraHardwareInterface::native_set_parms(mm_camera_parm_type_t, uint16_t, void*) : type : 75 Value : 0
12-29 12:09:24.596 E/mm-camera(  308): config_proc_CAMERA_SET_DIS_ENABLE: DIS Enabled? : No 
12-29 12:09:24.596 E/QCameraHWI_Parm(  235): native_set_parms failed: type 75 length 4 error Operation not permitted
12-29 12:09:24.596 I/QCameraHWI_Parm(  235): android::status_t android::QCameraHardwareInterface::setFullLiveshot() Full size liveshot Disabled value = 0
12-29 12:09:24.596 E/QCameraHWI_Parm(  235): bool android::QCameraHardwareInterface::native_set_parms(mm_camera_parm_type_t, uint16_t, void*) : type : 74 Value : 0
12-29 12:09:24.596 E/mm-camera(  308): config_proc_CAMERA_SET_FULL_LIVESHOT rc = 1, status = 1, Full Liveshot enabled? : No 
12-29 12:09:24.596 I/QCameraHWI(  235): stopPreview: X, mPreviewState = 0
12-29 12:09:24.596 V/Camera  (24312): setPreviewCallbackFlags
12-29 12:09:24.596 E/QualcommCamera(  235): Qvoid android::disable_msg_type(camera_device*, int32_t): E
12-29 12:09:24.596 I/QCameraHWI(  235): disableMsgType: E
12-29 12:09:24.596 I/QCameraHWI(  235): disableMsgType: X, msgType =0x10, mMsgEnabled=0xd
12-29 12:09:24.596 V/Camera  (24312): getParameters
12-29 12:09:24.596 E/QualcommCamera(  235): Qchar* android::get_parameters(camera_device*): E
12-29 12:09:24.596 E/QualcommCamera(  235): Qvoid android::put_parameters(camera_device*, char*): E
12-29 12:09:24.596 E/QualcommCamera(  235): Qint android::get_camera_info(int, camera_info*): E
